[W623 19:38:07.741371291 CUDAAllocatorConfig.h:28] Warning: expandable_segments not supported on this platform (function operator())
[W623 19:38:07.842377766 CUDAAllocatorConfig.h:28] Warning: expandable_segments not supported on this platform (function operator())
[W623 19:38:07.877147897 CUDAAllocatorConfig.h:28] Warning: expandable_segments not supported on this platform (function operator())
[W623 19:38:07.963809885 CUDAAllocatorConfig.h:28] Warning: expandable_segments not supported on this platform (function operator())
[W623 19:38:07.131529631 CUDAAllocatorConfig.h:28] Warning: expandable_segments not supported on this platform (function operator())
[W623 19:38:07.177831497 CUDAAllocatorConfig.h:28] Warning: expandable_segments not supported on this platform (function operator())
[W623 19:38:07.251409101 CUDAAllocatorConfig.h:28] Warning: expandable_segments not supported on this platform (function operator())
[W623 19:38:07.261512114 CUDAAllocatorConfig.h:28] Warning: expandable_segments not supported on this platform (function operator())
    step    0/10000  val_loss 10.8258
    step  250/10000  val_loss 4.6807
    step  500/10000  val_loss 4.0778
    step  750/10000  val_loss 3.9024
    step 1000/10000  val_loss 3.8043
    step 1250/10000  val_loss 3.7350
    step 1500/10000  val_loss 3.6881
    step 1750/10000  val_loss 3.6501
    step 2000/10000  val_loss 3.6150
    step 2250/10000  val_loss 3.5946
    step 2500/10000  val_loss 3.5693
    step 2750/10000  val_loss 3.5518
    step 3000/10000  val_loss 3.5294
    step 3250/10000  val_loss 3.5179
    step 3500/10000  val_loss 3.5022
    step 3750/10000  val_loss 3.4889
    step 4000/10000  val_loss 3.4800
    step 4250/10000  val_loss 3.4687
    step 4500/10000  val_loss 3.4608
    step 4750/10000  val_loss 3.4538
    step 5000/10000  val_loss 3.4466
    step 5250/10000  val_loss 3.4373
    step 5500/10000  val_loss 3.4297
    step 5750/10000  val_loss 3.4243
    step 6000/10000  val_loss 3.4205
    step 6250/10000  val_loss 3.4064
    step 6500/10000  val_loss 3.3915
    step 6750/10000  val_loss 3.3794
    step 7000/10000  val_loss 3.3660
    step 7250/10000  val_loss 3.3545
    step 7500/10000  val_loss 3.3435
    step 7750/10000  val_loss 3.3333
    step 8000/10000  val_loss 3.3206
    step 8250/10000  val_loss 3.3105
    step 8500/10000  val_loss 3.2996
    step 8750/10000  val_loss 3.2895
    step 9000/10000  val_loss 3.2803
    step 9250/10000  val_loss 3.2702
    step 9500/10000  val_loss 3.2612
    step 9750/10000  val_loss 3.2536
    step 10000/10000  val_loss 3.2495
[small] reached=True steps=10000 loss=3.2495 flops=2.329e+18 -> records/track_4_upscaling/checkpoints/small_L1.pt
