
*****************************************
Setting OMP_NUM_THREADS environment variable for each process to be 1 in default, to avoid your system being overloaded, please further tune the variable for optimal performance in your application as needed. 
*****************************************
[upscale:ligo] schedule H1-lr0.5-wu50-cd0.5: warmup=50 cooldown_frac=0.5 muon_lr=0.01 embed_lr=0.15
    step    0/16000  val_loss 3.3065
    step  100/16000  val_loss 3.3121
    step  200/16000  val_loss 3.3097
    step  300/16000  val_loss 3.3070
    step  400/16000  val_loss 3.3048
    step  500/16000  val_loss 3.3032
    step  600/16000  val_loss 3.3031
    step  700/16000  val_loss 3.3011
    step  800/16000  val_loss 3.2996
    step  900/16000  val_loss 3.2981
    step 1000/16000  val_loss 3.2979
    step 1100/16000  val_loss 3.2979
    step 1200/16000  val_loss 3.2954
    step 1300/16000  val_loss 3.2951
    step 1400/16000  val_loss 3.2945
    step 1500/16000  val_loss 3.2924
    step 1600/16000  val_loss 3.2922
    step 1700/16000  val_loss 3.2911
    step 1800/16000  val_loss 3.2906
    step 1900/16000  val_loss 3.2901
    step 2000/16000  val_loss 3.2893
    step 2100/16000  val_loss 3.2884
    step 2200/16000  val_loss 3.2878
    step 2300/16000  val_loss 3.2862
    step 2400/16000  val_loss 3.2862
    step 2500/16000  val_loss 3.2837
    step 2600/16000  val_loss 3.2839
    step 2700/16000  val_loss 3.2830
    step 2800/16000  val_loss 3.2825
    step 2900/16000  val_loss 3.2814
    step 3000/16000  val_loss 3.2804
    step 3100/16000  val_loss 3.2799
    step 3200/16000  val_loss 3.2801
    step 3300/16000  val_loss 3.2783
    step 3400/16000  val_loss 3.2784
    step 3500/16000  val_loss 3.2789
    step 3600/16000  val_loss 3.2769
    step 3700/16000  val_loss 3.2765
    step 3800/16000  val_loss 3.2760
    step 3900/16000  val_loss 3.2744
    step 4000/16000  val_loss 3.2742
    step 4100/16000  val_loss 3.2737
    step 4200/16000  val_loss 3.2743
    step 4300/16000  val_loss 3.2725
    step 4400/16000  val_loss 3.2716
    step 4500/16000  val_loss 3.2733
    step 4600/16000  val_loss 3.2721
    step 4700/16000  val_loss 3.2710
    step 4800/16000  val_loss 3.2697
    step 4900/16000  val_loss 3.2701
    step 5000/16000  val_loss 3.2689
    step 5100/16000  val_loss 3.2680
    step 5200/16000  val_loss 3.2682
    step 5300/16000  val_loss 3.2679
    step 5400/16000  val_loss 3.2675
    step 5500/16000  val_loss 3.2683
    step 5600/16000  val_loss 3.2654
    step 5700/16000  val_loss 3.2654
    step 5800/16000  val_loss 3.2635
    step 5900/16000  val_loss 3.2629
    step 6000/16000  val_loss 3.2630
    step 6100/16000  val_loss 3.2640
    step 6200/16000  val_loss 3.2612
    step 6300/16000  val_loss 3.2605
    step 6400/16000  val_loss 3.2603
    step 6500/16000  val_loss 3.2596
    step 6600/16000  val_loss 3.2588
    step 6700/16000  val_loss 3.2582
    step 6800/16000  val_loss 3.2577
    step 6900/16000  val_loss 3.2560
    step 7000/16000  val_loss 3.2571
    step 7100/16000  val_loss 3.2558
    step 7200/16000  val_loss 3.2580
    step 7300/16000  val_loss 3.2538
    step 7400/16000  val_loss 3.2543
    step 7500/16000  val_loss 3.2528
    step 7600/16000  val_loss 3.2516
    step 7700/16000  val_loss 3.2519
    step 7800/16000  val_loss 3.2506
    step 7900/16000  val_loss 3.2500
    step 8000/16000  val_loss 3.2494
    step 8100/16000  val_loss 3.2487
    step 8200/16000  val_loss 3.2470
    step 8300/16000  val_loss 3.2456
    step 8400/16000  val_loss 3.2469
    step 8500/16000  val_loss 3.2430
    step 8600/16000  val_loss 3.2405
    step 8700/16000  val_loss 3.2387
    step 8800/16000  val_loss 3.2371
    step 8900/16000  val_loss 3.2349
    step 9000/16000  val_loss 3.2331
    step 9100/16000  val_loss 3.2316
    step 9200/16000  val_loss 3.2295
    step 9300/16000  val_loss 3.2278
    step 9400/16000  val_loss 3.2266
    step 9500/16000  val_loss 3.2246
    step 9600/16000  val_loss 3.2228
    step 9700/16000  val_loss 3.2224
    step 9800/16000  val_loss 3.2217
    step 9900/16000  val_loss 3.2184
    step 10000/16000  val_loss 3.2175
    step 10100/16000  val_loss 3.2155
    step 10200/16000  val_loss 3.2143
    step 10300/16000  val_loss 3.2127
    step 10400/16000  val_loss 3.2114
    step 10500/16000  val_loss 3.2105
    step 10600/16000  val_loss 3.2088
    step 10700/16000  val_loss 3.2077
    step 10800/16000  val_loss 3.2061
    step 10900/16000  val_loss 3.2046
    step 11000/16000  val_loss 3.2027
    step 11100/16000  val_loss 3.2015
    step 11200/16000  val_loss 3.2006
    step 11300/16000  val_loss 3.1989
    step 11400/16000  val_loss 3.1974
    step 11500/16000  val_loss 3.1960
    step 11600/16000  val_loss 3.1949
    step 11700/16000  val_loss 3.1933
    step 11800/16000  val_loss 3.1923
    step 11900/16000  val_loss 3.1907
    step 12000/16000  val_loss 3.1891
    step 12100/16000  val_loss 3.1881
    step 12200/16000  val_loss 3.1857
    step 12300/16000  val_loss 3.1843
    step 12400/16000  val_loss 3.1824
    step 12500/16000  val_loss 3.1811
    step 12600/16000  val_loss 3.1798
    step 12700/16000  val_loss 3.1785
    step 12800/16000  val_loss 3.1768
    step 12900/16000  val_loss 3.1755
    step 13000/16000  val_loss 3.1738
    step 13100/16000  val_loss 3.1731
    step 13200/16000  val_loss 3.1715
    step 13300/16000  val_loss 3.1707
    step 13400/16000  val_loss 3.1687
    step 13500/16000  val_loss 3.1676
    step 13600/16000  val_loss 3.1664
    step 13700/16000  val_loss 3.1652
    step 13800/16000  val_loss 3.1639
    step 13900/16000  val_loss 3.1626
    step 14000/16000  val_loss 3.1614
    step 14100/16000  val_loss 3.1602
    step 14200/16000  val_loss 3.1590
    step 14300/16000  val_loss 3.1580
    step 14400/16000  val_loss 3.1567
    step 14500/16000  val_loss 3.1557
    step 14600/16000  val_loss 3.1546
    step 14700/16000  val_loss 3.1535
    step 14800/16000  val_loss 3.1527
    step 14900/16000  val_loss 3.1516
    step 15000/16000  val_loss 3.1505
    step 15100/16000  val_loss 3.1495
    step 15200/16000  val_loss 3.1485
    step 15300/16000  val_loss 3.1476
    step 15400/16000  val_loss 3.1468
    step 15500/16000  val_loss 3.1460
    step 15600/16000  val_loss 3.1450
    step 15700/16000  val_loss 3.1442
    step 15800/16000  val_loss 3.1436
    step 15900/16000  val_loss 3.1431
    step 16000/16000  val_loss 3.1429
[upscale:ligo] reached=0 steps_to_L2=16000 flops=6.613e+18 c_amortized=0.9856575134279808
