WARNING:__main__:
*****************************************
Setting OMP_NUM_THREADS environment variable for each process to be 1 in default, to avoid your system being overloaded, please further tune the variable for optimal performance in your application as needed. 
*****************************************
[upscale:stack_pad] schedule H1-lr0.5-wu50-cd0.5: warmup=50 cooldown_frac=0.5 muon_lr=0.01 embed_lr=0.15
    step    0/12000  val_loss 3.2495
    step  100/12000  val_loss 3.2866
    step  200/12000  val_loss 3.2936
    step  300/12000  val_loss 3.2953
    step  400/12000  val_loss 3.2965
    step  500/12000  val_loss 3.2958
    step  600/12000  val_loss 3.2956
    step  700/12000  val_loss 3.2961
    step  800/12000  val_loss 3.2953
    step  900/12000  val_loss 3.2947
    step 1000/12000  val_loss 3.2944
    step 1100/12000  val_loss 3.2953
    step 1200/12000  val_loss 3.2939
    step 1300/12000  val_loss 3.2931
    step 1400/12000  val_loss 3.2920
    step 1500/12000  val_loss 3.2924
    step 1600/12000  val_loss 3.2931
    step 1700/12000  val_loss 3.2908
    step 1800/12000  val_loss 3.2909
    step 1900/12000  val_loss 3.2906
    step 2000/12000  val_loss 3.2889
    step 2100/12000  val_loss 3.2890
    step 2200/12000  val_loss 3.2883
    step 2300/12000  val_loss 3.2880
    step 2400/12000  val_loss 3.2880
    step 2500/12000  val_loss 3.2874
    step 2600/12000  val_loss 3.2865
    step 2700/12000  val_loss 3.2863
    step 2800/12000  val_loss 3.2848
    step 2900/12000  val_loss 3.2852
    step 3000/12000  val_loss 3.2829
    step 3100/12000  val_loss 3.2834
    step 3200/12000  val_loss 3.2826
    step 3300/12000  val_loss 3.2826
    step 3400/12000  val_loss 3.2817
    step 3500/12000  val_loss 3.2811
    step 3600/12000  val_loss 3.2808
    step 3700/12000  val_loss 3.2813
    step 3800/12000  val_loss 3.2797
    step 3900/12000  val_loss 3.2802
    step 4000/12000  val_loss 3.2807
    step 4100/12000  val_loss 3.2792
    step 4200/12000  val_loss 3.2789
    step 4300/12000  val_loss 3.2786
    step 4400/12000  val_loss 3.2775
    step 4500/12000  val_loss 3.2775
    step 4600/12000  val_loss 3.2771
    step 4700/12000  val_loss 3.2781
    step 4800/12000  val_loss 3.2763
    step 4900/12000  val_loss 3.2758
    step 5000/12000  val_loss 3.2778
    step 5100/12000  val_loss 3.2769
    step 5200/12000  val_loss 3.2760
    step 5300/12000  val_loss 3.2750
    step 5400/12000  val_loss 3.2756
    step 5500/12000  val_loss 3.2747
    step 5600/12000  val_loss 3.2740
    step 5700/12000  val_loss 3.2743
    step 5800/12000  val_loss 3.2743
    step 5900/12000  val_loss 3.2741
    step 6000/12000  val_loss 3.2750
    step 6100/12000  val_loss 3.2717
    step 6200/12000  val_loss 3.2710
    step 6300/12000  val_loss 3.2682
    step 6400/12000  val_loss 3.2670
    step 6500/12000  val_loss 3.2658
    step 6600/12000  val_loss 3.2659
    step 6700/12000  val_loss 3.2620
    step 6800/12000  val_loss 3.2607
    step 6900/12000  val_loss 3.2590
    step 7000/12000  val_loss 3.2575
    step 7100/12000  val_loss 3.2559
    step 7200/12000  val_loss 3.2540
    step 7300/12000  val_loss 3.2525
    step 7400/12000  val_loss 3.2499
    step 7500/12000  val_loss 3.2497
    step 7600/12000  val_loss 3.2474
    step 7700/12000  val_loss 3.2480
    step 7800/12000  val_loss 3.2437
    step 7900/12000  val_loss 3.2426
    step 8000/12000  val_loss 3.2402
    step 8100/12000  val_loss 3.2383
    step 8200/12000  val_loss 3.2369
    step 8300/12000  val_loss 3.2350
    step 8400/12000  val_loss 3.2335
    step 8500/12000  val_loss 3.2318
    step 8600/12000  val_loss 3.2300
    step 8700/12000  val_loss 3.2284
    step 8800/12000  val_loss 3.2266
    step 8900/12000  val_loss 3.2260
    step 9000/12000  val_loss 3.2235
    step 9100/12000  val_loss 3.2212
    step 9200/12000  val_loss 3.2193
    step 9300/12000  val_loss 3.2175
    step 9400/12000  val_loss 3.2153
    step 9500/12000  val_loss 3.2133
    step 9600/12000  val_loss 3.2114
    step 9700/12000  val_loss 3.2097
    step 9800/12000  val_loss 3.2079
    step 9900/12000  val_loss 3.2064
    step 10000/12000  val_loss 3.2046
    step 10100/12000  val_loss 3.2027
    step 10200/12000  val_loss 3.2014
    step 10300/12000  val_loss 3.2000
    step 10400/12000  val_loss 3.1979
    step 10500/12000  val_loss 3.1965
    step 10600/12000  val_loss 3.1947
    step 10700/12000  val_loss 3.1932
    step 10800/12000  val_loss 3.1916
    step 10900/12000  val_loss 3.1903
    step 11000/12000  val_loss 3.1890
    step 11100/12000  val_loss 3.1876
    step 11200/12000  val_loss 3.1863
    step 11300/12000  val_loss 3.1850
    step 11400/12000  val_loss 3.1837
    step 11500/12000  val_loss 3.1825
    step 11600/12000  val_loss 3.1813
    step 11700/12000  val_loss 3.1804
    step 11800/12000  val_loss 3.1795
    step 11900/12000  val_loss 3.1789
    step 12000/12000  val_loss 3.1786
[upscale:stack_pad] reached=0 steps_to_L2=12000 flops=4.807e+18 c_amortized=0.7164179104477612
