[Gloo] Rank 0 is connected to 0 peer ranks. Expected number of connected peer ranks is : 0
You are using version 1 of 'kernels-community/flash-attn3', but version 2 is available.
Fetching 8 files:   0%|          | 0/8 [00:00<?, ?it/s]Fetching 8 files: 100%|██████████| 8/8 [00:00<00:00, 1757.97it/s]
logs/5fe1984f-3bc3-4b65-afc6-52af7bd6b528.txt
Compiling model and warming up kernels (~7 minutes on first execution)
Sampling steps [0, 1, 415, 416, 417, 418, 831, 832, 833, 834, 1248, 1249, 1250, 1251] for warmup
Resetting Model
vocab stats: counted 20,000,000 tokens of fineweb_train_000001.bin in 125ms, 895 token ids unseen
vocab stats: most frequent tokens ['.', ',', ' the', '\n', ' and', ' to', ' of', ' a']
adaptive softmax coverage: head 8190 tokens 87.12%, cluster 1 16384 tokens 9.45%, cluster 2 25683 tokens 3.43%
adaptive softmax config: head_width 8192, clusters [(8192, 24576, 16384), (24576, 50304, 25683)], tail capacity {3: (0.45, 0.28), 2: (0.37, 0.22), 1: (0.13, 0.07)}, full softmax from stage -1
step:0/1410 val_loss:10.3105 train_time:340ms step_avg:340.32ms
step:1/1410 train_time:645ms step_avg:644.58ms
step:2/1410 train_time:944ms step_avg:472.25ms
step:3/1410 train_time:1247ms step_avg:415.74ms
step:4/1410 train_time:1555ms step_avg:388.85ms
step:5/1410 train_time:1861ms step_avg:372.21ms
step:6/1410 train_time:2163ms step_avg:360.42ms
step:7/1410 train_time:2471ms step_avg:353.05ms
step:8/1410 train_time:2776ms step_avg:347.02ms
step:9/1410 train_time:3083ms step_avg:342.54ms
step:10/1410 train_time:3386ms step_avg:338.58ms
step:11/1410 train_time:3696ms step_avg:335.99ms
step:12/1410 train_time:4000ms step_avg:333.33ms
step:13/1410 train_time:4307ms step_avg:331.34ms
step:14/1410 train_time:4613ms step_avg:329.47ms
step:15/1410 train_time:4922ms step_avg:328.12ms
step:16/1410 train_time:5225ms step_avg:326.58ms
step:17/1410 train_time:5535ms step_avg:325.57ms
step:18/1410 train_time:5839ms step_avg:324.41ms
step:19/1410 train_time:6147ms step_avg:323.54ms
step:20/1410 train_time:6451ms step_avg:322.57ms
step:21/1410 train_time:6762ms step_avg:322.00ms
step:22/1410 train_time:7066ms step_avg:321.16ms
step:23/1410 train_time:7373ms step_avg:320.58ms
step:24/1410 train_time:7680ms step_avg:319.99ms
step:25/1410 train_time:7988ms step_avg:319.52ms
step:26/1410 train_time:8293ms step_avg:318.96ms
step:27/1410 train_time:8603ms step_avg:318.62ms
step:28/1410 train_time:8907ms step_avg:318.11ms
step:29/1410 train_time:9217ms step_avg:317.82ms
step:30/1410 train_time:9524ms step_avg:317.46ms
step:31/1410 train_time:9830ms step_avg:317.09ms
step:32/1410 train_time:10135ms step_avg:316.71ms
step:33/1410 train_time:10445ms step_avg:316.51ms
step:34/1410 train_time:10750ms step_avg:316.18ms
step:35/1410 train_time:11060ms step_avg:315.99ms
step:36/1410 train_time:11365ms step_avg:315.70ms
step:37/1410 train_time:11674ms step_avg:315.52ms
step:38/1410 train_time:11979ms step_avg:315.25ms
step:39/1410 train_time:12289ms step_avg:315.09ms
step:40/1410 train_time:12594ms step_avg:314.86ms
step:41/1410 train_time:12904ms step_avg:314.74ms
step:42/1410 train_time:13209ms step_avg:314.50ms
step:43/1410 train_time:13520ms step_avg:314.41ms
step:44/1410 train_time:13825ms step_avg:314.21ms
step:45/1410 train_time:14135ms step_avg:314.10ms
step:46/1410 train_time:14440ms step_avg:313.90ms
step:47/1410 train_time:14749ms step_avg:313.81ms
step:48/1410 train_time:15055ms step_avg:313.64ms
step:49/1410 train_time:15365ms step_avg:313.56ms
step:50/1410 train_time:15670ms step_avg:313.39ms
step:51/1410 train_time:15981ms step_avg:313.35ms
step:52/1410 train_time:16286ms step_avg:313.19ms
step:53/1410 train_time:16597ms step_avg:313.14ms
step:54/1410 train_time:16902ms step_avg:313.01ms
step:55/1410 train_time:17213ms step_avg:312.96ms
step:56/1410 train_time:17519ms step_avg:312.83ms
step:57/1410 train_time:17828ms step_avg:312.77ms
step:58/1410 train_time:18135ms step_avg:312.67ms
step:59/1410 train_time:18445ms step_avg:312.63ms
step:60/1410 train_time:18752ms step_avg:312.53ms
step:61/1410 train_time:19061ms step_avg:312.48ms
step:62/1410 train_time:19367ms step_avg:312.36ms
step:63/1410 train_time:19677ms step_avg:312.33ms
step:64/1410 train_time:19983ms step_avg:312.23ms
step:65/1410 train_time:20293ms step_avg:312.20ms
step:66/1410 train_time:20599ms step_avg:312.11ms
step:67/1410 train_time:20908ms step_avg:312.07ms
step:68/1410 train_time:21215ms step_avg:311.98ms
step:69/1410 train_time:21525ms step_avg:311.96ms
step:70/1410 train_time:21831ms step_avg:311.88ms
step:71/1410 train_time:22143ms step_avg:311.87ms
step:72/1410 train_time:22448ms step_avg:311.78ms
step:73/1410 train_time:22759ms step_avg:311.77ms
step:74/1410 train_time:23065ms step_avg:311.69ms
step:75/1410 train_time:23375ms step_avg:311.67ms
step:76/1410 train_time:23682ms step_avg:311.60ms
step:77/1410 train_time:23992ms step_avg:311.58ms
step:78/1410 train_time:24299ms step_avg:311.52ms
step:79/1410 train_time:24608ms step_avg:311.50ms
step:80/1410 train_time:24914ms step_avg:311.42ms
step:81/1410 train_time:25225ms step_avg:311.42ms
step:82/1410 train_time:25529ms step_avg:311.34ms
step:83/1410 train_time:25839ms step_avg:311.31ms
step:84/1410 train_time:26144ms step_avg:311.24ms
step:85/1410 train_time:26453ms step_avg:311.21ms
step:86/1410 train_time:26758ms step_avg:311.14ms
step:87/1410 train_time:27067ms step_avg:311.11ms
step:88/1410 train_time:27372ms step_avg:311.05ms
step:89/1410 train_time:27682ms step_avg:311.04ms
step:90/1410 train_time:27987ms step_avg:310.96ms
step:91/1410 train_time:28296ms step_avg:310.95ms
step:92/1410 train_time:28603ms step_avg:310.90ms
step:93/1410 train_time:28911ms step_avg:310.87ms
step:94/1410 train_time:29217ms step_avg:310.82ms
step:95/1410 train_time:29526ms step_avg:310.80ms
step:96/1410 train_time:29831ms step_avg:310.74ms
step:97/1410 train_time:30141ms step_avg:310.73ms
step:98/1410 train_time:30446ms step_avg:310.68ms
step:99/1410 train_time:30756ms step_avg:310.67ms
step:100/1410 train_time:31062ms step_avg:310.62ms
step:101/1410 train_time:31371ms step_avg:310.60ms
step:102/1410 train_time:31676ms step_avg:310.55ms
step:103/1410 train_time:31986ms step_avg:310.54ms
step:104/1410 train_time:32292ms step_avg:310.50ms
step:105/1410 train_time:32601ms step_avg:310.49ms
step:106/1410 train_time:32907ms step_avg:310.44ms
step:107/1410 train_time:33217ms step_avg:310.44ms
step:108/1410 train_time:33523ms step_avg:310.40ms
step:109/1410 train_time:33831ms step_avg:310.38ms
step:110/1410 train_time:34137ms step_avg:310.34ms
step:111/1410 train_time:34447ms step_avg:310.33ms
step:112/1410 train_time:34753ms step_avg:310.29ms
step:113/1410 train_time:35064ms step_avg:310.30ms
step:114/1410 train_time:35369ms step_avg:310.25ms
step:115/1410 train_time:35678ms step_avg:310.24ms
step:116/1410 train_time:35984ms step_avg:310.20ms
step:117/1410 train_time:36294ms step_avg:310.20ms
step:118/1410 train_time:36599ms step_avg:310.16ms
step:119/1410 train_time:36908ms step_avg:310.15ms
step:120/1410 train_time:37215ms step_avg:310.12ms
step:121/1410 train_time:37525ms step_avg:310.12ms
step:122/1410 train_time:37830ms step_avg:310.08ms
step:123/1410 train_time:38142ms step_avg:310.10ms
step:124/1410 train_time:38447ms step_avg:310.06ms
step:125/1410 train_time:38757ms step_avg:310.05ms
step:126/1410 train_time:39064ms step_avg:310.03ms
step:127/1410 train_time:39372ms step_avg:310.02ms
step:128/1410 train_time:39679ms step_avg:309.99ms
step:129/1410 train_time:39989ms step_avg:309.99ms
step:130/1410 train_time:40295ms step_avg:309.96ms
step:131/1410 train_time:40606ms step_avg:309.97ms
step:132/1410 train_time:40911ms step_avg:309.93ms
step:133/1410 train_time:41222ms step_avg:309.94ms
step:134/1410 train_time:41527ms step_avg:309.90ms
step:135/1410 train_time:41837ms step_avg:309.90ms
step:136/1410 train_time:42144ms step_avg:309.88ms
step:137/1410 train_time:42453ms step_avg:309.87ms
step:138/1410 train_time:42759ms step_avg:309.85ms
step:139/1410 train_time:43069ms step_avg:309.85ms
step:140/1410 train_time:43375ms step_avg:309.82ms
step:141/1410 train_time:43685ms step_avg:309.83ms
step:142/1410 train_time:43992ms step_avg:309.80ms
step:143/1410 train_time:44302ms step_avg:309.81ms
step:144/1410 train_time:44607ms step_avg:309.77ms
step:145/1410 train_time:44918ms step_avg:309.78ms
step:146/1410 train_time:45224ms step_avg:309.75ms
step:147/1410 train_time:45533ms step_avg:309.75ms
step:148/1410 train_time:45841ms step_avg:309.74ms
step:149/1410 train_time:46150ms step_avg:309.73ms
step:150/1410 train_time:46457ms step_avg:309.71ms
step:151/1410 train_time:46767ms step_avg:309.72ms
step:152/1410 train_time:47073ms step_avg:309.69ms
step:153/1410 train_time:47384ms step_avg:309.70ms
step:154/1410 train_time:47690ms step_avg:309.67ms
step:155/1410 train_time:48001ms step_avg:309.68ms
step:156/1410 train_time:48306ms step_avg:309.66ms
step:157/1410 train_time:48616ms step_avg:309.66ms
step:158/1410 train_time:48922ms step_avg:309.64ms
step:159/1410 train_time:49232ms step_avg:309.64ms
step:160/1410 train_time:49539ms step_avg:309.62ms
step:161/1410 train_time:49848ms step_avg:309.62ms
step:162/1410 train_time:50156ms step_avg:309.61ms
step:163/1410 train_time:50467ms step_avg:309.61ms
step:164/1410 train_time:50772ms step_avg:309.59ms
step:165/1410 train_time:51083ms step_avg:309.60ms
step:166/1410 train_time:51389ms step_avg:309.57ms
step:167/1410 train_time:51700ms step_avg:309.58ms
step:168/1410 train_time:52006ms step_avg:309.56ms
step:169/1410 train_time:52316ms step_avg:309.56ms
step:170/1410 train_time:52623ms step_avg:309.55ms
step:171/1410 train_time:52933ms step_avg:309.55ms
step:172/1410 train_time:53240ms step_avg:309.53ms
step:173/1410 train_time:53550ms step_avg:309.54ms
step:174/1410 train_time:53856ms step_avg:309.52ms
step:175/1410 train_time:54167ms step_avg:309.52ms
step:176/1410 train_time:54473ms step_avg:309.51ms
step:177/1410 train_time:54784ms step_avg:309.51ms
step:178/1410 train_time:55089ms step_avg:309.49ms
step:179/1410 train_time:55400ms step_avg:309.50ms
step:180/1410 train_time:55706ms step_avg:309.48ms
step:181/1410 train_time:56016ms step_avg:309.48ms
step:182/1410 train_time:56323ms step_avg:309.47ms
step:183/1410 train_time:56633ms step_avg:309.47ms
step:184/1410 train_time:56939ms step_avg:309.45ms
step:185/1410 train_time:57250ms step_avg:309.46ms
step:186/1410 train_time:57557ms step_avg:309.45ms
step:187/1410 train_time:57868ms step_avg:309.45ms
step:188/1410 train_time:58173ms step_avg:309.43ms
step:189/1410 train_time:58485ms step_avg:309.44ms
step:190/1410 train_time:58791ms step_avg:309.43ms
step:191/1410 train_time:59102ms step_avg:309.43ms
step:192/1410 train_time:59408ms step_avg:309.42ms
step:193/1410 train_time:59719ms step_avg:309.42ms
step:194/1410 train_time:60026ms step_avg:309.41ms
step:195/1410 train_time:60336ms step_avg:309.42ms
step:196/1410 train_time:60643ms step_avg:309.40ms
step:197/1410 train_time:60952ms step_avg:309.40ms
step:198/1410 train_time:61261ms step_avg:309.40ms
step:199/1410 train_time:61571ms step_avg:309.40ms
step:200/1410 train_time:61877ms step_avg:309.38ms
step:201/1410 train_time:62189ms step_avg:309.40ms
step:202/1410 train_time:62496ms step_avg:309.39ms
step:203/1410 train_time:62806ms step_avg:309.39ms
step:204/1410 train_time:63112ms step_avg:309.37ms
step:205/1410 train_time:63424ms step_avg:309.38ms
step:206/1410 train_time:63729ms step_avg:309.37ms
step:207/1410 train_time:64040ms step_avg:309.37ms
step:208/1410 train_time:64347ms step_avg:309.36ms
step:209/1410 train_time:64658ms step_avg:309.37ms
step:210/1410 train_time:64965ms step_avg:309.36ms
step:211/1410 train_time:65275ms step_avg:309.36ms
step:212/1410 train_time:65582ms step_avg:309.35ms
step:213/1410 train_time:65892ms step_avg:309.35ms
step:214/1410 train_time:66199ms step_avg:309.34ms
step:215/1410 train_time:66509ms step_avg:309.35ms
step:216/1410 train_time:66816ms step_avg:309.33ms
step:217/1410 train_time:67127ms step_avg:309.34ms
step:218/1410 train_time:67434ms step_avg:309.33ms
step:219/1410 train_time:67745ms step_avg:309.34ms
step:220/1410 train_time:68051ms step_avg:309.32ms
step:221/1410 train_time:68363ms step_avg:309.34ms
step:222/1410 train_time:68669ms step_avg:309.32ms
step:223/1410 train_time:68980ms step_avg:309.33ms
step:224/1410 train_time:69287ms step_avg:309.32ms
step:225/1410 train_time:69598ms step_avg:309.33ms
step:226/1410 train_time:69904ms step_avg:309.31ms
step:227/1410 train_time:70215ms step_avg:309.32ms
step:228/1410 train_time:70522ms step_avg:309.31ms
step:229/1410 train_time:70832ms step_avg:309.31ms
step:230/1410 train_time:71139ms step_avg:309.30ms
step:231/1410 train_time:71450ms step_avg:309.31ms
step:232/1410 train_time:71757ms step_avg:309.30ms
step:233/1410 train_time:72067ms step_avg:309.30ms
step:234/1410 train_time:72374ms step_avg:309.29ms
step:235/1410 train_time:72685ms step_avg:309.30ms
step:236/1410 train_time:72992ms step_avg:309.29ms
step:237/1410 train_time:73303ms step_avg:309.30ms
step:238/1410 train_time:73609ms step_avg:309.28ms
step:239/1410 train_time:73921ms step_avg:309.29ms
step:240/1410 train_time:74227ms step_avg:309.28ms
step:241/1410 train_time:74539ms step_avg:309.29ms
step:242/1410 train_time:74846ms step_avg:309.28ms
step:243/1410 train_time:75156ms step_avg:309.29ms
step:244/1410 train_time:75464ms step_avg:309.28ms
step:245/1410 train_time:75775ms step_avg:309.28ms
step:246/1410 train_time:76082ms step_avg:309.27ms
step:247/1410 train_time:76392ms step_avg:309.28ms
step:248/1410 train_time:76700ms step_avg:309.27ms
step:249/1410 train_time:77010ms step_avg:309.28ms
step:250/1410 train_time:77317ms step_avg:309.27ms
step:250/1410 val_loss:4.5102 train_time:77369ms step_avg:309.48ms
step:251/1410 train_time:77628ms step_avg:309.28ms
step:252/1410 train_time:77936ms step_avg:309.27ms
step:253/1410 train_time:78246ms step_avg:309.27ms
step:254/1410 train_time:78554ms step_avg:309.27ms
step:255/1410 train_time:78865ms step_avg:309.27ms
step:256/1410 train_time:79172ms step_avg:309.26ms
step:257/1410 train_time:79483ms step_avg:309.27ms
step:258/1410 train_time:79791ms step_avg:309.27ms
step:259/1410 train_time:80101ms step_avg:309.27ms
step:260/1410 train_time:80410ms step_avg:309.27ms
step:261/1410 train_time:80721ms step_avg:309.27ms
step:262/1410 train_time:81028ms step_avg:309.27ms
step:263/1410 train_time:81339ms step_avg:309.28ms
step:264/1410 train_time:81646ms step_avg:309.27ms
step:265/1410 train_time:81959ms step_avg:309.28ms
step:266/1410 train_time:82265ms step_avg:309.27ms
step:267/1410 train_time:82577ms step_avg:309.28ms
step:268/1410 train_time:82883ms step_avg:309.27ms
step:269/1410 train_time:83196ms step_avg:309.28ms
step:270/1410 train_time:83503ms step_avg:309.27ms
step:271/1410 train_time:83814ms step_avg:309.28ms
step:272/1410 train_time:84120ms step_avg:309.27ms
step:273/1410 train_time:84433ms step_avg:309.28ms
step:274/1410 train_time:84739ms step_avg:309.27ms
step:275/1410 train_time:85049ms step_avg:309.27ms
step:276/1410 train_time:85358ms step_avg:309.27ms
step:277/1410 train_time:85669ms step_avg:309.27ms
step:278/1410 train_time:85975ms step_avg:309.26ms
step:279/1410 train_time:86286ms step_avg:309.27ms
step:280/1410 train_time:86594ms step_avg:309.26ms
step:281/1410 train_time:86904ms step_avg:309.27ms
step:282/1410 train_time:87212ms step_avg:309.26ms
step:283/1410 train_time:87523ms step_avg:309.27ms
step:284/1410 train_time:87831ms step_avg:309.26ms
step:285/1410 train_time:88141ms step_avg:309.27ms
step:286/1410 train_time:88449ms step_avg:309.26ms
step:287/1410 train_time:88760ms step_avg:309.27ms
step:288/1410 train_time:89067ms step_avg:309.26ms
step:289/1410 train_time:89379ms step_avg:309.27ms
step:290/1410 train_time:89686ms step_avg:309.26ms
step:291/1410 train_time:89998ms step_avg:309.27ms
step:292/1410 train_time:90305ms step_avg:309.26ms
step:293/1410 train_time:90617ms step_avg:309.27ms
step:294/1410 train_time:90923ms step_avg:309.26ms
step:295/1410 train_time:91235ms step_avg:309.27ms
step:296/1410 train_time:91542ms step_avg:309.26ms
step:297/1410 train_time:91854ms step_avg:309.27ms
step:298/1410 train_time:92161ms step_avg:309.27ms
step:299/1410 train_time:92473ms step_avg:309.27ms
step:300/1410 train_time:92780ms step_avg:309.27ms
step:301/1410 train_time:93091ms step_avg:309.27ms
step:302/1410 train_time:93399ms step_avg:309.27ms
step:303/1410 train_time:93710ms step_avg:309.27ms
step:304/1410 train_time:94017ms step_avg:309.27ms
step:305/1410 train_time:94328ms step_avg:309.27ms
step:306/1410 train_time:94636ms step_avg:309.27ms
step:307/1410 train_time:94946ms step_avg:309.27ms
step:308/1410 train_time:95255ms step_avg:309.27ms
step:309/1410 train_time:95566ms step_avg:309.27ms
step:310/1410 train_time:95872ms step_avg:309.27ms
step:311/1410 train_time:96183ms step_avg:309.27ms
step:312/1410 train_time:96490ms step_avg:309.26ms
step:313/1410 train_time:96801ms step_avg:309.27ms
step:314/1410 train_time:97108ms step_avg:309.26ms
step:315/1410 train_time:97419ms step_avg:309.27ms
step:316/1410 train_time:97726ms step_avg:309.26ms
step:317/1410 train_time:98038ms step_avg:309.27ms
step:318/1410 train_time:98344ms step_avg:309.26ms
step:319/1410 train_time:98656ms step_avg:309.27ms
step:320/1410 train_time:98962ms step_avg:309.25ms
step:321/1410 train_time:99274ms step_avg:309.26ms
step:322/1410 train_time:99581ms step_avg:309.26ms
step:323/1410 train_time:99892ms step_avg:309.26ms
step:324/1410 train_time:100199ms step_avg:309.26ms
step:325/1410 train_time:100511ms step_avg:309.27ms
step:326/1410 train_time:100819ms step_avg:309.26ms
step:327/1410 train_time:101130ms step_avg:309.27ms
step:328/1410 train_time:101437ms step_avg:309.26ms
step:329/1410 train_time:101748ms step_avg:309.26ms
step:330/1410 train_time:102055ms step_avg:309.26ms
step:331/1410 train_time:102365ms step_avg:309.26ms
step:332/1410 train_time:102673ms step_avg:309.26ms
step:333/1410 train_time:102983ms step_avg:309.26ms
step:334/1410 train_time:103291ms step_avg:309.26ms
step:335/1410 train_time:103603ms step_avg:309.26ms
step:336/1410 train_time:103911ms step_avg:309.26ms
step:337/1410 train_time:104221ms step_avg:309.26ms
step:338/1410 train_time:104529ms step_avg:309.26ms
step:339/1410 train_time:104840ms step_avg:309.26ms
step:340/1410 train_time:105147ms step_avg:309.26ms
step:341/1410 train_time:105459ms step_avg:309.26ms
step:342/1410 train_time:105766ms step_avg:309.26ms
step:343/1410 train_time:106077ms step_avg:309.26ms
step:344/1410 train_time:106384ms step_avg:309.26ms
step:345/1410 train_time:106696ms step_avg:309.26ms
step:346/1410 train_time:107002ms step_avg:309.26ms
step:347/1410 train_time:107314ms step_avg:309.26ms
step:348/1410 train_time:107621ms step_avg:309.26ms
step:349/1410 train_time:107932ms step_avg:309.26ms
step:350/1410 train_time:108239ms step_avg:309.26ms
step:351/1410 train_time:108550ms step_avg:309.26ms
step:352/1410 train_time:108857ms step_avg:309.25ms
step:353/1410 train_time:109169ms step_avg:309.26ms
step:354/1410 train_time:109477ms step_avg:309.26ms
step:355/1410 train_time:109787ms step_avg:309.26ms
step:356/1410 train_time:110096ms step_avg:309.26ms
step:357/1410 train_time:110406ms step_avg:309.26ms
step:358/1410 train_time:110713ms step_avg:309.25ms
step:359/1410 train_time:111024ms step_avg:309.26ms
step:360/1410 train_time:111331ms step_avg:309.25ms
step:361/1410 train_time:111642ms step_avg:309.26ms
step:362/1410 train_time:111949ms step_avg:309.25ms
step:363/1410 train_time:112260ms step_avg:309.26ms
step:364/1410 train_time:112567ms step_avg:309.25ms
step:365/1410 train_time:112879ms step_avg:309.26ms
step:366/1410 train_time:113186ms step_avg:309.25ms
step:367/1410 train_time:113497ms step_avg:309.26ms
step:368/1410 train_time:113804ms step_avg:309.25ms
step:369/1410 train_time:114116ms step_avg:309.26ms
step:370/1410 train_time:114422ms step_avg:309.25ms
step:371/1410 train_time:114735ms step_avg:309.26ms
step:372/1410 train_time:115041ms step_avg:309.25ms
step:373/1410 train_time:115353ms step_avg:309.26ms
step:374/1410 train_time:115660ms step_avg:309.25ms
step:375/1410 train_time:115971ms step_avg:309.26ms
step:376/1410 train_time:116278ms step_avg:309.25ms
step:377/1410 train_time:116590ms step_avg:309.26ms
step:378/1410 train_time:116897ms step_avg:309.25ms
step:379/1410 train_time:117208ms step_avg:309.26ms
step:380/1410 train_time:117515ms step_avg:309.25ms
step:381/1410 train_time:117828ms step_avg:309.26ms
step:382/1410 train_time:118135ms step_avg:309.25ms
step:383/1410 train_time:118444ms step_avg:309.25ms
step:384/1410 train_time:118753ms step_avg:309.25ms
step:385/1410 train_time:119063ms step_avg:309.26ms
step:386/1410 train_time:119370ms step_avg:309.25ms
step:387/1410 train_time:119681ms step_avg:309.25ms
step:388/1410 train_time:119988ms step_avg:309.25ms
step:389/1410 train_time:120300ms step_avg:309.25ms
step:390/1410 train_time:120606ms step_avg:309.25ms
step:391/1410 train_time:120918ms step_avg:309.25ms
step:392/1410 train_time:121225ms step_avg:309.25ms
step:393/1410 train_time:121537ms step_avg:309.25ms
step:394/1410 train_time:121844ms step_avg:309.25ms
step:395/1410 train_time:122156ms step_avg:309.26ms
step:396/1410 train_time:122462ms step_avg:309.25ms
step:397/1410 train_time:122774ms step_avg:309.26ms
step:398/1410 train_time:123081ms step_avg:309.25ms
step:399/1410 train_time:123393ms step_avg:309.26ms
step:400/1410 train_time:123700ms step_avg:309.25ms
step:401/1410 train_time:124012ms step_avg:309.26ms
step:402/1410 train_time:124319ms step_avg:309.25ms
step:403/1410 train_time:124630ms step_avg:309.26ms
step:404/1410 train_time:124938ms step_avg:309.25ms
step:405/1410 train_time:125248ms step_avg:309.25ms
step:406/1410 train_time:125556ms step_avg:309.25ms
step:407/1410 train_time:125868ms step_avg:309.26ms
step:408/1410 train_time:126174ms step_avg:309.25ms
step:409/1410 train_time:126485ms step_avg:309.25ms
step:410/1410 train_time:126793ms step_avg:309.25ms
step:411/1410 train_time:127104ms step_avg:309.26ms
step:412/1410 train_time:127411ms step_avg:309.25ms
step:413/1410 train_time:127722ms step_avg:309.25ms
step:414/1410 train_time:128030ms step_avg:309.25ms
step:415/1410 train_time:128340ms step_avg:309.25ms
step:416/1410 train_time:128648ms step_avg:309.25ms
step:417/1410 train_time:128960ms step_avg:309.26ms
step:418/1410 train_time:129479ms step_avg:309.76ms
step:419/1410 train_time:130030ms step_avg:310.33ms
step:420/1410 train_time:130573ms step_avg:310.89ms
step:421/1410 train_time:131125ms step_avg:311.46ms
step:422/1410 train_time:131671ms step_avg:312.02ms
step:423/1410 train_time:132221ms step_avg:312.58ms
step:424/1410 train_time:132766ms step_avg:313.13ms
step:425/1410 train_time:133317ms step_avg:313.69ms
step:426/1410 train_time:133862ms step_avg:314.23ms
step:427/1410 train_time:134411ms step_avg:314.78ms
step:428/1410 train_time:134958ms step_avg:315.32ms
step:429/1410 train_time:135505ms step_avg:315.86ms
step:430/1410 train_time:136052ms step_avg:316.40ms
step:431/1410 train_time:136602ms step_avg:316.94ms
step:432/1410 train_time:137148ms step_avg:317.47ms
step:433/1410 train_time:137698ms step_avg:318.01ms
step:434/1410 train_time:138245ms step_avg:318.54ms
step:435/1410 train_time:138794ms step_avg:319.07ms
step:436/1410 train_time:139340ms step_avg:319.59ms
step:437/1410 train_time:139889ms step_avg:320.11ms
step:438/1410 train_time:140435ms step_avg:320.63ms
step:439/1410 train_time:140985ms step_avg:321.15ms
step:440/1410 train_time:141531ms step_avg:321.66ms
step:441/1410 train_time:142081ms step_avg:322.18ms
step:442/1410 train_time:142626ms step_avg:322.68ms
step:443/1410 train_time:143176ms step_avg:323.20ms
step:444/1410 train_time:143721ms step_avg:323.70ms
step:445/1410 train_time:144271ms step_avg:324.20ms
step:446/1410 train_time:144817ms step_avg:324.70ms
step:447/1410 train_time:145367ms step_avg:325.21ms
step:448/1410 train_time:145912ms step_avg:325.70ms
step:449/1410 train_time:146463ms step_avg:326.20ms
step:450/1410 train_time:147009ms step_avg:326.69ms
step:451/1410 train_time:147559ms step_avg:327.18ms
step:452/1410 train_time:148104ms step_avg:327.66ms
step:453/1410 train_time:148654ms step_avg:328.15ms
step:454/1410 train_time:149199ms step_avg:328.63ms
step:455/1410 train_time:149749ms step_avg:329.12ms
step:456/1410 train_time:150294ms step_avg:329.59ms
step:457/1410 train_time:150844ms step_avg:330.07ms
step:458/1410 train_time:151389ms step_avg:330.54ms
step:459/1410 train_time:151940ms step_avg:331.02ms
step:460/1410 train_time:152484ms step_avg:331.49ms
step:461/1410 train_time:153034ms step_avg:331.96ms
step:462/1410 train_time:153580ms step_avg:332.42ms
step:463/1410 train_time:154127ms step_avg:332.89ms
step:464/1410 train_time:154673ms step_avg:333.35ms
step:465/1410 train_time:155224ms step_avg:333.82ms
step:466/1410 train_time:155770ms step_avg:334.27ms
step:467/1410 train_time:156318ms step_avg:334.73ms
step:468/1410 train_time:156865ms step_avg:335.18ms
step:469/1410 train_time:157414ms step_avg:335.64ms
step:470/1410 train_time:157962ms step_avg:336.09ms
step:471/1410 train_time:158512ms step_avg:336.54ms
step:472/1410 train_time:159058ms step_avg:336.99ms
step:473/1410 train_time:159609ms step_avg:337.44ms
step:474/1410 train_time:160154ms step_avg:337.88ms
step:475/1410 train_time:160704ms step_avg:338.32ms
step:476/1410 train_time:161250ms step_avg:338.76ms
step:477/1410 train_time:161799ms step_avg:339.20ms
step:478/1410 train_time:162344ms step_avg:339.63ms
step:479/1410 train_time:162894ms step_avg:340.07ms
step:480/1410 train_time:163439ms step_avg:340.50ms
step:481/1410 train_time:163988ms step_avg:340.93ms
step:482/1410 train_time:164532ms step_avg:341.35ms
step:483/1410 train_time:165081ms step_avg:341.78ms
step:484/1410 train_time:165628ms step_avg:342.21ms
step:485/1410 train_time:166178ms step_avg:342.64ms
step:486/1410 train_time:166725ms step_avg:343.05ms
step:487/1410 train_time:167274ms step_avg:343.48ms
step:488/1410 train_time:167820ms step_avg:343.89ms
step:489/1410 train_time:168369ms step_avg:344.31ms
step:490/1410 train_time:168914ms step_avg:344.72ms
step:491/1410 train_time:169464ms step_avg:345.14ms
step:492/1410 train_time:170011ms step_avg:345.55ms
step:493/1410 train_time:170560ms step_avg:345.96ms
step:494/1410 train_time:171106ms step_avg:346.37ms
step:495/1410 train_time:171657ms step_avg:346.78ms
step:496/1410 train_time:172203ms step_avg:347.18ms
step:497/1410 train_time:172752ms step_avg:347.59ms
step:498/1410 train_time:173299ms step_avg:347.99ms
step:499/1410 train_time:173848ms step_avg:348.39ms
step:500/1410 train_time:174394ms step_avg:348.79ms
step:500/1410 val_loss:4.1576 train_time:174475ms step_avg:348.95ms
step:501/1410 train_time:174943ms step_avg:349.19ms
step:502/1410 train_time:175489ms step_avg:349.58ms
step:503/1410 train_time:176037ms step_avg:349.97ms
step:504/1410 train_time:176582ms step_avg:350.36ms
step:505/1410 train_time:177131ms step_avg:350.75ms
step:506/1410 train_time:177676ms step_avg:351.14ms
step:507/1410 train_time:178226ms step_avg:351.53ms
step:508/1410 train_time:178771ms step_avg:351.91ms
step:509/1410 train_time:179321ms step_avg:352.30ms
step:510/1410 train_time:179865ms step_avg:352.68ms
step:511/1410 train_time:180416ms step_avg:353.06ms
step:512/1410 train_time:180964ms step_avg:353.44ms
step:513/1410 train_time:181512ms step_avg:353.82ms
step:514/1410 train_time:182057ms step_avg:354.20ms
step:515/1410 train_time:182606ms step_avg:354.58ms
step:516/1410 train_time:183151ms step_avg:354.94ms
step:517/1410 train_time:183700ms step_avg:355.32ms
step:518/1410 train_time:184244ms step_avg:355.68ms
step:519/1410 train_time:184794ms step_avg:356.06ms
step:520/1410 train_time:185338ms step_avg:356.42ms
step:521/1410 train_time:185887ms step_avg:356.79ms
step:522/1410 train_time:186433ms step_avg:357.15ms
step:523/1410 train_time:186982ms step_avg:357.52ms
step:524/1410 train_time:187528ms step_avg:357.88ms
step:525/1410 train_time:188077ms step_avg:358.24ms
step:526/1410 train_time:188624ms step_avg:358.60ms
step:527/1410 train_time:189172ms step_avg:358.96ms
step:528/1410 train_time:189716ms step_avg:359.31ms
step:529/1410 train_time:190266ms step_avg:359.67ms
step:530/1410 train_time:190811ms step_avg:360.02ms
step:531/1410 train_time:191360ms step_avg:360.38ms
step:532/1410 train_time:191904ms step_avg:360.72ms
step:533/1410 train_time:192453ms step_avg:361.08ms
step:534/1410 train_time:192998ms step_avg:361.42ms
step:535/1410 train_time:193546ms step_avg:361.77ms
step:536/1410 train_time:194091ms step_avg:362.11ms
step:537/1410 train_time:194640ms step_avg:362.46ms
step:538/1410 train_time:195186ms step_avg:362.80ms
step:539/1410 train_time:195737ms step_avg:363.15ms
step:540/1410 train_time:196281ms step_avg:363.48ms
step:541/1410 train_time:196830ms step_avg:363.83ms
step:542/1410 train_time:197373ms step_avg:364.16ms
step:543/1410 train_time:197921ms step_avg:364.50ms
step:544/1410 train_time:198467ms step_avg:364.83ms
step:545/1410 train_time:199016ms step_avg:365.17ms
step:546/1410 train_time:199561ms step_avg:365.50ms
step:547/1410 train_time:200111ms step_avg:365.83ms
step:548/1410 train_time:200655ms step_avg:366.16ms
step:549/1410 train_time:201204ms step_avg:366.49ms
step:550/1410 train_time:201749ms step_avg:366.82ms
step:551/1410 train_time:202298ms step_avg:367.15ms
step:552/1410 train_time:202843ms step_avg:367.47ms
step:553/1410 train_time:203391ms step_avg:367.80ms
step:554/1410 train_time:203936ms step_avg:368.11ms
step:555/1410 train_time:204483ms step_avg:368.44ms
step:556/1410 train_time:205029ms step_avg:368.76ms
step:557/1410 train_time:205578ms step_avg:369.08ms
step:558/1410 train_time:206124ms step_avg:369.40ms
step:559/1410 train_time:206673ms step_avg:369.72ms
step:560/1410 train_time:207219ms step_avg:370.03ms
step:561/1410 train_time:207767ms step_avg:370.35ms
step:562/1410 train_time:208312ms step_avg:370.66ms
step:563/1410 train_time:208863ms step_avg:370.98ms
step:564/1410 train_time:209407ms step_avg:371.29ms
step:565/1410 train_time:209958ms step_avg:371.61ms
step:566/1410 train_time:210503ms step_avg:371.91ms
step:567/1410 train_time:211052ms step_avg:372.23ms
step:568/1410 train_time:211597ms step_avg:372.53ms
step:569/1410 train_time:212147ms step_avg:372.84ms
step:570/1410 train_time:212690ms step_avg:373.14ms
step:571/1410 train_time:213240ms step_avg:373.45ms
step:572/1410 train_time:213786ms step_avg:373.75ms
step:573/1410 train_time:214335ms step_avg:374.06ms
step:574/1410 train_time:214880ms step_avg:374.35ms
step:575/1410 train_time:215430ms step_avg:374.66ms
step:576/1410 train_time:215973ms step_avg:374.95ms
step:577/1410 train_time:216523ms step_avg:375.26ms
step:578/1410 train_time:217067ms step_avg:375.55ms
step:579/1410 train_time:217616ms step_avg:375.85ms
step:580/1410 train_time:218162ms step_avg:376.14ms
step:581/1410 train_time:218711ms step_avg:376.44ms
step:582/1410 train_time:219255ms step_avg:376.73ms
step:583/1410 train_time:219806ms step_avg:377.03ms
step:584/1410 train_time:220350ms step_avg:377.31ms
step:585/1410 train_time:220900ms step_avg:377.61ms
step:586/1410 train_time:221444ms step_avg:377.89ms
step:587/1410 train_time:221995ms step_avg:378.19ms
step:588/1410 train_time:222539ms step_avg:378.47ms
step:589/1410 train_time:223089ms step_avg:378.76ms
step:590/1410 train_time:223634ms step_avg:379.04ms
step:591/1410 train_time:224185ms step_avg:379.33ms
step:592/1410 train_time:224731ms step_avg:379.61ms
step:593/1410 train_time:225282ms step_avg:379.90ms
step:594/1410 train_time:225827ms step_avg:380.18ms
step:595/1410 train_time:226376ms step_avg:380.46ms
step:596/1410 train_time:226922ms step_avg:380.74ms
step:597/1410 train_time:227469ms step_avg:381.02ms
step:598/1410 train_time:228014ms step_avg:381.29ms
step:599/1410 train_time:228562ms step_avg:381.57ms
step:600/1410 train_time:229108ms step_avg:381.85ms
step:601/1410 train_time:229658ms step_avg:382.13ms
step:602/1410 train_time:230203ms step_avg:382.40ms
step:603/1410 train_time:230751ms step_avg:382.67ms
step:604/1410 train_time:231296ms step_avg:382.94ms
step:605/1410 train_time:231847ms step_avg:383.22ms
step:606/1410 train_time:232391ms step_avg:383.48ms
step:607/1410 train_time:232940ms step_avg:383.76ms
step:608/1410 train_time:233484ms step_avg:384.02ms
step:609/1410 train_time:234034ms step_avg:384.29ms
step:610/1410 train_time:234577ms step_avg:384.55ms
step:611/1410 train_time:235127ms step_avg:384.82ms
step:612/1410 train_time:235671ms step_avg:385.08ms
step:613/1410 train_time:236221ms step_avg:385.35ms
step:614/1410 train_time:236765ms step_avg:385.61ms
step:615/1410 train_time:237314ms step_avg:385.88ms
step:616/1410 train_time:237860ms step_avg:386.14ms
step:617/1410 train_time:238408ms step_avg:386.40ms
step:618/1410 train_time:238953ms step_avg:386.66ms
step:619/1410 train_time:239501ms step_avg:386.92ms
step:620/1410 train_time:240045ms step_avg:387.17ms
step:621/1410 train_time:240593ms step_avg:387.43ms
step:622/1410 train_time:241140ms step_avg:387.68ms
step:623/1410 train_time:241687ms step_avg:387.94ms
step:624/1410 train_time:242233ms step_avg:388.19ms
step:625/1410 train_time:242782ms step_avg:388.45ms
step:626/1410 train_time:243327ms step_avg:388.70ms
step:627/1410 train_time:243877ms step_avg:388.96ms
step:628/1410 train_time:244421ms step_avg:389.21ms
step:629/1410 train_time:244970ms step_avg:389.46ms
step:630/1410 train_time:245514ms step_avg:389.70ms
step:631/1410 train_time:246063ms step_avg:389.96ms
step:632/1410 train_time:246608ms step_avg:390.20ms
step:633/1410 train_time:247157ms step_avg:390.45ms
step:634/1410 train_time:247702ms step_avg:390.70ms
step:635/1410 train_time:248250ms step_avg:390.94ms
step:636/1410 train_time:248795ms step_avg:391.19ms
step:637/1410 train_time:249343ms step_avg:391.43ms
step:638/1410 train_time:249889ms step_avg:391.68ms
step:639/1410 train_time:250437ms step_avg:391.92ms
step:640/1410 train_time:250984ms step_avg:392.16ms
step:641/1410 train_time:251532ms step_avg:392.41ms
step:642/1410 train_time:252077ms step_avg:392.64ms
step:643/1410 train_time:252628ms step_avg:392.89ms
step:644/1410 train_time:253172ms step_avg:393.12ms
step:645/1410 train_time:253721ms step_avg:393.37ms
step:646/1410 train_time:254266ms step_avg:393.60ms
step:647/1410 train_time:254814ms step_avg:393.84ms
step:648/1410 train_time:255360ms step_avg:394.07ms
step:649/1410 train_time:255908ms step_avg:394.31ms
step:650/1410 train_time:256452ms step_avg:394.54ms
step:651/1410 train_time:257002ms step_avg:394.78ms
step:652/1410 train_time:257547ms step_avg:395.01ms
step:653/1410 train_time:258095ms step_avg:395.24ms
step:654/1410 train_time:258641ms step_avg:395.48ms
step:655/1410 train_time:259190ms step_avg:395.71ms
step:656/1410 train_time:259734ms step_avg:395.94ms
step:657/1410 train_time:260282ms step_avg:396.17ms
step:658/1410 train_time:260828ms step_avg:396.39ms
step:659/1410 train_time:261373ms step_avg:396.62ms
step:660/1410 train_time:261919ms step_avg:396.85ms
step:661/1410 train_time:262467ms step_avg:397.08ms
step:662/1410 train_time:263011ms step_avg:397.30ms
step:663/1410 train_time:263559ms step_avg:397.53ms
step:664/1410 train_time:264105ms step_avg:397.75ms
step:665/1410 train_time:264655ms step_avg:397.98ms
step:666/1410 train_time:265201ms step_avg:398.20ms
step:667/1410 train_time:265748ms step_avg:398.42ms
step:668/1410 train_time:266294ms step_avg:398.64ms
step:669/1410 train_time:266842ms step_avg:398.87ms
step:670/1410 train_time:267387ms step_avg:399.09ms
step:671/1410 train_time:267934ms step_avg:399.31ms
step:672/1410 train_time:268480ms step_avg:399.52ms
step:673/1410 train_time:269029ms step_avg:399.75ms
step:674/1410 train_time:269573ms step_avg:399.96ms
step:675/1410 train_time:270122ms step_avg:400.18ms
step:676/1410 train_time:270667ms step_avg:400.40ms
step:677/1410 train_time:271216ms step_avg:400.62ms
step:678/1410 train_time:271761ms step_avg:400.83ms
step:679/1410 train_time:272309ms step_avg:401.04ms
step:680/1410 train_time:272853ms step_avg:401.25ms
step:681/1410 train_time:273402ms step_avg:401.47ms
step:682/1410 train_time:273946ms step_avg:401.68ms
step:683/1410 train_time:274495ms step_avg:401.90ms
step:684/1410 train_time:275041ms step_avg:402.11ms
step:685/1410 train_time:275589ms step_avg:402.32ms
step:686/1410 train_time:276133ms step_avg:402.53ms
step:687/1410 train_time:276681ms step_avg:402.74ms
step:688/1410 train_time:277225ms step_avg:402.94ms
step:689/1410 train_time:277775ms step_avg:403.16ms
step:690/1410 train_time:278320ms step_avg:403.36ms
step:691/1410 train_time:278869ms step_avg:403.57ms
step:692/1410 train_time:279414ms step_avg:403.78ms
step:693/1410 train_time:279963ms step_avg:403.99ms
step:694/1410 train_time:280507ms step_avg:404.19ms
step:695/1410 train_time:281057ms step_avg:404.40ms
step:696/1410 train_time:281601ms step_avg:404.60ms
step:697/1410 train_time:282151ms step_avg:404.81ms
step:698/1410 train_time:282697ms step_avg:405.01ms
step:699/1410 train_time:283244ms step_avg:405.21ms
step:700/1410 train_time:283790ms step_avg:405.41ms
step:701/1410 train_time:284336ms step_avg:405.62ms
step:702/1410 train_time:284881ms step_avg:405.81ms
step:703/1410 train_time:285433ms step_avg:406.02ms
step:704/1410 train_time:285976ms step_avg:406.22ms
step:705/1410 train_time:286527ms step_avg:406.42ms
step:706/1410 train_time:287071ms step_avg:406.62ms
step:707/1410 train_time:287621ms step_avg:406.82ms
step:708/1410 train_time:288165ms step_avg:407.01ms
step:709/1410 train_time:288715ms step_avg:407.21ms
step:710/1410 train_time:289260ms step_avg:407.41ms
step:711/1410 train_time:289808ms step_avg:407.61ms
step:712/1410 train_time:290352ms step_avg:407.80ms
step:713/1410 train_time:290900ms step_avg:408.00ms
step:714/1410 train_time:291444ms step_avg:408.18ms
step:715/1410 train_time:291992ms step_avg:408.38ms
step:716/1410 train_time:292537ms step_avg:408.57ms
step:717/1410 train_time:293084ms step_avg:408.76ms
step:718/1410 train_time:293630ms step_avg:408.96ms
step:719/1410 train_time:294178ms step_avg:409.15ms
step:720/1410 train_time:294724ms step_avg:409.34ms
step:721/1410 train_time:295272ms step_avg:409.53ms
step:722/1410 train_time:295819ms step_avg:409.72ms
step:723/1410 train_time:296368ms step_avg:409.91ms
step:724/1410 train_time:296912ms step_avg:410.10ms
step:725/1410 train_time:297462ms step_avg:410.29ms
step:726/1410 train_time:298008ms step_avg:410.48ms
step:727/1410 train_time:298557ms step_avg:410.67ms
step:728/1410 train_time:299102ms step_avg:410.85ms
step:729/1410 train_time:299652ms step_avg:411.04ms
step:730/1410 train_time:300195ms step_avg:411.23ms
step:731/1410 train_time:300743ms step_avg:411.41ms
step:732/1410 train_time:301288ms step_avg:411.60ms
step:733/1410 train_time:301838ms step_avg:411.78ms
step:734/1410 train_time:302384ms step_avg:411.97ms
step:735/1410 train_time:302934ms step_avg:412.15ms
step:736/1410 train_time:303477ms step_avg:412.33ms
step:737/1410 train_time:304026ms step_avg:412.52ms
step:738/1410 train_time:304571ms step_avg:412.70ms
step:739/1410 train_time:305117ms step_avg:412.88ms
step:740/1410 train_time:305663ms step_avg:413.06ms
step:741/1410 train_time:306212ms step_avg:413.24ms
step:742/1410 train_time:306757ms step_avg:413.42ms
step:743/1410 train_time:307305ms step_avg:413.60ms
step:744/1410 train_time:307851ms step_avg:413.78ms
step:745/1410 train_time:308399ms step_avg:413.96ms
step:746/1410 train_time:308943ms step_avg:414.13ms
step:747/1410 train_time:309493ms step_avg:414.31ms
step:748/1410 train_time:310037ms step_avg:414.49ms
step:749/1410 train_time:310587ms step_avg:414.67ms
step:750/1410 train_time:311131ms step_avg:414.84ms
step:750/1410 val_loss:3.6775 train_time:311213ms step_avg:414.95ms
step:751/1410 train_time:311678ms step_avg:415.02ms
step:752/1410 train_time:312228ms step_avg:415.20ms
step:753/1410 train_time:312773ms step_avg:415.37ms
step:754/1410 train_time:313319ms step_avg:415.54ms
step:755/1410 train_time:313867ms step_avg:415.72ms
step:756/1410 train_time:314413ms step_avg:415.89ms
step:757/1410 train_time:314962ms step_avg:416.07ms
step:758/1410 train_time:315509ms step_avg:416.24ms
step:759/1410 train_time:316056ms step_avg:416.41ms
step:760/1410 train_time:316601ms step_avg:416.58ms
step:761/1410 train_time:317150ms step_avg:416.75ms
step:762/1410 train_time:317696ms step_avg:416.92ms
step:763/1410 train_time:318245ms step_avg:417.10ms
step:764/1410 train_time:318790ms step_avg:417.26ms
step:765/1410 train_time:319339ms step_avg:417.44ms
step:766/1410 train_time:319881ms step_avg:417.60ms
step:767/1410 train_time:320430ms step_avg:417.77ms
step:768/1410 train_time:320975ms step_avg:417.94ms
step:769/1410 train_time:321524ms step_avg:418.11ms
step:770/1410 train_time:322068ms step_avg:418.27ms
step:771/1410 train_time:322616ms step_avg:418.44ms
step:772/1410 train_time:323162ms step_avg:418.60ms
step:773/1410 train_time:323710ms step_avg:418.77ms
step:774/1410 train_time:324254ms step_avg:418.93ms
step:775/1410 train_time:324804ms step_avg:419.10ms
step:776/1410 train_time:325348ms step_avg:419.26ms
step:777/1410 train_time:325898ms step_avg:419.43ms
step:778/1410 train_time:326442ms step_avg:419.59ms
step:779/1410 train_time:326991ms step_avg:419.76ms
step:780/1410 train_time:327534ms step_avg:419.92ms
step:781/1410 train_time:328083ms step_avg:420.08ms
step:782/1410 train_time:328629ms step_avg:420.24ms
step:783/1410 train_time:329177ms step_avg:420.41ms
step:784/1410 train_time:329721ms step_avg:420.56ms
step:785/1410 train_time:330271ms step_avg:420.73ms
step:786/1410 train_time:330815ms step_avg:420.88ms
step:787/1410 train_time:331364ms step_avg:421.05ms
step:788/1410 train_time:331907ms step_avg:421.20ms
step:789/1410 train_time:332455ms step_avg:421.36ms
step:790/1410 train_time:333001ms step_avg:421.52ms
step:791/1410 train_time:333549ms step_avg:421.68ms
step:792/1410 train_time:334093ms step_avg:421.83ms
step:793/1410 train_time:334642ms step_avg:422.00ms
step:794/1410 train_time:335187ms step_avg:422.15ms
step:795/1410 train_time:335737ms step_avg:422.31ms
step:796/1410 train_time:336280ms step_avg:422.46ms
step:797/1410 train_time:336829ms step_avg:422.62ms
step:798/1410 train_time:337372ms step_avg:422.77ms
step:799/1410 train_time:337921ms step_avg:422.93ms
step:800/1410 train_time:338466ms step_avg:423.08ms
step:801/1410 train_time:339016ms step_avg:423.24ms
step:802/1410 train_time:339559ms step_avg:423.39ms
step:803/1410 train_time:340108ms step_avg:423.55ms
step:804/1410 train_time:340652ms step_avg:423.70ms
step:805/1410 train_time:341201ms step_avg:423.85ms
step:806/1410 train_time:341746ms step_avg:424.00ms
step:807/1410 train_time:342295ms step_avg:424.16ms
step:808/1410 train_time:342840ms step_avg:424.31ms
step:809/1410 train_time:343389ms step_avg:424.46ms
step:810/1410 train_time:343933ms step_avg:424.61ms
step:811/1410 train_time:344483ms step_avg:424.76ms
step:812/1410 train_time:345030ms step_avg:424.91ms
step:813/1410 train_time:345578ms step_avg:425.07ms
step:814/1410 train_time:346123ms step_avg:425.21ms
step:815/1410 train_time:346671ms step_avg:425.36ms
step:816/1410 train_time:347215ms step_avg:425.51ms
step:817/1410 train_time:347763ms step_avg:425.66ms
step:818/1410 train_time:348308ms step_avg:425.80ms
step:819/1410 train_time:348859ms step_avg:425.96ms
step:820/1410 train_time:349403ms step_avg:426.10ms
step:821/1410 train_time:349953ms step_avg:426.25ms
step:822/1410 train_time:350499ms step_avg:426.40ms
step:823/1410 train_time:351046ms step_avg:426.54ms
step:824/1410 train_time:351591ms step_avg:426.69ms
step:825/1410 train_time:352138ms step_avg:426.83ms
step:826/1410 train_time:352683ms step_avg:426.98ms
step:827/1410 train_time:353231ms step_avg:427.12ms
step:828/1410 train_time:353776ms step_avg:427.27ms
step:829/1410 train_time:354326ms step_avg:427.41ms
step:830/1410 train_time:354871ms step_avg:427.56ms
step:831/1410 train_time:355417ms step_avg:427.70ms
step:832/1410 train_time:355964ms step_avg:427.84ms
step:833/1410 train_time:356512ms step_avg:427.99ms
step:834/1410 train_time:357228ms step_avg:428.33ms
step:835/1410 train_time:357970ms step_avg:428.71ms
step:836/1410 train_time:358706ms step_avg:429.07ms
step:837/1410 train_time:359447ms step_avg:429.45ms
step:838/1410 train_time:360182ms step_avg:429.81ms
step:839/1410 train_time:360922ms step_avg:430.18ms
step:840/1410 train_time:361658ms step_avg:430.55ms
step:841/1410 train_time:362397ms step_avg:430.91ms
step:842/1410 train_time:363132ms step_avg:431.27ms
step:843/1410 train_time:363873ms step_avg:431.64ms
step:844/1410 train_time:364609ms step_avg:432.00ms
step:845/1410 train_time:365348ms step_avg:432.36ms
step:846/1410 train_time:366083ms step_avg:432.72ms
step:847/1410 train_time:366825ms step_avg:433.09ms
step:848/1410 train_time:367561ms step_avg:433.44ms
step:849/1410 train_time:368301ms step_avg:433.81ms
step:850/1410 train_time:369037ms step_avg:434.16ms
step:851/1410 train_time:369775ms step_avg:434.52ms
step:852/1410 train_time:370510ms step_avg:434.87ms
step:853/1410 train_time:371251ms step_avg:435.23ms
step:854/1410 train_time:371989ms step_avg:435.58ms
step:855/1410 train_time:372731ms step_avg:435.94ms
step:856/1410 train_time:373467ms step_avg:436.29ms
step:857/1410 train_time:374205ms step_avg:436.65ms
step:858/1410 train_time:374943ms step_avg:437.00ms
step:859/1410 train_time:375680ms step_avg:437.35ms
step:860/1410 train_time:376417ms step_avg:437.69ms
step:861/1410 train_time:377158ms step_avg:438.05ms
step:862/1410 train_time:377894ms step_avg:438.39ms
step:863/1410 train_time:378633ms step_avg:438.74ms
step:864/1410 train_time:379369ms step_avg:439.08ms
step:865/1410 train_time:380108ms step_avg:439.43ms
step:866/1410 train_time:380847ms step_avg:439.78ms
step:867/1410 train_time:381587ms step_avg:440.12ms
step:868/1410 train_time:382323ms step_avg:440.46ms
step:869/1410 train_time:383064ms step_avg:440.81ms
step:870/1410 train_time:383799ms step_avg:441.15ms
step:871/1410 train_time:384540ms step_avg:441.49ms
step:872/1410 train_time:385277ms step_avg:441.83ms
step:873/1410 train_time:386017ms step_avg:442.17ms
step:874/1410 train_time:386752ms step_avg:442.51ms
step:875/1410 train_time:387492ms step_avg:442.85ms
step:876/1410 train_time:388228ms step_avg:443.18ms
step:877/1410 train_time:388968ms step_avg:443.52ms
step:878/1410 train_time:389703ms step_avg:443.85ms
step:879/1410 train_time:390446ms step_avg:444.19ms
step:880/1410 train_time:391180ms step_avg:444.52ms
step:881/1410 train_time:391920ms step_avg:444.86ms
step:882/1410 train_time:392657ms step_avg:445.19ms
step:883/1410 train_time:393398ms step_avg:445.52ms
step:884/1410 train_time:394135ms step_avg:445.85ms
step:885/1410 train_time:394876ms step_avg:446.19ms
step:886/1410 train_time:395612ms step_avg:446.51ms
step:887/1410 train_time:396351ms step_avg:446.84ms
step:888/1410 train_time:397088ms step_avg:447.17ms
step:889/1410 train_time:397828ms step_avg:447.50ms
step:890/1410 train_time:398564ms step_avg:447.82ms
step:891/1410 train_time:399304ms step_avg:448.15ms
step:892/1410 train_time:400040ms step_avg:448.48ms
step:893/1410 train_time:400780ms step_avg:448.80ms
step:894/1410 train_time:401517ms step_avg:449.12ms
step:895/1410 train_time:402257ms step_avg:449.45ms
step:896/1410 train_time:402992ms step_avg:449.77ms
step:897/1410 train_time:403732ms step_avg:450.09ms
step:898/1410 train_time:404469ms step_avg:450.41ms
step:899/1410 train_time:405209ms step_avg:450.73ms
step:900/1410 train_time:405944ms step_avg:451.05ms
step:901/1410 train_time:406686ms step_avg:451.37ms
step:902/1410 train_time:407421ms step_avg:451.69ms
step:903/1410 train_time:408162ms step_avg:452.01ms
step:904/1410 train_time:408897ms step_avg:452.32ms
step:905/1410 train_time:409637ms step_avg:452.64ms
step:906/1410 train_time:410372ms step_avg:452.95ms
step:907/1410 train_time:411113ms step_avg:453.27ms
step:908/1410 train_time:411848ms step_avg:453.58ms
step:909/1410 train_time:412588ms step_avg:453.89ms
step:910/1410 train_time:413324ms step_avg:454.20ms
step:911/1410 train_time:414064ms step_avg:454.52ms
step:912/1410 train_time:414801ms step_avg:454.83ms
step:913/1410 train_time:415540ms step_avg:455.14ms
step:914/1410 train_time:416277ms step_avg:455.45ms
step:915/1410 train_time:417018ms step_avg:455.76ms
step:916/1410 train_time:417755ms step_avg:456.06ms
step:917/1410 train_time:418496ms step_avg:456.37ms
step:918/1410 train_time:419231ms step_avg:456.68ms
step:919/1410 train_time:419972ms step_avg:456.99ms
step:920/1410 train_time:420707ms step_avg:457.29ms
step:921/1410 train_time:421448ms step_avg:457.60ms
step:922/1410 train_time:422186ms step_avg:457.90ms
step:923/1410 train_time:422925ms step_avg:458.21ms
step:924/1410 train_time:423661ms step_avg:458.51ms
step:925/1410 train_time:424402ms step_avg:458.81ms
step:926/1410 train_time:425137ms step_avg:459.11ms
step:927/1410 train_time:425878ms step_avg:459.42ms
step:928/1410 train_time:426613ms step_avg:459.71ms
step:929/1410 train_time:427354ms step_avg:460.02ms
step:930/1410 train_time:428091ms step_avg:460.31ms
step:931/1410 train_time:428832ms step_avg:460.61ms
step:932/1410 train_time:429566ms step_avg:460.91ms
step:933/1410 train_time:430307ms step_avg:461.21ms
step:934/1410 train_time:431045ms step_avg:461.50ms
step:935/1410 train_time:431784ms step_avg:461.80ms
step:936/1410 train_time:432522ms step_avg:462.10ms
step:937/1410 train_time:433261ms step_avg:462.39ms
step:938/1410 train_time:433996ms step_avg:462.68ms
step:939/1410 train_time:434736ms step_avg:462.98ms
step:940/1410 train_time:435473ms step_avg:463.27ms
step:941/1410 train_time:436212ms step_avg:463.56ms
step:942/1410 train_time:436949ms step_avg:463.85ms
step:943/1410 train_time:437690ms step_avg:464.15ms
step:944/1410 train_time:438426ms step_avg:464.43ms
step:945/1410 train_time:439167ms step_avg:464.73ms
step:946/1410 train_time:439903ms step_avg:465.01ms
step:947/1410 train_time:440644ms step_avg:465.30ms
step:948/1410 train_time:441380ms step_avg:465.59ms
step:949/1410 train_time:442121ms step_avg:465.88ms
step:950/1410 train_time:442856ms step_avg:466.16ms
step:951/1410 train_time:443597ms step_avg:466.45ms
step:952/1410 train_time:444331ms step_avg:466.73ms
step:953/1410 train_time:445071ms step_avg:467.02ms
step:954/1410 train_time:445807ms step_avg:467.30ms
step:955/1410 train_time:446548ms step_avg:467.59ms
step:956/1410 train_time:447284ms step_avg:467.87ms
step:957/1410 train_time:448027ms step_avg:468.16ms
step:958/1410 train_time:448762ms step_avg:468.44ms
step:959/1410 train_time:449502ms step_avg:468.72ms
step:960/1410 train_time:450238ms step_avg:469.00ms
step:961/1410 train_time:450979ms step_avg:469.28ms
step:962/1410 train_time:451715ms step_avg:469.56ms
step:963/1410 train_time:452454ms step_avg:469.84ms
step:964/1410 train_time:453190ms step_avg:470.11ms
step:965/1410 train_time:453932ms step_avg:470.40ms
step:966/1410 train_time:454669ms step_avg:470.67ms
step:967/1410 train_time:455409ms step_avg:470.95ms
step:968/1410 train_time:456145ms step_avg:471.22ms
step:969/1410 train_time:456885ms step_avg:471.50ms
step:970/1410 train_time:457620ms step_avg:471.77ms
step:971/1410 train_time:458359ms step_avg:472.05ms
step:972/1410 train_time:459093ms step_avg:472.32ms
step:973/1410 train_time:459835ms step_avg:472.60ms
step:974/1410 train_time:460569ms step_avg:472.86ms
step:975/1410 train_time:461311ms step_avg:473.14ms
step:976/1410 train_time:462046ms step_avg:473.41ms
step:977/1410 train_time:462787ms step_avg:473.68ms
step:978/1410 train_time:463523ms step_avg:473.95ms
step:979/1410 train_time:464263ms step_avg:474.22ms
step:980/1410 train_time:465000ms step_avg:474.49ms
step:981/1410 train_time:465740ms step_avg:474.76ms
step:982/1410 train_time:466476ms step_avg:475.03ms
step:983/1410 train_time:467217ms step_avg:475.30ms
step:984/1410 train_time:467953ms step_avg:475.56ms
step:985/1410 train_time:468692ms step_avg:475.83ms
step:986/1410 train_time:469428ms step_avg:476.09ms
step:987/1410 train_time:470167ms step_avg:476.36ms
step:988/1410 train_time:470900ms step_avg:476.62ms
step:989/1410 train_time:471642ms step_avg:476.89ms
step:990/1410 train_time:472378ms step_avg:477.15ms
step:991/1410 train_time:473118ms step_avg:477.42ms
step:992/1410 train_time:473852ms step_avg:477.67ms
step:993/1410 train_time:474593ms step_avg:477.94ms
step:994/1410 train_time:475328ms step_avg:478.20ms
step:995/1410 train_time:476068ms step_avg:478.46ms
step:996/1410 train_time:476802ms step_avg:478.72ms
step:997/1410 train_time:477542ms step_avg:478.98ms
step:998/1410 train_time:478278ms step_avg:479.24ms
step:999/1410 train_time:479018ms step_avg:479.50ms
step:1000/1410 train_time:479755ms step_avg:479.75ms
step:1000/1410 val_loss:3.4216 train_time:479860ms step_avg:479.86ms
step:1001/1410 train_time:480499ms step_avg:480.02ms
step:1002/1410 train_time:481234ms step_avg:480.27ms
step:1003/1410 train_time:481974ms step_avg:480.53ms
step:1004/1410 train_time:482709ms step_avg:480.79ms
step:1005/1410 train_time:483448ms step_avg:481.04ms
step:1006/1410 train_time:484186ms step_avg:481.30ms
step:1007/1410 train_time:484925ms step_avg:481.55ms
step:1008/1410 train_time:485659ms step_avg:481.80ms
step:1009/1410 train_time:486399ms step_avg:482.06ms
step:1010/1410 train_time:487135ms step_avg:482.31ms
step:1011/1410 train_time:487875ms step_avg:482.57ms
step:1012/1410 train_time:488610ms step_avg:482.82ms
step:1013/1410 train_time:489351ms step_avg:483.07ms
step:1014/1410 train_time:490085ms step_avg:483.32ms
step:1015/1410 train_time:490826ms step_avg:483.57ms
step:1016/1410 train_time:491562ms step_avg:483.82ms
step:1017/1410 train_time:492299ms step_avg:484.07ms
step:1018/1410 train_time:493037ms step_avg:484.32ms
step:1019/1410 train_time:493776ms step_avg:484.57ms
step:1020/1410 train_time:494511ms step_avg:484.81ms
step:1021/1410 train_time:495252ms step_avg:485.07ms
step:1022/1410 train_time:495990ms step_avg:485.31ms
step:1023/1410 train_time:496730ms step_avg:485.56ms
step:1024/1410 train_time:497467ms step_avg:485.81ms
step:1025/1410 train_time:498208ms step_avg:486.06ms
step:1026/1410 train_time:498943ms step_avg:486.30ms
step:1027/1410 train_time:499683ms step_avg:486.55ms
step:1028/1410 train_time:500418ms step_avg:486.79ms
step:1029/1410 train_time:501159ms step_avg:487.04ms
step:1030/1410 train_time:501895ms step_avg:487.28ms
step:1031/1410 train_time:502636ms step_avg:487.52ms
step:1032/1410 train_time:503373ms step_avg:487.76ms
step:1033/1410 train_time:504112ms step_avg:488.01ms
step:1034/1410 train_time:504848ms step_avg:488.25ms
step:1035/1410 train_time:505589ms step_avg:488.49ms
step:1036/1410 train_time:506326ms step_avg:488.73ms
step:1037/1410 train_time:507067ms step_avg:488.97ms
step:1038/1410 train_time:507804ms step_avg:489.21ms
step:1039/1410 train_time:508545ms step_avg:489.46ms
step:1040/1410 train_time:509281ms step_avg:489.69ms
step:1041/1410 train_time:510020ms step_avg:489.93ms
step:1042/1410 train_time:510757ms step_avg:490.17ms
step:1043/1410 train_time:511497ms step_avg:490.41ms
step:1044/1410 train_time:512233ms step_avg:490.64ms
step:1045/1410 train_time:512975ms step_avg:490.88ms
step:1046/1410 train_time:513710ms step_avg:491.12ms
step:1047/1410 train_time:514451ms step_avg:491.36ms
step:1048/1410 train_time:515189ms step_avg:491.59ms
step:1049/1410 train_time:515929ms step_avg:491.83ms
step:1050/1410 train_time:516664ms step_avg:492.06ms
step:1051/1410 train_time:517405ms step_avg:492.30ms
step:1052/1410 train_time:518140ms step_avg:492.53ms
step:1053/1410 train_time:518880ms step_avg:492.76ms
step:1054/1410 train_time:519616ms step_avg:492.99ms
step:1055/1410 train_time:520355ms step_avg:493.23ms
step:1056/1410 train_time:521090ms step_avg:493.46ms
step:1057/1410 train_time:521831ms step_avg:493.69ms
step:1058/1410 train_time:522569ms step_avg:493.92ms
step:1059/1410 train_time:523306ms step_avg:494.15ms
step:1060/1410 train_time:524042ms step_avg:494.38ms
step:1061/1410 train_time:524782ms step_avg:494.61ms
step:1062/1410 train_time:525517ms step_avg:494.84ms
step:1063/1410 train_time:526259ms step_avg:495.07ms
step:1064/1410 train_time:526993ms step_avg:495.29ms
step:1065/1410 train_time:527733ms step_avg:495.52ms
step:1066/1410 train_time:528468ms step_avg:495.75ms
step:1067/1410 train_time:529209ms step_avg:495.98ms
step:1068/1410 train_time:529944ms step_avg:496.20ms
step:1069/1410 train_time:530683ms step_avg:496.43ms
step:1070/1410 train_time:531419ms step_avg:496.65ms
step:1071/1410 train_time:532160ms step_avg:496.88ms
step:1072/1410 train_time:532896ms step_avg:497.10ms
step:1073/1410 train_time:533639ms step_avg:497.33ms
step:1074/1410 train_time:534376ms step_avg:497.56ms
step:1075/1410 train_time:535116ms step_avg:497.78ms
step:1076/1410 train_time:535853ms step_avg:498.00ms
step:1077/1410 train_time:536593ms step_avg:498.23ms
step:1078/1410 train_time:537331ms step_avg:498.45ms
step:1079/1410 train_time:538070ms step_avg:498.67ms
step:1080/1410 train_time:538809ms step_avg:498.90ms
step:1081/1410 train_time:539548ms step_avg:499.12ms
step:1082/1410 train_time:540286ms step_avg:499.34ms
step:1083/1410 train_time:541025ms step_avg:499.56ms
step:1084/1410 train_time:541761ms step_avg:499.78ms
step:1085/1410 train_time:542500ms step_avg:500.00ms
step:1086/1410 train_time:543237ms step_avg:500.22ms
step:1087/1410 train_time:543976ms step_avg:500.44ms
step:1088/1410 train_time:544709ms step_avg:500.65ms
step:1089/1410 train_time:545450ms step_avg:500.87ms
step:1090/1410 train_time:546186ms step_avg:501.09ms
step:1091/1410 train_time:546924ms step_avg:501.31ms
step:1092/1410 train_time:547661ms step_avg:501.52ms
step:1093/1410 train_time:548402ms step_avg:501.74ms
step:1094/1410 train_time:549139ms step_avg:501.96ms
step:1095/1410 train_time:549878ms step_avg:502.17ms
step:1096/1410 train_time:550615ms step_avg:502.39ms
step:1097/1410 train_time:551356ms step_avg:502.60ms
step:1098/1410 train_time:552090ms step_avg:502.81ms
step:1099/1410 train_time:552828ms step_avg:503.03ms
step:1100/1410 train_time:553563ms step_avg:503.24ms
step:1101/1410 train_time:554304ms step_avg:503.46ms
step:1102/1410 train_time:555040ms step_avg:503.67ms
step:1103/1410 train_time:555779ms step_avg:503.88ms
step:1104/1410 train_time:556515ms step_avg:504.09ms
step:1105/1410 train_time:557256ms step_avg:504.30ms
step:1106/1410 train_time:557991ms step_avg:504.51ms
step:1107/1410 train_time:558733ms step_avg:504.73ms
step:1108/1410 train_time:559471ms step_avg:504.94ms
step:1109/1410 train_time:560210ms step_avg:505.15ms
step:1110/1410 train_time:560947ms step_avg:505.36ms
step:1111/1410 train_time:561686ms step_avg:505.57ms
step:1112/1410 train_time:562424ms step_avg:505.78ms
step:1113/1410 train_time:563165ms step_avg:505.99ms
step:1114/1410 train_time:563901ms step_avg:506.19ms
step:1115/1410 train_time:564641ms step_avg:506.40ms
step:1116/1410 train_time:565379ms step_avg:506.61ms
step:1117/1410 train_time:566119ms step_avg:506.82ms
step:1118/1410 train_time:566855ms step_avg:507.03ms
step:1119/1410 train_time:567596ms step_avg:507.23ms
step:1120/1410 train_time:568331ms step_avg:507.44ms
step:1121/1410 train_time:569073ms step_avg:507.65ms
step:1122/1410 train_time:569808ms step_avg:507.85ms
step:1123/1410 train_time:570548ms step_avg:508.06ms
step:1124/1410 train_time:571285ms step_avg:508.26ms
step:1125/1410 train_time:572025ms step_avg:508.47ms
step:1126/1410 train_time:572762ms step_avg:508.67ms
step:1127/1410 train_time:573503ms step_avg:508.88ms
step:1128/1410 train_time:574239ms step_avg:509.08ms
step:1129/1410 train_time:574978ms step_avg:509.28ms
step:1130/1410 train_time:575716ms step_avg:509.48ms
step:1131/1410 train_time:576457ms step_avg:509.69ms
step:1132/1410 train_time:577194ms step_avg:509.89ms
step:1133/1410 train_time:577933ms step_avg:510.09ms
step:1134/1410 train_time:578669ms step_avg:510.29ms
step:1135/1410 train_time:579409ms step_avg:510.49ms
step:1136/1410 train_time:580146ms step_avg:510.69ms
step:1137/1410 train_time:580887ms step_avg:510.89ms
step:1138/1410 train_time:581624ms step_avg:511.09ms
step:1139/1410 train_time:582365ms step_avg:511.30ms
step:1140/1410 train_time:583099ms step_avg:511.49ms
step:1141/1410 train_time:583840ms step_avg:511.69ms
step:1142/1410 train_time:584575ms step_avg:511.89ms
step:1143/1410 train_time:585315ms step_avg:512.09ms
step:1144/1410 train_time:586053ms step_avg:512.28ms
step:1145/1410 train_time:586793ms step_avg:512.48ms
step:1146/1410 train_time:587529ms step_avg:512.68ms
step:1147/1410 train_time:588270ms step_avg:512.88ms
step:1148/1410 train_time:589006ms step_avg:513.07ms
step:1149/1410 train_time:589745ms step_avg:513.27ms
step:1150/1410 train_time:590482ms step_avg:513.46ms
step:1151/1410 train_time:591223ms step_avg:513.66ms
step:1152/1410 train_time:591961ms step_avg:513.85ms
step:1153/1410 train_time:592701ms step_avg:514.05ms
step:1154/1410 train_time:593437ms step_avg:514.24ms
step:1155/1410 train_time:594178ms step_avg:514.44ms
step:1156/1410 train_time:594913ms step_avg:514.63ms
step:1157/1410 train_time:595654ms step_avg:514.83ms
step:1158/1410 train_time:596390ms step_avg:515.02ms
step:1159/1410 train_time:597129ms step_avg:515.21ms
step:1160/1410 train_time:597864ms step_avg:515.40ms
step:1161/1410 train_time:598605ms step_avg:515.59ms
step:1162/1410 train_time:599343ms step_avg:515.79ms
step:1163/1410 train_time:600084ms step_avg:515.98ms
step:1164/1410 train_time:600819ms step_avg:516.17ms
step:1165/1410 train_time:601559ms step_avg:516.36ms
step:1166/1410 train_time:602295ms step_avg:516.55ms
step:1167/1410 train_time:603036ms step_avg:516.74ms
step:1168/1410 train_time:603773ms step_avg:516.93ms
step:1169/1410 train_time:604514ms step_avg:517.12ms
step:1170/1410 train_time:605249ms step_avg:517.31ms
step:1171/1410 train_time:605990ms step_avg:517.50ms
step:1172/1410 train_time:606725ms step_avg:517.68ms
step:1173/1410 train_time:607467ms step_avg:517.87ms
step:1174/1410 train_time:608203ms step_avg:518.06ms
step:1175/1410 train_time:608944ms step_avg:518.25ms
step:1176/1410 train_time:609681ms step_avg:518.44ms
step:1177/1410 train_time:610418ms step_avg:518.62ms
step:1178/1410 train_time:611157ms step_avg:518.81ms
step:1179/1410 train_time:611897ms step_avg:519.00ms
step:1180/1410 train_time:612632ms step_avg:519.18ms
step:1181/1410 train_time:613371ms step_avg:519.37ms
step:1182/1410 train_time:614106ms step_avg:519.55ms
step:1183/1410 train_time:614848ms step_avg:519.74ms
step:1184/1410 train_time:615581ms step_avg:519.92ms
step:1185/1410 train_time:616321ms step_avg:520.10ms
step:1186/1410 train_time:617058ms step_avg:520.28ms
step:1187/1410 train_time:617797ms step_avg:520.47ms
step:1188/1410 train_time:618534ms step_avg:520.65ms
step:1189/1410 train_time:619275ms step_avg:520.84ms
step:1190/1410 train_time:620011ms step_avg:521.02ms
step:1191/1410 train_time:620750ms step_avg:521.20ms
step:1192/1410 train_time:621488ms step_avg:521.38ms
step:1193/1410 train_time:622228ms step_avg:521.57ms
step:1194/1410 train_time:622963ms step_avg:521.74ms
step:1195/1410 train_time:623703ms step_avg:521.93ms
step:1196/1410 train_time:624440ms step_avg:522.11ms
step:1197/1410 train_time:625181ms step_avg:522.29ms
step:1198/1410 train_time:625917ms step_avg:522.47ms
step:1199/1410 train_time:626657ms step_avg:522.65ms
step:1200/1410 train_time:627392ms step_avg:522.83ms
step:1201/1410 train_time:628131ms step_avg:523.01ms
step:1202/1410 train_time:628868ms step_avg:523.18ms
step:1203/1410 train_time:629607ms step_avg:523.36ms
step:1204/1410 train_time:630345ms step_avg:523.54ms
step:1205/1410 train_time:631084ms step_avg:523.72ms
step:1206/1410 train_time:631821ms step_avg:523.90ms
step:1207/1410 train_time:632562ms step_avg:524.08ms
step:1208/1410 train_time:633298ms step_avg:524.25ms
step:1209/1410 train_time:634038ms step_avg:524.43ms
step:1210/1410 train_time:634772ms step_avg:524.61ms
step:1211/1410 train_time:635512ms step_avg:524.78ms
step:1212/1410 train_time:636249ms step_avg:524.96ms
step:1213/1410 train_time:636989ms step_avg:525.14ms
step:1214/1410 train_time:637726ms step_avg:525.31ms
step:1215/1410 train_time:638467ms step_avg:525.49ms
step:1216/1410 train_time:639201ms step_avg:525.66ms
step:1217/1410 train_time:639942ms step_avg:525.84ms
step:1218/1410 train_time:640679ms step_avg:526.01ms
step:1219/1410 train_time:641419ms step_avg:526.18ms
step:1220/1410 train_time:642157ms step_avg:526.36ms
step:1221/1410 train_time:642896ms step_avg:526.53ms
step:1222/1410 train_time:643630ms step_avg:526.70ms
step:1223/1410 train_time:644372ms step_avg:526.88ms
step:1224/1410 train_time:645108ms step_avg:527.05ms
step:1225/1410 train_time:645847ms step_avg:527.22ms
step:1226/1410 train_time:646584ms step_avg:527.39ms
step:1227/1410 train_time:647326ms step_avg:527.57ms
step:1228/1410 train_time:648061ms step_avg:527.74ms
step:1229/1410 train_time:648800ms step_avg:527.91ms
step:1230/1410 train_time:649536ms step_avg:528.08ms
step:1231/1410 train_time:650276ms step_avg:528.25ms
step:1232/1410 train_time:651011ms step_avg:528.42ms
step:1233/1410 train_time:651751ms step_avg:528.59ms
step:1234/1410 train_time:652487ms step_avg:528.76ms
step:1235/1410 train_time:653228ms step_avg:528.93ms
step:1236/1410 train_time:653965ms step_avg:529.10ms
step:1237/1410 train_time:654707ms step_avg:529.27ms
step:1238/1410 train_time:655444ms step_avg:529.44ms
step:1239/1410 train_time:656186ms step_avg:529.61ms
step:1240/1410 train_time:656922ms step_avg:529.78ms
step:1241/1410 train_time:657661ms step_avg:529.94ms
step:1242/1410 train_time:658398ms step_avg:530.11ms
step:1243/1410 train_time:659137ms step_avg:530.28ms
step:1244/1410 train_time:659873ms step_avg:530.44ms
step:1245/1410 train_time:660614ms step_avg:530.61ms
step:1246/1410 train_time:661350ms step_avg:530.78ms
step:1247/1410 train_time:662089ms step_avg:530.95ms
step:1248/1410 train_time:662823ms step_avg:531.11ms
step:1249/1410 train_time:663563ms step_avg:531.28ms
step:1250/1410 train_time:664299ms step_avg:531.44ms
step:1250/1410 val_loss:3.3025 train_time:664410ms step_avg:531.53ms
step:1251/1410 train_time:665048ms step_avg:531.61ms
step:1252/1410 train_time:665791ms step_avg:531.78ms
step:1253/1410 train_time:666535ms step_avg:531.95ms
step:1254/1410 train_time:667276ms step_avg:532.12ms
step:1255/1410 train_time:668018ms step_avg:532.29ms
step:1255/1410 val_loss:3.2967 train_time:668196ms step_avg:532.43ms final_eval
step:1256/1410 train_time:668835ms step_avg:532.51ms
step:1257/1410 train_time:669575ms step_avg:532.68ms
step:1258/1410 train_time:670313ms step_avg:532.84ms
step:1259/1410 train_time:671056ms step_avg:533.01ms
step:1260/1410 train_time:671792ms step_avg:533.17ms
step:1260/1410 val_loss:3.2950 train_time:671897ms step_avg:533.25ms final_eval
step:1261/1410 train_time:672534ms step_avg:533.33ms
step:1262/1410 train_time:673272ms step_avg:533.50ms
step:1263/1410 train_time:674013ms step_avg:533.66ms
step:1264/1410 train_time:674751ms step_avg:533.82ms
step:1265/1410 train_time:675494ms step_avg:533.99ms
step:1265/1410 val_loss:3.2939 train_time:675593ms step_avg:534.07ms final_eval
step:1266/1410 train_time:676235ms step_avg:534.15ms
step:1267/1410 train_time:676978ms step_avg:534.32ms
step:1268/1410 train_time:677718ms step_avg:534.48ms
step:1269/1410 train_time:678463ms step_avg:534.64ms
step:1270/1410 train_time:679203ms step_avg:534.81ms
step:1270/1410 val_loss:3.2924 train_time:679309ms step_avg:534.89ms final_eval
step:1271/1410 train_time:679949ms step_avg:534.97ms
step:1272/1410 train_time:680689ms step_avg:535.13ms
step:1273/1410 train_time:681434ms step_avg:535.30ms
step:1274/1410 train_time:682173ms step_avg:535.46ms
step:1275/1410 train_time:682919ms step_avg:535.62ms
step:1275/1410 val_loss:3.2914 train_time:683017ms step_avg:535.70ms final_eval
step:1276/1410 train_time:683658ms step_avg:535.78ms
step:1277/1410 train_time:684400ms step_avg:535.94ms
step:1278/1410 train_time:685140ms step_avg:536.10ms
step:1279/1410 train_time:685881ms step_avg:536.26ms
step:1280/1410 train_time:686621ms step_avg:536.42ms
step:1280/1410 val_loss:3.2903 train_time:686726ms step_avg:536.51ms final_eval
step:1281/1410 train_time:687365ms step_avg:536.58ms
step:1282/1410 train_time:688102ms step_avg:536.74ms
step:1283/1410 train_time:688846ms step_avg:536.90ms
step:1284/1410 train_time:689582ms step_avg:537.06ms
step:1285/1410 train_time:690328ms step_avg:537.22ms
step:1285/1410 val_loss:3.2894 train_time:690428ms step_avg:537.30ms final_eval
step:1286/1410 train_time:691066ms step_avg:537.38ms
step:1287/1410 train_time:691810ms step_avg:537.54ms
step:1288/1410 train_time:692550ms step_avg:537.69ms
step:1289/1410 train_time:693292ms step_avg:537.85ms
step:1290/1410 train_time:694035ms step_avg:538.01ms
step:1290/1410 val_loss:3.2884 train_time:694140ms step_avg:538.09ms final_eval
step:1291/1410 train_time:694779ms step_avg:538.17ms
step:1292/1410 train_time:695519ms step_avg:538.33ms
step:1293/1410 train_time:696263ms step_avg:538.49ms
step:1294/1410 train_time:697003ms step_avg:538.64ms
step:1295/1410 train_time:697746ms step_avg:538.80ms
step:1295/1410 val_loss:3.2876 train_time:697845ms step_avg:538.88ms final_eval
step:1296/1410 train_time:698485ms step_avg:538.95ms
step:1297/1410 train_time:699230ms step_avg:539.11ms
step:1298/1410 train_time:699970ms step_avg:539.27ms
step:1299/1410 train_time:700711ms step_avg:539.42ms
step:1300/1410 train_time:701451ms step_avg:539.58ms
step:1300/1410 val_loss:3.2865 train_time:701557ms step_avg:539.66ms final_eval
step:1301/1410 train_time:702196ms step_avg:539.74ms
step:1302/1410 train_time:702936ms step_avg:539.89ms
step:1303/1410 train_time:703681ms step_avg:540.05ms
step:1304/1410 train_time:704419ms step_avg:540.20ms
step:1305/1410 train_time:705163ms step_avg:540.35ms
step:1305/1410 val_loss:3.2859 train_time:705263ms step_avg:540.43ms final_eval
step:1306/1410 train_time:705902ms step_avg:540.51ms
step:1307/1410 train_time:706648ms step_avg:540.66ms
step:1308/1410 train_time:707388ms step_avg:540.82ms
step:1309/1410 train_time:708131ms step_avg:540.97ms
step:1310/1410 train_time:708874ms step_avg:541.12ms
step:1310/1410 val_loss:3.2851 train_time:708978ms step_avg:541.20ms final_eval
step:1311/1410 train_time:709616ms step_avg:541.28ms
step:1312/1410 train_time:710357ms step_avg:541.43ms
step:1313/1410 train_time:711100ms step_avg:541.58ms
step:1314/1410 train_time:711840ms step_avg:541.74ms
step:1315/1410 train_time:712583ms step_avg:541.89ms
step:1315/1410 val_loss:3.2839 train_time:712682ms step_avg:541.96ms final_eval
step:1316/1410 train_time:713323ms step_avg:542.04ms
step:1317/1410 train_time:714067ms step_avg:542.19ms
step:1318/1410 train_time:714806ms step_avg:542.34ms
step:1319/1410 train_time:715551ms step_avg:542.49ms
step:1320/1410 train_time:716289ms step_avg:542.64ms
step:1320/1410 val_loss:3.2829 train_time:716394ms step_avg:542.72ms final_eval
step:1321/1410 train_time:717035ms step_avg:542.80ms
step:1322/1410 train_time:717775ms step_avg:542.95ms
step:1323/1410 train_time:718516ms step_avg:543.10ms
step:1324/1410 train_time:719255ms step_avg:543.24ms
step:1325/1410 train_time:719998ms step_avg:543.39ms
step:1325/1410 val_loss:3.2823 train_time:720097ms step_avg:543.47ms final_eval
step:1326/1410 train_time:720740ms step_avg:543.54ms
step:1327/1410 train_time:721485ms step_avg:543.70ms
step:1328/1410 train_time:722224ms step_avg:543.84ms
step:1329/1410 train_time:722970ms step_avg:544.00ms
step:1330/1410 train_time:723708ms step_avg:544.14ms
step:1330/1410 val_loss:3.2814 train_time:723815ms step_avg:544.22ms final_eval
step:1331/1410 train_time:724455ms step_avg:544.29ms
step:1332/1410 train_time:725195ms step_avg:544.44ms
step:1333/1410 train_time:725939ms step_avg:544.59ms
step:1334/1410 train_time:726679ms step_avg:544.74ms
step:1335/1410 train_time:727421ms step_avg:544.88ms
step:1335/1410 val_loss:3.2809 train_time:727520ms step_avg:544.96ms final_eval
step:1336/1410 train_time:728159ms step_avg:545.03ms
step:1337/1410 train_time:728905ms step_avg:545.18ms
step:1338/1410 train_time:729644ms step_avg:545.32ms
step:1339/1410 train_time:730389ms step_avg:545.47ms
step:1340/1410 train_time:731127ms step_avg:545.62ms
step:1340/1410 val_loss:3.2799 train_time:731234ms step_avg:545.70ms final_eval
step:1341/1410 train_time:731873ms step_avg:545.77ms
step:1342/1410 train_time:732612ms step_avg:545.91ms
step:1343/1410 train_time:733357ms step_avg:546.06ms
step:1344/1410 train_time:734097ms step_avg:546.20ms
step:1345/1410 train_time:734843ms step_avg:546.35ms
step:1345/1410 val_loss:3.2792 train_time:734942ms step_avg:546.43ms final_eval
step:1346/1410 train_time:735585ms step_avg:546.50ms
step:1347/1410 train_time:736329ms step_avg:546.64ms
step:1348/1410 train_time:737069ms step_avg:546.79ms
step:1349/1410 train_time:737814ms step_avg:546.93ms
step:1350/1410 train_time:738552ms step_avg:547.08ms
step:1350/1410 val_loss:3.2786 train_time:738659ms step_avg:547.15ms final_eval
step:1351/1410 train_time:739298ms step_avg:547.22ms
step:1352/1410 train_time:740038ms step_avg:547.37ms
step:1353/1410 train_time:740782ms step_avg:547.51ms
step:1354/1410 train_time:741521ms step_avg:547.65ms
step:1355/1410 train_time:742265ms step_avg:547.80ms
step:1355/1410 val_loss:3.2778 train_time:742364ms step_avg:547.87ms final_eval
step:1356/1410 train_time:743004ms step_avg:547.94ms
step:1357/1410 train_time:743749ms step_avg:548.08ms
step:1358/1410 train_time:744490ms step_avg:548.23ms
step:1359/1410 train_time:745234ms step_avg:548.37ms
step:1360/1410 train_time:745975ms step_avg:548.51ms
step:1360/1410 val_loss:3.2771 train_time:746081ms step_avg:548.59ms final_eval
step:1361/1410 train_time:746721ms step_avg:548.66ms
step:1362/1410 train_time:747463ms step_avg:548.80ms
step:1363/1410 train_time:748208ms step_avg:548.94ms
step:1364/1410 train_time:748948ms step_avg:549.08ms
step:1365/1410 train_time:749693ms step_avg:549.23ms
step:1365/1410 val_loss:3.2764 train_time:749792ms step_avg:549.30ms final_eval
step:1366/1410 train_time:750433ms step_avg:549.37ms
step:1367/1410 train_time:751178ms step_avg:549.51ms
step:1368/1410 train_time:751918ms step_avg:549.65ms
step:1369/1410 train_time:752662ms step_avg:549.79ms
step:1370/1410 train_time:753402ms step_avg:549.93ms
step:1370/1410 val_loss:3.2755 train_time:753507ms step_avg:550.01ms final_eval
step:1371/1410 train_time:754144ms step_avg:550.07ms
step:1372/1410 train_time:754886ms step_avg:550.21ms
step:1373/1410 train_time:755632ms step_avg:550.35ms
step:1374/1410 train_time:756372ms step_avg:550.49ms
step:1375/1410 train_time:757116ms step_avg:550.63ms
step:1375/1410 val_loss:3.2747 train_time:757215ms step_avg:550.70ms final_eval
step:1376/1410 train_time:757857ms step_avg:550.77ms
step:1377/1410 train_time:758601ms step_avg:550.91ms
step:1378/1410 train_time:759342ms step_avg:551.05ms
step:1379/1410 train_time:760086ms step_avg:551.19ms
step:1380/1410 train_time:760827ms step_avg:551.32ms
step:1380/1410 val_loss:3.2734 train_time:760933ms step_avg:551.40ms final_eval
step:1381/1410 train_time:761572ms step_avg:551.46ms
step:1382/1410 train_time:762312ms step_avg:551.60ms
step:1383/1410 train_time:763058ms step_avg:551.74ms
step:1384/1410 train_time:763797ms step_avg:551.88ms
step:1385/1410 train_time:764540ms step_avg:552.01ms
step:1385/1410 val_loss:3.2729 train_time:764639ms step_avg:552.09ms final_eval
step:1386/1410 train_time:765280ms step_avg:552.15ms
step:1387/1410 train_time:766023ms step_avg:552.29ms
step:1388/1410 train_time:766762ms step_avg:552.42ms
step:1389/1410 train_time:767507ms step_avg:552.56ms
step:1390/1410 train_time:768247ms step_avg:552.70ms
step:1390/1410 val_loss:3.2720 train_time:768353ms step_avg:552.77ms final_eval
step:1391/1410 train_time:768992ms step_avg:552.83ms
step:1392/1410 train_time:769730ms step_avg:552.97ms
step:1393/1410 train_time:770475ms step_avg:553.10ms
step:1394/1410 train_time:771215ms step_avg:553.24ms
step:1395/1410 train_time:771958ms step_avg:553.38ms
step:1395/1410 val_loss:3.2711 train_time:772058ms step_avg:553.45ms final_eval
step:1396/1410 train_time:772701ms step_avg:553.51ms
step:1397/1410 train_time:773446ms step_avg:553.65ms
step:1398/1410 train_time:774185ms step_avg:553.78ms
step:1399/1410 train_time:774931ms step_avg:553.92ms
step:1400/1410 train_time:775672ms step_avg:554.05ms
step:1400/1410 val_loss:3.2704 train_time:775778ms step_avg:554.13ms final_eval
step:1401/1410 train_time:776417ms step_avg:554.19ms
step:1402/1410 train_time:777157ms step_avg:554.32ms
step:1403/1410 train_time:777903ms step_avg:554.46ms
step:1404/1410 train_time:778644ms step_avg:554.59ms
step:1405/1410 train_time:779388ms step_avg:554.72ms
step:1405/1410 val_loss:3.2696 train_time:779487ms step_avg:554.79ms final_eval
step:1406/1410 train_time:780128ms step_avg:554.86ms
step:1407/1410 train_time:780873ms step_avg:554.99ms
step:1408/1410 train_time:781615ms step_avg:555.12ms
step:1409/1410 train_time:782356ms step_avg:555.26ms
step:1410/1410 train_time:783096ms step_avg:555.39ms
step:1410/1410 val_loss:3.2691 train_time:783202ms step_avg:555.46ms final_eval
adaptive softmax tail rows on rank 0: cluster 1 needed by 19.35% of rows, 0.000% of those over capacity, cluster 2 needed by 9.76% of rows, 0.000% of those over capacity
peak memory allocated: 39587 MiB reserved: 46660 MiB
