[Gloo] Rank 0 is connected to 0 peer ranks. Expected number of connected peer ranks is : 0
You are using version 1 of 'kernels-community/flash-attn3', but version 2 is available.
Warning: You are sending unauthenticated requests to the HF Hub. Please set a HF_TOKEN to enable higher rate limits and faster downloads.
Fetching 8 files:   0%|          | 0/8 [00:00<?, ?it/s]Fetching 8 files: 100%|██████████| 8/8 [00:03<00:00,  2.19it/s]Fetching 8 files: 100%|██████████| 8/8 [00:03<00:00,  2.18it/s]
logs/be3f1fe4-5b26-431b-9657-18babaf7f6ba.txt
Compiling model and warming up kernels (~7 minutes on first execution)
Sampling steps [0, 1, 415, 416, 417, 418, 831, 832, 833, 834, 1248, 1249, 1250, 1251] for warmup
Resetting Model
vocab stats: counted 20,000,000 tokens of fineweb_train_000001.bin in 98ms, 895 token ids unseen
vocab stats: most frequent tokens ['.', ',', ' the', '\n', ' and', ' to', ' of', ' a']
adaptive softmax coverage: head 16382 tokens 93.45%, cluster 1 16384 tokens 4.97%, cluster 2 17491 tokens 1.58%
step:0/1290 val_loss:10.3797 train_time:317ms step_avg:316.53ms
step:1/1290 train_time:615ms step_avg:615.13ms
step:2/1290 train_time:907ms step_avg:453.51ms
step:3/1290 train_time:1203ms step_avg:401.16ms
step:4/1290 train_time:1503ms step_avg:375.82ms
step:5/1290 train_time:1803ms step_avg:360.65ms
step:6/1290 train_time:2098ms step_avg:349.63ms
step:7/1290 train_time:2400ms step_avg:342.80ms
step:8/1290 train_time:2697ms step_avg:337.16ms
step:9/1290 train_time:2997ms step_avg:332.95ms
step:10/1290 train_time:3293ms step_avg:329.25ms
step:11/1290 train_time:3595ms step_avg:326.78ms
step:12/1290 train_time:3891ms step_avg:324.26ms
step:13/1290 train_time:4191ms step_avg:322.39ms
step:14/1290 train_time:4489ms step_avg:320.63ms
step:15/1290 train_time:4790ms step_avg:319.36ms
step:16/1290 train_time:5087ms step_avg:317.96ms
step:17/1290 train_time:5388ms step_avg:316.95ms
step:18/1290 train_time:5686ms step_avg:315.87ms
step:19/1290 train_time:5988ms step_avg:315.15ms
step:20/1290 train_time:6285ms step_avg:314.24ms
step:21/1290 train_time:6586ms step_avg:313.64ms
step:22/1290 train_time:6884ms step_avg:312.91ms
step:23/1290 train_time:7186ms step_avg:312.43ms
step:24/1290 train_time:7484ms step_avg:311.82ms
step:25/1290 train_time:7785ms step_avg:311.40ms
step:26/1290 train_time:8082ms step_avg:310.85ms
step:27/1290 train_time:8385ms step_avg:310.54ms
step:28/1290 train_time:8682ms step_avg:310.08ms
step:29/1290 train_time:8985ms step_avg:309.81ms
step:30/1290 train_time:9282ms step_avg:309.40ms
step:31/1290 train_time:9585ms step_avg:309.18ms
step:32/1290 train_time:9882ms step_avg:308.82ms
step:33/1290 train_time:10184ms step_avg:308.62ms
step:34/1290 train_time:10482ms step_avg:308.31ms
step:35/1290 train_time:10785ms step_avg:308.14ms
step:36/1290 train_time:11082ms step_avg:307.83ms
step:37/1290 train_time:11384ms step_avg:307.69ms
step:38/1290 train_time:11683ms step_avg:307.44ms
step:39/1290 train_time:11985ms step_avg:307.30ms
step:40/1290 train_time:12283ms step_avg:307.07ms
step:41/1290 train_time:12585ms step_avg:306.96ms
step:42/1290 train_time:12883ms step_avg:306.74ms
step:43/1290 train_time:13185ms step_avg:306.63ms
step:44/1290 train_time:13483ms step_avg:306.44ms
step:45/1290 train_time:13785ms step_avg:306.34ms
step:46/1290 train_time:14083ms step_avg:306.15ms
step:47/1290 train_time:14386ms step_avg:306.08ms
step:48/1290 train_time:14685ms step_avg:305.93ms
step:49/1290 train_time:14987ms step_avg:305.86ms
step:50/1290 train_time:15285ms step_avg:305.70ms
step:51/1290 train_time:15588ms step_avg:305.65ms
step:52/1290 train_time:15886ms step_avg:305.50ms
step:53/1290 train_time:16188ms step_avg:305.44ms
step:54/1290 train_time:16487ms step_avg:305.31ms
step:55/1290 train_time:16789ms step_avg:305.26ms
step:56/1290 train_time:17088ms step_avg:305.14ms
step:57/1290 train_time:17390ms step_avg:305.09ms
step:58/1290 train_time:17689ms step_avg:304.97ms
step:59/1290 train_time:17991ms step_avg:304.93ms
step:60/1290 train_time:18289ms step_avg:304.82ms
step:61/1290 train_time:18591ms step_avg:304.77ms
step:62/1290 train_time:18889ms step_avg:304.67ms
step:63/1290 train_time:19191ms step_avg:304.63ms
step:64/1290 train_time:19490ms step_avg:304.52ms
step:65/1290 train_time:19792ms step_avg:304.49ms
step:66/1290 train_time:20090ms step_avg:304.39ms
step:67/1290 train_time:20392ms step_avg:304.36ms
step:68/1290 train_time:20691ms step_avg:304.29ms
step:69/1290 train_time:20994ms step_avg:304.26ms
step:70/1290 train_time:21291ms step_avg:304.16ms
step:71/1290 train_time:21594ms step_avg:304.14ms
step:72/1290 train_time:21892ms step_avg:304.05ms
step:73/1290 train_time:22195ms step_avg:304.04ms
step:74/1290 train_time:22493ms step_avg:303.96ms
step:75/1290 train_time:22796ms step_avg:303.94ms
step:76/1290 train_time:23093ms step_avg:303.86ms
step:77/1290 train_time:23395ms step_avg:303.84ms
step:78/1290 train_time:23694ms step_avg:303.76ms
step:79/1290 train_time:23996ms step_avg:303.74ms
step:80/1290 train_time:24293ms step_avg:303.66ms
step:81/1290 train_time:24596ms step_avg:303.66ms
step:82/1290 train_time:24895ms step_avg:303.59ms
step:83/1290 train_time:25197ms step_avg:303.58ms
step:84/1290 train_time:25496ms step_avg:303.52ms
step:85/1290 train_time:25799ms step_avg:303.52ms
step:86/1290 train_time:26097ms step_avg:303.46ms
step:87/1290 train_time:26400ms step_avg:303.45ms
step:88/1290 train_time:26699ms step_avg:303.40ms
step:89/1290 train_time:27002ms step_avg:303.40ms
step:90/1290 train_time:27301ms step_avg:303.35ms
step:91/1290 train_time:27605ms step_avg:303.36ms
step:92/1290 train_time:27904ms step_avg:303.31ms
step:93/1290 train_time:28207ms step_avg:303.30ms
step:94/1290 train_time:28506ms step_avg:303.25ms
step:95/1290 train_time:28810ms step_avg:303.26ms
step:96/1290 train_time:29109ms step_avg:303.21ms
step:97/1290 train_time:29412ms step_avg:303.21ms
step:98/1290 train_time:29710ms step_avg:303.16ms
step:99/1290 train_time:30013ms step_avg:303.17ms
step:100/1290 train_time:30312ms step_avg:303.12ms
step:101/1290 train_time:30615ms step_avg:303.12ms
step:102/1290 train_time:30913ms step_avg:303.07ms
step:103/1290 train_time:31216ms step_avg:303.07ms
step:104/1290 train_time:31515ms step_avg:303.03ms
step:105/1290 train_time:31817ms step_avg:303.02ms
step:106/1290 train_time:32116ms step_avg:302.98ms
step:107/1290 train_time:32419ms step_avg:302.98ms
step:108/1290 train_time:32718ms step_avg:302.95ms
step:109/1290 train_time:33021ms step_avg:302.95ms
step:110/1290 train_time:33321ms step_avg:302.91ms
step:111/1290 train_time:33624ms step_avg:302.92ms
step:112/1290 train_time:33923ms step_avg:302.89ms
step:113/1290 train_time:34227ms step_avg:302.89ms
step:114/1290 train_time:34526ms step_avg:302.86ms
step:115/1290 train_time:34830ms step_avg:302.87ms
step:116/1290 train_time:35129ms step_avg:302.84ms
step:117/1290 train_time:35432ms step_avg:302.84ms
step:118/1290 train_time:35732ms step_avg:302.81ms
step:119/1290 train_time:36035ms step_avg:302.82ms
step:120/1290 train_time:36334ms step_avg:302.78ms
step:121/1290 train_time:36636ms step_avg:302.78ms
step:122/1290 train_time:36935ms step_avg:302.75ms
step:123/1290 train_time:37238ms step_avg:302.75ms
step:124/1290 train_time:37538ms step_avg:302.72ms
step:125/1290 train_time:37840ms step_avg:302.72ms
step:126/1290 train_time:38140ms step_avg:302.69ms
step:127/1290 train_time:38443ms step_avg:302.70ms
step:128/1290 train_time:38742ms step_avg:302.67ms
step:129/1290 train_time:39047ms step_avg:302.69ms
step:130/1290 train_time:39346ms step_avg:302.66ms
step:131/1290 train_time:39649ms step_avg:302.67ms
step:132/1290 train_time:39949ms step_avg:302.64ms
step:133/1290 train_time:40253ms step_avg:302.65ms
step:134/1290 train_time:40552ms step_avg:302.63ms
step:135/1290 train_time:40855ms step_avg:302.63ms
step:136/1290 train_time:41154ms step_avg:302.60ms
step:137/1290 train_time:41457ms step_avg:302.61ms
step:138/1290 train_time:41756ms step_avg:302.58ms
step:139/1290 train_time:42060ms step_avg:302.59ms
step:140/1290 train_time:42359ms step_avg:302.57ms
step:141/1290 train_time:42663ms step_avg:302.57ms
step:142/1290 train_time:42963ms step_avg:302.56ms
step:143/1290 train_time:43267ms step_avg:302.56ms
step:144/1290 train_time:43566ms step_avg:302.54ms
step:145/1290 train_time:43870ms step_avg:302.55ms
step:146/1290 train_time:44170ms step_avg:302.53ms
step:147/1290 train_time:44473ms step_avg:302.53ms
step:148/1290 train_time:44773ms step_avg:302.52ms
step:149/1290 train_time:45076ms step_avg:302.53ms
step:150/1290 train_time:45375ms step_avg:302.50ms
step:151/1290 train_time:45678ms step_avg:302.51ms
step:152/1290 train_time:45978ms step_avg:302.48ms
step:153/1290 train_time:46281ms step_avg:302.49ms
step:154/1290 train_time:46581ms step_avg:302.47ms
step:155/1290 train_time:46884ms step_avg:302.48ms
step:156/1290 train_time:47184ms step_avg:302.46ms
step:157/1290 train_time:47488ms step_avg:302.47ms
step:158/1290 train_time:47788ms step_avg:302.45ms
step:159/1290 train_time:48091ms step_avg:302.46ms
step:160/1290 train_time:48393ms step_avg:302.46ms
step:161/1290 train_time:48695ms step_avg:302.45ms
step:162/1290 train_time:48994ms step_avg:302.43ms
step:163/1290 train_time:49297ms step_avg:302.44ms
step:164/1290 train_time:49597ms step_avg:302.42ms
step:165/1290 train_time:49901ms step_avg:302.43ms
step:166/1290 train_time:50200ms step_avg:302.41ms
step:167/1290 train_time:50504ms step_avg:302.42ms
step:168/1290 train_time:50804ms step_avg:302.40ms
step:169/1290 train_time:51108ms step_avg:302.41ms
step:170/1290 train_time:51408ms step_avg:302.40ms
step:171/1290 train_time:51712ms step_avg:302.41ms
step:172/1290 train_time:52011ms step_avg:302.39ms
step:173/1290 train_time:52314ms step_avg:302.39ms
step:174/1290 train_time:52614ms step_avg:302.38ms
step:175/1290 train_time:52917ms step_avg:302.38ms
step:176/1290 train_time:53217ms step_avg:302.37ms
step:177/1290 train_time:53520ms step_avg:302.37ms
step:178/1290 train_time:53819ms step_avg:302.36ms
step:179/1290 train_time:54124ms step_avg:302.37ms
step:180/1290 train_time:54424ms step_avg:302.36ms
step:181/1290 train_time:54728ms step_avg:302.37ms
step:182/1290 train_time:55028ms step_avg:302.35ms
step:183/1290 train_time:55332ms step_avg:302.36ms
step:184/1290 train_time:55631ms step_avg:302.35ms
step:185/1290 train_time:55935ms step_avg:302.35ms
step:186/1290 train_time:56236ms step_avg:302.34ms
step:187/1290 train_time:56539ms step_avg:302.35ms
step:188/1290 train_time:56839ms step_avg:302.34ms
step:189/1290 train_time:57143ms step_avg:302.35ms
step:190/1290 train_time:57444ms step_avg:302.34ms
step:191/1290 train_time:57747ms step_avg:302.34ms
step:192/1290 train_time:58047ms step_avg:302.33ms
step:193/1290 train_time:58352ms step_avg:302.34ms
step:194/1290 train_time:58651ms step_avg:302.33ms
step:195/1290 train_time:58956ms step_avg:302.34ms
step:196/1290 train_time:59255ms step_avg:302.32ms
step:197/1290 train_time:59559ms step_avg:302.33ms
step:198/1290 train_time:59859ms step_avg:302.32ms
step:199/1290 train_time:60163ms step_avg:302.33ms
step:200/1290 train_time:60463ms step_avg:302.32ms
step:201/1290 train_time:60768ms step_avg:302.33ms
step:202/1290 train_time:61068ms step_avg:302.32ms
step:203/1290 train_time:61371ms step_avg:302.32ms
step:204/1290 train_time:61671ms step_avg:302.31ms
step:205/1290 train_time:61973ms step_avg:302.31ms
step:206/1290 train_time:62271ms step_avg:302.29ms
step:207/1290 train_time:62574ms step_avg:302.29ms
step:208/1290 train_time:62873ms step_avg:302.27ms
step:209/1290 train_time:63176ms step_avg:302.28ms
step:210/1290 train_time:63474ms step_avg:302.26ms
step:211/1290 train_time:63777ms step_avg:302.26ms
step:212/1290 train_time:64074ms step_avg:302.24ms
step:213/1290 train_time:64377ms step_avg:302.24ms
step:214/1290 train_time:64675ms step_avg:302.22ms
step:215/1290 train_time:64978ms step_avg:302.22ms
step:216/1290 train_time:65276ms step_avg:302.20ms
step:217/1290 train_time:65579ms step_avg:302.21ms
step:218/1290 train_time:65879ms step_avg:302.20ms
step:219/1290 train_time:66181ms step_avg:302.20ms
step:220/1290 train_time:66481ms step_avg:302.19ms
step:221/1290 train_time:66783ms step_avg:302.19ms
step:222/1290 train_time:67082ms step_avg:302.17ms
step:223/1290 train_time:67385ms step_avg:302.18ms
step:224/1290 train_time:67684ms step_avg:302.16ms
step:225/1290 train_time:67987ms step_avg:302.17ms
step:226/1290 train_time:68287ms step_avg:302.15ms
step:227/1290 train_time:68590ms step_avg:302.16ms
step:228/1290 train_time:68888ms step_avg:302.14ms
step:229/1290 train_time:69191ms step_avg:302.15ms
step:230/1290 train_time:69490ms step_avg:302.13ms
step:231/1290 train_time:69793ms step_avg:302.13ms
step:232/1290 train_time:70092ms step_avg:302.12ms
step:233/1290 train_time:70396ms step_avg:302.13ms
step:234/1290 train_time:70693ms step_avg:302.11ms
step:235/1290 train_time:70996ms step_avg:302.11ms
step:236/1290 train_time:71295ms step_avg:302.10ms
step:237/1290 train_time:71598ms step_avg:302.10ms
step:238/1290 train_time:71896ms step_avg:302.09ms
step:239/1290 train_time:72199ms step_avg:302.09ms
step:240/1290 train_time:72499ms step_avg:302.08ms
step:241/1290 train_time:72801ms step_avg:302.08ms
step:242/1290 train_time:73101ms step_avg:302.07ms
step:243/1290 train_time:73404ms step_avg:302.07ms
step:244/1290 train_time:73703ms step_avg:302.06ms
step:245/1290 train_time:74006ms step_avg:302.07ms
step:246/1290 train_time:74306ms step_avg:302.06ms
step:247/1290 train_time:74608ms step_avg:302.06ms
step:248/1290 train_time:74907ms step_avg:302.04ms
step:249/1290 train_time:75210ms step_avg:302.05ms
step:250/1290 train_time:75509ms step_avg:302.04ms
step:250/1290 val_loss:4.4989 train_time:75560ms step_avg:302.24ms
step:251/1290 train_time:75812ms step_avg:302.04ms
step:252/1290 train_time:76110ms step_avg:302.03ms
step:253/1290 train_time:76414ms step_avg:302.03ms
step:254/1290 train_time:76714ms step_avg:302.02ms
step:255/1290 train_time:77017ms step_avg:302.03ms
step:256/1290 train_time:77317ms step_avg:302.02ms
step:257/1290 train_time:77621ms step_avg:302.03ms
step:258/1290 train_time:77920ms step_avg:302.02ms
step:259/1290 train_time:78224ms step_avg:302.02ms
step:260/1290 train_time:78524ms step_avg:302.01ms
step:261/1290 train_time:78828ms step_avg:302.02ms
step:262/1290 train_time:79126ms step_avg:302.01ms
step:263/1290 train_time:79430ms step_avg:302.02ms
step:264/1290 train_time:79730ms step_avg:302.01ms
step:265/1290 train_time:80032ms step_avg:302.01ms
step:266/1290 train_time:80330ms step_avg:301.99ms
step:267/1290 train_time:80635ms step_avg:302.00ms
step:268/1290 train_time:80934ms step_avg:301.99ms
step:269/1290 train_time:81237ms step_avg:302.00ms
step:270/1290 train_time:81537ms step_avg:301.99ms
step:271/1290 train_time:81841ms step_avg:302.00ms
step:272/1290 train_time:82140ms step_avg:301.99ms
step:273/1290 train_time:82444ms step_avg:301.99ms
step:274/1290 train_time:82744ms step_avg:301.99ms
step:275/1290 train_time:83047ms step_avg:301.99ms
step:276/1290 train_time:83347ms step_avg:301.98ms
step:277/1290 train_time:83651ms step_avg:301.99ms
step:278/1290 train_time:83951ms step_avg:301.98ms
step:279/1290 train_time:84252ms step_avg:301.98ms
step:280/1290 train_time:84552ms step_avg:301.97ms
step:281/1290 train_time:84855ms step_avg:301.98ms
step:282/1290 train_time:85154ms step_avg:301.96ms
step:283/1290 train_time:85458ms step_avg:301.97ms
step:284/1290 train_time:85758ms step_avg:301.96ms
step:285/1290 train_time:86061ms step_avg:301.97ms
step:286/1290 train_time:86361ms step_avg:301.96ms
step:287/1290 train_time:86665ms step_avg:301.97ms
step:288/1290 train_time:86965ms step_avg:301.96ms
step:289/1290 train_time:87268ms step_avg:301.96ms
step:290/1290 train_time:87568ms step_avg:301.96ms
step:291/1290 train_time:87872ms step_avg:301.97ms
step:292/1290 train_time:88170ms step_avg:301.95ms
step:293/1290 train_time:88474ms step_avg:301.96ms
step:294/1290 train_time:88773ms step_avg:301.95ms
step:295/1290 train_time:89076ms step_avg:301.95ms
step:296/1290 train_time:89375ms step_avg:301.94ms
step:297/1290 train_time:89680ms step_avg:301.95ms
step:298/1290 train_time:89979ms step_avg:301.94ms
step:299/1290 train_time:90283ms step_avg:301.95ms
step:300/1290 train_time:90583ms step_avg:301.94ms
step:301/1290 train_time:90887ms step_avg:301.95ms
step:302/1290 train_time:91186ms step_avg:301.94ms
step:303/1290 train_time:91491ms step_avg:301.95ms
step:304/1290 train_time:91790ms step_avg:301.94ms
step:305/1290 train_time:92094ms step_avg:301.95ms
step:306/1290 train_time:92393ms step_avg:301.94ms
step:307/1290 train_time:92697ms step_avg:301.95ms
step:308/1290 train_time:92997ms step_avg:301.94ms
step:309/1290 train_time:93301ms step_avg:301.95ms
step:310/1290 train_time:93601ms step_avg:301.94ms
step:311/1290 train_time:93905ms step_avg:301.94ms
step:312/1290 train_time:94204ms step_avg:301.94ms
step:313/1290 train_time:94507ms step_avg:301.94ms
step:314/1290 train_time:94807ms step_avg:301.93ms
step:315/1290 train_time:95110ms step_avg:301.94ms
step:316/1290 train_time:95409ms step_avg:301.93ms
step:317/1290 train_time:95713ms step_avg:301.93ms
step:318/1290 train_time:96012ms step_avg:301.93ms
step:319/1290 train_time:96315ms step_avg:301.93ms
step:320/1290 train_time:96614ms step_avg:301.92ms
step:321/1290 train_time:96918ms step_avg:301.92ms
step:322/1290 train_time:97217ms step_avg:301.92ms
step:323/1290 train_time:97521ms step_avg:301.92ms
step:324/1290 train_time:97821ms step_avg:301.92ms
step:325/1290 train_time:98125ms step_avg:301.92ms
step:326/1290 train_time:98424ms step_avg:301.92ms
step:327/1290 train_time:98728ms step_avg:301.92ms
step:328/1290 train_time:99029ms step_avg:301.92ms
step:329/1290 train_time:99331ms step_avg:301.92ms
step:330/1290 train_time:99631ms step_avg:301.91ms
step:331/1290 train_time:99935ms step_avg:301.92ms
step:332/1290 train_time:100234ms step_avg:301.91ms
step:333/1290 train_time:100537ms step_avg:301.91ms
step:334/1290 train_time:100837ms step_avg:301.91ms
step:335/1290 train_time:101141ms step_avg:301.91ms
step:336/1290 train_time:101441ms step_avg:301.91ms
step:337/1290 train_time:101745ms step_avg:301.91ms
step:338/1290 train_time:102045ms step_avg:301.91ms
step:339/1290 train_time:102348ms step_avg:301.91ms
step:340/1290 train_time:102648ms step_avg:301.91ms
step:341/1290 train_time:102951ms step_avg:301.91ms
step:342/1290 train_time:103251ms step_avg:301.90ms
step:343/1290 train_time:103554ms step_avg:301.91ms
step:344/1290 train_time:103853ms step_avg:301.90ms
step:345/1290 train_time:104156ms step_avg:301.90ms
step:346/1290 train_time:104456ms step_avg:301.90ms
step:347/1290 train_time:104760ms step_avg:301.90ms
step:348/1290 train_time:105059ms step_avg:301.89ms
step:349/1290 train_time:105363ms step_avg:301.90ms
step:350/1290 train_time:105663ms step_avg:301.89ms
step:351/1290 train_time:105966ms step_avg:301.90ms
step:352/1290 train_time:106267ms step_avg:301.89ms
step:353/1290 train_time:106570ms step_avg:301.90ms
step:354/1290 train_time:106869ms step_avg:301.89ms
step:355/1290 train_time:107173ms step_avg:301.90ms
step:356/1290 train_time:107472ms step_avg:301.89ms
step:357/1290 train_time:107775ms step_avg:301.89ms
step:358/1290 train_time:108076ms step_avg:301.89ms
step:359/1290 train_time:108379ms step_avg:301.89ms
step:360/1290 train_time:108678ms step_avg:301.88ms
step:361/1290 train_time:108983ms step_avg:301.89ms
step:362/1290 train_time:109282ms step_avg:301.88ms
step:363/1290 train_time:109586ms step_avg:301.89ms
step:364/1290 train_time:109886ms step_avg:301.88ms
step:365/1290 train_time:110189ms step_avg:301.89ms
step:366/1290 train_time:110489ms step_avg:301.88ms
step:367/1290 train_time:110792ms step_avg:301.89ms
step:368/1290 train_time:111092ms step_avg:301.88ms
step:369/1290 train_time:111395ms step_avg:301.88ms
step:370/1290 train_time:111695ms step_avg:301.88ms
step:371/1290 train_time:111998ms step_avg:301.88ms
step:372/1290 train_time:112298ms step_avg:301.88ms
step:373/1290 train_time:112602ms step_avg:301.88ms
step:374/1290 train_time:112901ms step_avg:301.88ms
step:375/1290 train_time:113205ms step_avg:301.88ms
step:376/1290 train_time:113505ms step_avg:301.88ms
step:377/1290 train_time:113809ms step_avg:301.88ms
step:378/1290 train_time:114109ms step_avg:301.88ms
step:379/1290 train_time:114413ms step_avg:301.88ms
step:380/1290 train_time:114712ms step_avg:301.87ms
step:381/1290 train_time:115016ms step_avg:301.88ms
step:382/1290 train_time:115315ms step_avg:301.87ms
step:383/1290 train_time:115619ms step_avg:301.88ms
step:384/1290 train_time:115919ms step_avg:301.87ms
step:385/1290 train_time:116223ms step_avg:301.88ms
step:386/1290 train_time:116522ms step_avg:301.87ms
step:387/1290 train_time:116827ms step_avg:301.88ms
step:388/1290 train_time:117127ms step_avg:301.87ms
step:389/1290 train_time:117431ms step_avg:301.88ms
step:390/1290 train_time:117730ms step_avg:301.87ms
step:391/1290 train_time:118034ms step_avg:301.88ms
step:392/1290 train_time:118332ms step_avg:301.87ms
step:393/1290 train_time:118636ms step_avg:301.87ms
step:394/1290 train_time:118936ms step_avg:301.87ms
step:395/1290 train_time:119239ms step_avg:301.87ms
step:396/1290 train_time:119539ms step_avg:301.87ms
step:397/1290 train_time:119842ms step_avg:301.87ms
step:398/1290 train_time:120142ms step_avg:301.87ms
step:399/1290 train_time:120446ms step_avg:301.87ms
step:400/1290 train_time:120746ms step_avg:301.87ms
step:401/1290 train_time:121050ms step_avg:301.87ms
step:402/1290 train_time:121350ms step_avg:301.86ms
step:403/1290 train_time:121653ms step_avg:301.87ms
step:404/1290 train_time:121953ms step_avg:301.86ms
step:405/1290 train_time:122256ms step_avg:301.87ms
step:406/1290 train_time:122555ms step_avg:301.86ms
step:407/1290 train_time:122859ms step_avg:301.87ms
step:408/1290 train_time:123159ms step_avg:301.86ms
step:409/1290 train_time:123463ms step_avg:301.87ms
step:410/1290 train_time:123763ms step_avg:301.86ms
step:411/1290 train_time:124067ms step_avg:301.87ms
step:412/1290 train_time:124368ms step_avg:301.86ms
step:413/1290 train_time:124671ms step_avg:301.87ms
step:414/1290 train_time:124971ms step_avg:301.86ms
step:415/1290 train_time:125276ms step_avg:301.87ms
step:416/1290 train_time:125575ms step_avg:301.86ms
step:417/1290 train_time:125879ms step_avg:301.87ms
step:418/1290 train_time:126392ms step_avg:302.37ms
step:419/1290 train_time:126934ms step_avg:302.95ms
step:420/1290 train_time:127470ms step_avg:303.50ms
step:421/1290 train_time:128010ms step_avg:304.06ms
step:422/1290 train_time:128546ms step_avg:304.61ms
step:423/1290 train_time:129087ms step_avg:305.17ms
step:424/1290 train_time:129623ms step_avg:305.71ms
step:425/1290 train_time:130164ms step_avg:306.27ms
step:426/1290 train_time:130701ms step_avg:306.81ms
step:427/1290 train_time:131242ms step_avg:307.36ms
step:428/1290 train_time:131779ms step_avg:307.90ms
step:429/1290 train_time:132319ms step_avg:308.44ms
step:430/1290 train_time:132858ms step_avg:308.97ms
step:431/1290 train_time:133399ms step_avg:309.51ms
step:432/1290 train_time:133936ms step_avg:310.04ms
step:433/1290 train_time:134478ms step_avg:310.57ms
step:434/1290 train_time:135018ms step_avg:311.10ms
step:435/1290 train_time:135559ms step_avg:311.63ms
step:436/1290 train_time:136097ms step_avg:312.15ms
step:437/1290 train_time:136639ms step_avg:312.68ms
step:438/1290 train_time:137178ms step_avg:313.19ms
step:439/1290 train_time:137719ms step_avg:313.71ms
step:440/1290 train_time:138257ms step_avg:314.22ms
step:441/1290 train_time:138798ms step_avg:314.73ms
step:442/1290 train_time:139335ms step_avg:315.24ms
step:443/1290 train_time:139878ms step_avg:315.75ms
step:444/1290 train_time:140416ms step_avg:316.25ms
step:445/1290 train_time:140956ms step_avg:316.75ms
step:446/1290 train_time:141493ms step_avg:317.25ms
step:447/1290 train_time:142034ms step_avg:317.75ms
step:448/1290 train_time:142572ms step_avg:318.24ms
step:449/1290 train_time:143113ms step_avg:318.74ms
step:450/1290 train_time:143651ms step_avg:319.22ms
step:451/1290 train_time:144193ms step_avg:319.72ms
step:452/1290 train_time:144732ms step_avg:320.20ms
step:453/1290 train_time:145274ms step_avg:320.69ms
step:454/1290 train_time:145812ms step_avg:321.17ms
step:455/1290 train_time:146352ms step_avg:321.65ms
step:456/1290 train_time:146889ms step_avg:322.12ms
step:457/1290 train_time:147430ms step_avg:322.60ms
step:458/1290 train_time:147967ms step_avg:323.07ms
step:459/1290 train_time:148510ms step_avg:323.55ms
step:460/1290 train_time:149047ms step_avg:324.01ms
step:461/1290 train_time:149587ms step_avg:324.48ms
step:462/1290 train_time:150124ms step_avg:324.94ms
step:463/1290 train_time:150664ms step_avg:325.41ms
step:464/1290 train_time:151203ms step_avg:325.87ms
step:465/1290 train_time:151745ms step_avg:326.33ms
step:466/1290 train_time:152282ms step_avg:326.78ms
step:467/1290 train_time:152822ms step_avg:327.24ms
step:468/1290 train_time:153361ms step_avg:327.69ms
step:469/1290 train_time:153900ms step_avg:328.15ms
step:470/1290 train_time:154440ms step_avg:328.59ms
step:471/1290 train_time:154980ms step_avg:329.04ms
step:472/1290 train_time:155516ms step_avg:329.48ms
step:473/1290 train_time:156057ms step_avg:329.93ms
step:474/1290 train_time:156595ms step_avg:330.37ms
step:475/1290 train_time:157136ms step_avg:330.81ms
step:476/1290 train_time:157675ms step_avg:331.25ms
step:477/1290 train_time:158217ms step_avg:331.69ms
step:478/1290 train_time:158753ms step_avg:332.12ms
step:479/1290 train_time:159295ms step_avg:332.56ms
step:480/1290 train_time:159831ms step_avg:332.98ms
step:481/1290 train_time:160373ms step_avg:333.42ms
step:482/1290 train_time:160910ms step_avg:333.84ms
step:483/1290 train_time:161453ms step_avg:334.27ms
step:484/1290 train_time:161990ms step_avg:334.69ms
step:485/1290 train_time:162533ms step_avg:335.12ms
step:486/1290 train_time:163071ms step_avg:335.54ms
step:487/1290 train_time:163613ms step_avg:335.96ms
step:488/1290 train_time:164151ms step_avg:336.37ms
step:489/1290 train_time:164693ms step_avg:336.80ms
step:490/1290 train_time:165232ms step_avg:337.21ms
step:491/1290 train_time:165772ms step_avg:337.62ms
step:492/1290 train_time:166311ms step_avg:338.03ms
step:493/1290 train_time:166852ms step_avg:338.44ms
step:494/1290 train_time:167390ms step_avg:338.85ms
step:495/1290 train_time:167931ms step_avg:339.26ms
step:496/1290 train_time:168470ms step_avg:339.66ms
step:497/1290 train_time:169010ms step_avg:340.06ms
step:498/1290 train_time:169548ms step_avg:340.46ms
step:499/1290 train_time:170090ms step_avg:340.86ms
step:500/1290 train_time:170627ms step_avg:341.25ms
step:500/1290 val_loss:4.1279 train_time:170707ms step_avg:341.41ms
step:501/1290 train_time:171168ms step_avg:341.65ms
step:502/1290 train_time:171705ms step_avg:342.04ms
step:503/1290 train_time:172247ms step_avg:342.44ms
step:504/1290 train_time:172782ms step_avg:342.82ms
step:505/1290 train_time:173323ms step_avg:343.21ms
step:506/1290 train_time:173861ms step_avg:343.60ms
step:507/1290 train_time:174401ms step_avg:343.99ms
step:508/1290 train_time:174938ms step_avg:344.37ms
step:509/1290 train_time:175479ms step_avg:344.75ms
step:510/1290 train_time:176015ms step_avg:345.13ms
step:511/1290 train_time:176557ms step_avg:345.51ms
step:512/1290 train_time:177094ms step_avg:345.89ms
step:513/1290 train_time:177635ms step_avg:346.27ms
step:514/1290 train_time:178171ms step_avg:346.64ms
step:515/1290 train_time:178713ms step_avg:347.02ms
step:516/1290 train_time:179250ms step_avg:347.38ms
step:517/1290 train_time:179790ms step_avg:347.76ms
step:518/1290 train_time:180328ms step_avg:348.12ms
step:519/1290 train_time:180869ms step_avg:348.50ms
step:520/1290 train_time:181406ms step_avg:348.86ms
step:521/1290 train_time:181948ms step_avg:349.23ms
step:522/1290 train_time:182485ms step_avg:349.59ms
step:523/1290 train_time:183025ms step_avg:349.95ms
step:524/1290 train_time:183561ms step_avg:350.31ms
step:525/1290 train_time:184104ms step_avg:350.67ms
step:526/1290 train_time:184641ms step_avg:351.03ms
step:527/1290 train_time:185182ms step_avg:351.39ms
step:528/1290 train_time:185720ms step_avg:351.74ms
step:529/1290 train_time:186261ms step_avg:352.10ms
step:530/1290 train_time:186796ms step_avg:352.45ms
step:531/1290 train_time:187338ms step_avg:352.80ms
step:532/1290 train_time:187875ms step_avg:353.15ms
step:533/1290 train_time:188416ms step_avg:353.50ms
step:534/1290 train_time:188952ms step_avg:353.84ms
step:535/1290 train_time:189494ms step_avg:354.19ms
step:536/1290 train_time:190029ms step_avg:354.53ms
step:537/1290 train_time:190568ms step_avg:354.88ms
step:538/1290 train_time:191105ms step_avg:355.21ms
step:539/1290 train_time:191645ms step_avg:355.56ms
step:540/1290 train_time:192181ms step_avg:355.89ms
step:541/1290 train_time:192721ms step_avg:356.23ms
step:542/1290 train_time:193257ms step_avg:356.56ms
step:543/1290 train_time:193797ms step_avg:356.90ms
step:544/1290 train_time:194332ms step_avg:357.23ms
step:545/1290 train_time:194873ms step_avg:357.56ms
step:546/1290 train_time:195408ms step_avg:357.89ms
step:547/1290 train_time:195950ms step_avg:358.23ms
step:548/1290 train_time:196487ms step_avg:358.55ms
step:549/1290 train_time:197029ms step_avg:358.89ms
step:550/1290 train_time:197564ms step_avg:359.21ms
step:551/1290 train_time:198105ms step_avg:359.54ms
step:552/1290 train_time:198642ms step_avg:359.86ms
step:553/1290 train_time:199184ms step_avg:360.19ms
step:554/1290 train_time:199720ms step_avg:360.51ms
step:555/1290 train_time:200259ms step_avg:360.83ms
step:556/1290 train_time:200797ms step_avg:361.15ms
step:557/1290 train_time:201339ms step_avg:361.47ms
step:558/1290 train_time:201875ms step_avg:361.78ms
step:559/1290 train_time:202415ms step_avg:362.10ms
step:560/1290 train_time:202952ms step_avg:362.41ms
step:561/1290 train_time:203492ms step_avg:362.73ms
step:562/1290 train_time:204030ms step_avg:363.04ms
step:563/1290 train_time:204569ms step_avg:363.36ms
step:564/1290 train_time:205106ms step_avg:363.66ms
step:565/1290 train_time:205648ms step_avg:363.98ms
step:566/1290 train_time:206182ms step_avg:364.28ms
step:567/1290 train_time:206724ms step_avg:364.59ms
step:568/1290 train_time:207260ms step_avg:364.90ms
step:569/1290 train_time:207803ms step_avg:365.21ms
step:570/1290 train_time:208339ms step_avg:365.51ms
step:571/1290 train_time:208881ms step_avg:365.82ms
step:572/1290 train_time:209418ms step_avg:366.12ms
step:573/1290 train_time:209957ms step_avg:366.42ms
step:574/1290 train_time:210494ms step_avg:366.71ms
step:575/1290 train_time:211035ms step_avg:367.02ms
step:576/1290 train_time:211573ms step_avg:367.31ms
step:577/1290 train_time:212114ms step_avg:367.62ms
step:578/1290 train_time:212650ms step_avg:367.91ms
step:579/1290 train_time:213191ms step_avg:368.20ms
step:580/1290 train_time:213730ms step_avg:368.50ms
step:581/1290 train_time:214270ms step_avg:368.80ms
step:582/1290 train_time:214808ms step_avg:369.09ms
step:583/1290 train_time:215349ms step_avg:369.38ms
step:584/1290 train_time:215884ms step_avg:369.66ms
step:585/1290 train_time:216426ms step_avg:369.96ms
step:586/1290 train_time:216963ms step_avg:370.24ms
step:587/1290 train_time:217505ms step_avg:370.54ms
step:588/1290 train_time:218042ms step_avg:370.82ms
step:589/1290 train_time:218584ms step_avg:371.11ms
step:590/1290 train_time:219121ms step_avg:371.39ms
step:591/1290 train_time:219662ms step_avg:371.68ms
step:592/1290 train_time:220199ms step_avg:371.96ms
step:593/1290 train_time:220741ms step_avg:372.25ms
step:594/1290 train_time:221278ms step_avg:372.52ms
step:595/1290 train_time:221819ms step_avg:372.81ms
step:596/1290 train_time:222356ms step_avg:373.08ms
step:597/1290 train_time:222897ms step_avg:373.36ms
step:598/1290 train_time:223433ms step_avg:373.63ms
step:599/1290 train_time:223974ms step_avg:373.91ms
step:600/1290 train_time:224511ms step_avg:374.19ms
step:601/1290 train_time:225050ms step_avg:374.46ms
step:602/1290 train_time:225587ms step_avg:374.73ms
step:603/1290 train_time:226127ms step_avg:375.00ms
step:604/1290 train_time:226664ms step_avg:375.27ms
step:605/1290 train_time:227206ms step_avg:375.55ms
step:606/1290 train_time:227744ms step_avg:375.81ms
step:607/1290 train_time:228285ms step_avg:376.09ms
step:608/1290 train_time:228823ms step_avg:376.35ms
step:609/1290 train_time:229364ms step_avg:376.62ms
step:610/1290 train_time:229902ms step_avg:376.89ms
step:611/1290 train_time:230441ms step_avg:377.15ms
step:612/1290 train_time:230977ms step_avg:377.41ms
step:613/1290 train_time:231517ms step_avg:377.68ms
step:614/1290 train_time:232054ms step_avg:377.94ms
step:615/1290 train_time:232594ms step_avg:378.20ms
step:616/1290 train_time:233131ms step_avg:378.46ms
step:617/1290 train_time:233671ms step_avg:378.72ms
step:618/1290 train_time:234210ms step_avg:378.98ms
step:619/1290 train_time:234751ms step_avg:379.24ms
step:620/1290 train_time:235287ms step_avg:379.49ms
step:621/1290 train_time:235828ms step_avg:379.76ms
step:622/1290 train_time:236366ms step_avg:380.01ms
step:623/1290 train_time:236906ms step_avg:380.27ms
step:624/1290 train_time:237443ms step_avg:380.52ms
step:625/1290 train_time:237983ms step_avg:380.77ms
step:626/1290 train_time:238519ms step_avg:381.02ms
step:627/1290 train_time:239062ms step_avg:381.28ms
step:628/1290 train_time:239599ms step_avg:381.53ms
step:629/1290 train_time:240140ms step_avg:381.78ms
step:630/1290 train_time:240675ms step_avg:382.02ms
step:631/1290 train_time:241216ms step_avg:382.28ms
step:632/1290 train_time:241751ms step_avg:382.52ms
step:633/1290 train_time:242293ms step_avg:382.77ms
step:634/1290 train_time:242830ms step_avg:383.01ms
step:635/1290 train_time:243370ms step_avg:383.26ms
step:636/1290 train_time:243906ms step_avg:383.50ms
step:637/1290 train_time:244447ms step_avg:383.75ms
step:638/1290 train_time:244983ms step_avg:383.99ms
step:639/1290 train_time:245523ms step_avg:384.23ms
step:640/1290 train_time:246061ms step_avg:384.47ms
step:641/1290 train_time:246602ms step_avg:384.71ms
step:642/1290 train_time:247139ms step_avg:384.95ms
step:643/1290 train_time:247679ms step_avg:385.19ms
step:644/1290 train_time:248216ms step_avg:385.43ms
step:645/1290 train_time:248756ms step_avg:385.67ms
step:646/1290 train_time:249293ms step_avg:385.90ms
step:647/1290 train_time:249832ms step_avg:386.14ms
step:648/1290 train_time:250370ms step_avg:386.37ms
step:649/1290 train_time:250913ms step_avg:386.61ms
step:650/1290 train_time:251449ms step_avg:386.84ms
step:651/1290 train_time:251992ms step_avg:387.08ms
step:652/1290 train_time:252527ms step_avg:387.31ms
step:653/1290 train_time:253071ms step_avg:387.55ms
step:654/1290 train_time:253609ms step_avg:387.78ms
step:655/1290 train_time:254150ms step_avg:388.02ms
step:656/1290 train_time:254686ms step_avg:388.24ms
step:657/1290 train_time:255228ms step_avg:388.47ms
step:658/1290 train_time:255764ms step_avg:388.70ms
step:659/1290 train_time:256306ms step_avg:388.93ms
step:660/1290 train_time:256843ms step_avg:389.16ms
step:661/1290 train_time:257385ms step_avg:389.39ms
step:662/1290 train_time:257921ms step_avg:389.61ms
step:663/1290 train_time:258460ms step_avg:389.83ms
step:664/1290 train_time:258998ms step_avg:390.06ms
step:665/1290 train_time:259536ms step_avg:390.28ms
step:666/1290 train_time:260073ms step_avg:390.50ms
step:667/1290 train_time:260611ms step_avg:390.72ms
step:668/1290 train_time:261150ms step_avg:390.94ms
step:669/1290 train_time:261691ms step_avg:391.17ms
step:670/1290 train_time:262228ms step_avg:391.38ms
step:671/1290 train_time:262769ms step_avg:391.61ms
step:672/1290 train_time:263306ms step_avg:391.82ms
step:673/1290 train_time:263848ms step_avg:392.05ms
step:674/1290 train_time:264384ms step_avg:392.26ms
step:675/1290 train_time:264927ms step_avg:392.48ms
step:676/1290 train_time:265462ms step_avg:392.70ms
step:677/1290 train_time:266004ms step_avg:392.92ms
step:678/1290 train_time:266541ms step_avg:393.13ms
step:679/1290 train_time:267082ms step_avg:393.35ms
step:680/1290 train_time:267618ms step_avg:393.56ms
step:681/1290 train_time:268159ms step_avg:393.77ms
step:682/1290 train_time:268694ms step_avg:393.98ms
step:683/1290 train_time:269234ms step_avg:394.19ms
step:684/1290 train_time:269772ms step_avg:394.40ms
step:685/1290 train_time:270312ms step_avg:394.62ms
step:686/1290 train_time:270850ms step_avg:394.83ms
step:687/1290 train_time:271392ms step_avg:395.04ms
step:688/1290 train_time:271929ms step_avg:395.25ms
step:689/1290 train_time:272471ms step_avg:395.46ms
step:690/1290 train_time:273006ms step_avg:395.66ms
step:691/1290 train_time:273547ms step_avg:395.87ms
step:692/1290 train_time:274084ms step_avg:396.08ms
step:693/1290 train_time:274627ms step_avg:396.29ms
step:694/1290 train_time:275162ms step_avg:396.49ms
step:695/1290 train_time:275704ms step_avg:396.70ms
step:696/1290 train_time:276239ms step_avg:396.89ms
step:697/1290 train_time:276780ms step_avg:397.10ms
step:698/1290 train_time:277317ms step_avg:397.30ms
step:699/1290 train_time:277857ms step_avg:397.51ms
step:700/1290 train_time:278390ms step_avg:397.70ms
step:701/1290 train_time:278932ms step_avg:397.91ms
step:702/1290 train_time:279469ms step_avg:398.10ms
step:703/1290 train_time:280012ms step_avg:398.31ms
step:704/1290 train_time:280548ms step_avg:398.51ms
step:705/1290 train_time:281087ms step_avg:398.71ms
step:706/1290 train_time:281625ms step_avg:398.90ms
step:707/1290 train_time:282165ms step_avg:399.10ms
step:708/1290 train_time:282702ms step_avg:399.30ms
step:709/1290 train_time:283243ms step_avg:399.50ms
step:710/1290 train_time:283780ms step_avg:399.69ms
step:711/1290 train_time:284321ms step_avg:399.89ms
step:712/1290 train_time:284858ms step_avg:400.08ms
step:713/1290 train_time:285399ms step_avg:400.28ms
step:714/1290 train_time:285934ms step_avg:400.47ms
step:715/1290 train_time:286474ms step_avg:400.66ms
step:716/1290 train_time:287011ms step_avg:400.85ms
step:717/1290 train_time:287551ms step_avg:401.05ms
step:718/1290 train_time:288088ms step_avg:401.24ms
step:719/1290 train_time:288628ms step_avg:401.43ms
step:720/1290 train_time:289166ms step_avg:401.62ms
step:721/1290 train_time:289707ms step_avg:401.81ms
step:722/1290 train_time:290245ms step_avg:402.00ms
step:723/1290 train_time:290785ms step_avg:402.19ms
step:724/1290 train_time:291323ms step_avg:402.38ms
step:725/1290 train_time:291865ms step_avg:402.57ms
step:726/1290 train_time:292402ms step_avg:402.76ms
step:727/1290 train_time:292942ms step_avg:402.95ms
step:728/1290 train_time:293479ms step_avg:403.13ms
step:729/1290 train_time:294021ms step_avg:403.32ms
step:730/1290 train_time:294555ms step_avg:403.50ms
step:731/1290 train_time:295095ms step_avg:403.69ms
step:732/1290 train_time:295633ms step_avg:403.87ms
step:733/1290 train_time:296174ms step_avg:404.06ms
step:734/1290 train_time:296710ms step_avg:404.24ms
step:735/1290 train_time:297252ms step_avg:404.42ms
step:736/1290 train_time:297789ms step_avg:404.60ms
step:737/1290 train_time:298330ms step_avg:404.79ms
step:738/1290 train_time:298866ms step_avg:404.97ms
step:739/1290 train_time:299406ms step_avg:405.15ms
step:740/1290 train_time:299945ms step_avg:405.33ms
step:741/1290 train_time:300485ms step_avg:405.51ms
step:742/1290 train_time:301023ms step_avg:405.69ms
step:743/1290 train_time:301564ms step_avg:405.87ms
step:744/1290 train_time:302101ms step_avg:406.05ms
step:745/1290 train_time:302641ms step_avg:406.23ms
step:746/1290 train_time:303178ms step_avg:406.40ms
step:747/1290 train_time:303721ms step_avg:406.59ms
step:748/1290 train_time:304257ms step_avg:406.76ms
step:749/1290 train_time:304797ms step_avg:406.94ms
step:750/1290 train_time:305334ms step_avg:407.11ms
step:750/1290 val_loss:3.6992 train_time:305414ms step_avg:407.22ms
step:751/1290 train_time:305876ms step_avg:407.29ms
step:752/1290 train_time:306416ms step_avg:407.47ms
step:753/1290 train_time:306955ms step_avg:407.64ms
step:754/1290 train_time:307492ms step_avg:407.81ms
step:755/1290 train_time:308032ms step_avg:407.99ms
step:756/1290 train_time:308570ms step_avg:408.16ms
step:757/1290 train_time:309111ms step_avg:408.34ms
step:758/1290 train_time:309649ms step_avg:408.51ms
step:759/1290 train_time:310189ms step_avg:408.68ms
step:760/1290 train_time:310725ms step_avg:408.85ms
step:761/1290 train_time:311266ms step_avg:409.02ms
step:762/1290 train_time:311802ms step_avg:409.19ms
step:763/1290 train_time:312342ms step_avg:409.36ms
step:764/1290 train_time:312880ms step_avg:409.53ms
step:765/1290 train_time:313421ms step_avg:409.70ms
step:766/1290 train_time:313958ms step_avg:409.87ms
step:767/1290 train_time:314499ms step_avg:410.04ms
step:768/1290 train_time:315035ms step_avg:410.20ms
step:769/1290 train_time:315577ms step_avg:410.37ms
step:770/1290 train_time:316111ms step_avg:410.53ms
step:771/1290 train_time:316652ms step_avg:410.70ms
step:772/1290 train_time:317188ms step_avg:410.87ms
step:773/1290 train_time:317729ms step_avg:411.03ms
step:774/1290 train_time:318265ms step_avg:411.20ms
step:775/1290 train_time:318805ms step_avg:411.36ms
step:776/1290 train_time:319340ms step_avg:411.52ms
step:777/1290 train_time:319882ms step_avg:411.69ms
step:778/1290 train_time:320418ms step_avg:411.85ms
step:779/1290 train_time:320960ms step_avg:412.02ms
step:780/1290 train_time:321495ms step_avg:412.17ms
step:781/1290 train_time:322038ms step_avg:412.34ms
step:782/1290 train_time:322574ms step_avg:412.50ms
step:783/1290 train_time:323117ms step_avg:412.67ms
step:784/1290 train_time:323651ms step_avg:412.82ms
step:785/1290 train_time:324193ms step_avg:412.99ms
step:786/1290 train_time:324729ms step_avg:413.14ms
step:787/1290 train_time:325268ms step_avg:413.30ms
step:788/1290 train_time:325804ms step_avg:413.46ms
step:789/1290 train_time:326344ms step_avg:413.62ms
step:790/1290 train_time:326881ms step_avg:413.77ms
step:791/1290 train_time:327421ms step_avg:413.93ms
step:792/1290 train_time:327959ms step_avg:414.09ms
step:793/1290 train_time:328500ms step_avg:414.25ms
step:794/1290 train_time:329036ms step_avg:414.40ms
step:795/1290 train_time:329578ms step_avg:414.56ms
step:796/1290 train_time:330113ms step_avg:414.71ms
step:797/1290 train_time:330656ms step_avg:414.88ms
step:798/1290 train_time:331193ms step_avg:415.03ms
step:799/1290 train_time:331734ms step_avg:415.19ms
step:800/1290 train_time:332270ms step_avg:415.34ms
step:801/1290 train_time:332813ms step_avg:415.50ms
step:802/1290 train_time:333350ms step_avg:415.65ms
step:803/1290 train_time:333890ms step_avg:415.80ms
step:804/1290 train_time:334425ms step_avg:415.95ms
step:805/1290 train_time:334965ms step_avg:416.11ms
step:806/1290 train_time:335501ms step_avg:416.25ms
step:807/1290 train_time:336044ms step_avg:416.41ms
step:808/1290 train_time:336581ms step_avg:416.56ms
step:809/1290 train_time:337123ms step_avg:416.72ms
step:810/1290 train_time:337660ms step_avg:416.86ms
step:811/1290 train_time:338199ms step_avg:417.02ms
step:812/1290 train_time:338737ms step_avg:417.16ms
step:813/1290 train_time:339278ms step_avg:417.32ms
step:814/1290 train_time:339814ms step_avg:417.46ms
step:815/1290 train_time:340356ms step_avg:417.61ms
step:816/1290 train_time:340892ms step_avg:417.76ms
step:817/1290 train_time:341433ms step_avg:417.91ms
step:818/1290 train_time:341969ms step_avg:418.05ms
step:819/1290 train_time:342510ms step_avg:418.20ms
step:820/1290 train_time:343047ms step_avg:418.35ms
step:821/1290 train_time:343587ms step_avg:418.50ms
step:822/1290 train_time:344124ms step_avg:418.64ms
step:823/1290 train_time:344663ms step_avg:418.79ms
step:824/1290 train_time:345199ms step_avg:418.93ms
step:825/1290 train_time:345739ms step_avg:419.08ms
step:826/1290 train_time:346276ms step_avg:419.22ms
step:827/1290 train_time:346815ms step_avg:419.37ms
step:828/1290 train_time:347352ms step_avg:419.51ms
step:829/1290 train_time:347894ms step_avg:419.65ms
step:830/1290 train_time:348430ms step_avg:419.80ms
step:831/1290 train_time:348970ms step_avg:419.94ms
step:832/1290 train_time:349507ms step_avg:420.08ms
step:833/1290 train_time:350046ms step_avg:420.22ms
step:834/1290 train_time:350779ms step_avg:420.60ms
step:835/1290 train_time:351535ms step_avg:421.00ms
step:836/1290 train_time:352284ms step_avg:421.39ms
step:837/1290 train_time:353041ms step_avg:421.79ms
step:838/1290 train_time:353793ms step_avg:422.19ms
step:839/1290 train_time:354546ms step_avg:422.58ms
step:840/1290 train_time:355298ms step_avg:422.97ms
step:841/1290 train_time:356051ms step_avg:423.37ms
step:842/1290 train_time:356801ms step_avg:423.75ms
step:843/1290 train_time:357556ms step_avg:424.15ms
step:844/1290 train_time:358306ms step_avg:424.53ms
step:845/1290 train_time:359059ms step_avg:424.92ms
step:846/1290 train_time:359809ms step_avg:425.31ms
step:847/1290 train_time:360565ms step_avg:425.70ms
step:848/1290 train_time:361317ms step_avg:426.08ms
step:849/1290 train_time:362073ms step_avg:426.47ms
step:850/1290 train_time:362822ms step_avg:426.85ms
step:851/1290 train_time:363577ms step_avg:427.24ms
step:852/1290 train_time:364326ms step_avg:427.61ms
step:853/1290 train_time:365085ms step_avg:428.00ms
step:854/1290 train_time:365836ms step_avg:428.38ms
step:855/1290 train_time:366592ms step_avg:428.76ms
step:856/1290 train_time:367342ms step_avg:429.14ms
step:857/1290 train_time:368098ms step_avg:429.52ms
step:858/1290 train_time:368850ms step_avg:429.89ms
step:859/1290 train_time:369602ms step_avg:430.27ms
step:860/1290 train_time:370353ms step_avg:430.64ms
step:861/1290 train_time:371109ms step_avg:431.02ms
step:862/1290 train_time:371861ms step_avg:431.39ms
step:863/1290 train_time:372615ms step_avg:431.77ms
step:864/1290 train_time:373365ms step_avg:432.14ms
step:865/1290 train_time:374120ms step_avg:432.51ms
step:866/1290 train_time:374873ms step_avg:432.88ms
step:867/1290 train_time:375626ms step_avg:433.25ms
step:868/1290 train_time:376378ms step_avg:433.61ms
step:869/1290 train_time:377132ms step_avg:433.98ms
step:870/1290 train_time:377882ms step_avg:434.35ms
step:871/1290 train_time:378639ms step_avg:434.72ms
step:872/1290 train_time:379392ms step_avg:435.08ms
step:873/1290 train_time:380146ms step_avg:435.45ms
step:874/1290 train_time:380897ms step_avg:435.81ms
step:875/1290 train_time:381652ms step_avg:436.17ms
step:876/1290 train_time:382402ms step_avg:436.53ms
step:877/1290 train_time:383157ms step_avg:436.89ms
step:878/1290 train_time:383906ms step_avg:437.25ms
step:879/1290 train_time:384662ms step_avg:437.61ms
step:880/1290 train_time:385412ms step_avg:437.97ms
step:881/1290 train_time:386167ms step_avg:438.33ms
step:882/1290 train_time:386919ms step_avg:438.68ms
step:883/1290 train_time:387674ms step_avg:439.04ms
step:884/1290 train_time:388426ms step_avg:439.40ms
step:885/1290 train_time:389181ms step_avg:439.75ms
step:886/1290 train_time:389934ms step_avg:440.11ms
step:887/1290 train_time:390687ms step_avg:440.46ms
step:888/1290 train_time:391441ms step_avg:440.81ms
step:889/1290 train_time:392196ms step_avg:441.17ms
step:890/1290 train_time:392946ms step_avg:441.51ms
step:891/1290 train_time:393701ms step_avg:441.86ms
step:892/1290 train_time:394451ms step_avg:442.21ms
step:893/1290 train_time:395206ms step_avg:442.56ms
step:894/1290 train_time:395959ms step_avg:442.91ms
step:895/1290 train_time:396713ms step_avg:443.25ms
step:896/1290 train_time:397466ms step_avg:443.60ms
step:897/1290 train_time:398221ms step_avg:443.95ms
step:898/1290 train_time:398973ms step_avg:444.29ms
step:899/1290 train_time:399727ms step_avg:444.64ms
step:900/1290 train_time:400478ms step_avg:444.98ms
step:901/1290 train_time:401234ms step_avg:445.32ms
step:902/1290 train_time:401983ms step_avg:445.66ms
step:903/1290 train_time:402740ms step_avg:446.00ms
step:904/1290 train_time:403489ms step_avg:446.34ms
step:905/1290 train_time:404245ms step_avg:446.68ms
step:906/1290 train_time:404996ms step_avg:447.02ms
step:907/1290 train_time:405752ms step_avg:447.36ms
step:908/1290 train_time:406502ms step_avg:447.69ms
step:909/1290 train_time:407256ms step_avg:448.03ms
step:910/1290 train_time:408007ms step_avg:448.36ms
step:911/1290 train_time:408761ms step_avg:448.69ms
step:912/1290 train_time:409512ms step_avg:449.03ms
step:913/1290 train_time:410267ms step_avg:449.36ms
step:914/1290 train_time:411021ms step_avg:449.69ms
step:915/1290 train_time:411774ms step_avg:450.03ms
step:916/1290 train_time:412526ms step_avg:450.36ms
step:917/1290 train_time:413283ms step_avg:450.69ms
step:918/1290 train_time:414033ms step_avg:451.02ms
step:919/1290 train_time:414788ms step_avg:451.35ms
step:920/1290 train_time:415539ms step_avg:451.67ms
step:921/1290 train_time:416295ms step_avg:452.00ms
step:922/1290 train_time:417046ms step_avg:452.33ms
step:923/1290 train_time:417801ms step_avg:452.66ms
step:924/1290 train_time:418553ms step_avg:452.98ms
step:925/1290 train_time:419308ms step_avg:453.31ms
step:926/1290 train_time:420060ms step_avg:453.63ms
step:927/1290 train_time:420813ms step_avg:453.95ms
step:928/1290 train_time:421564ms step_avg:454.27ms
step:929/1290 train_time:422320ms step_avg:454.60ms
step:930/1290 train_time:423071ms step_avg:454.92ms
step:931/1290 train_time:423826ms step_avg:455.24ms
step:932/1290 train_time:424577ms step_avg:455.55ms
step:933/1290 train_time:425331ms step_avg:455.87ms
step:934/1290 train_time:426082ms step_avg:456.19ms
step:935/1290 train_time:426838ms step_avg:456.51ms
step:936/1290 train_time:427587ms step_avg:456.82ms
step:937/1290 train_time:428343ms step_avg:457.14ms
step:938/1290 train_time:429092ms step_avg:457.45ms
step:939/1290 train_time:429845ms step_avg:457.77ms
step:940/1290 train_time:430597ms step_avg:458.08ms
step:941/1290 train_time:431353ms step_avg:458.40ms
step:942/1290 train_time:432107ms step_avg:458.71ms
step:943/1290 train_time:432863ms step_avg:459.03ms
step:944/1290 train_time:433613ms step_avg:459.34ms
step:945/1290 train_time:434369ms step_avg:459.65ms
step:946/1290 train_time:435121ms step_avg:459.96ms
step:947/1290 train_time:435878ms step_avg:460.27ms
step:948/1290 train_time:436627ms step_avg:460.58ms
step:949/1290 train_time:437384ms step_avg:460.89ms
step:950/1290 train_time:438134ms step_avg:461.19ms
step:951/1290 train_time:438890ms step_avg:461.50ms
step:952/1290 train_time:439640ms step_avg:461.81ms
step:953/1290 train_time:440394ms step_avg:462.11ms
step:954/1290 train_time:441144ms step_avg:462.41ms
step:955/1290 train_time:441899ms step_avg:462.72ms
step:956/1290 train_time:442651ms step_avg:463.02ms
step:957/1290 train_time:443408ms step_avg:463.33ms
step:958/1290 train_time:444160ms step_avg:463.63ms
step:959/1290 train_time:444914ms step_avg:463.93ms
step:960/1290 train_time:445663ms step_avg:464.23ms
step:961/1290 train_time:446421ms step_avg:464.54ms
step:962/1290 train_time:447171ms step_avg:464.83ms
step:963/1290 train_time:447925ms step_avg:465.14ms
step:964/1290 train_time:448677ms step_avg:465.43ms
step:965/1290 train_time:449432ms step_avg:465.73ms
step:966/1290 train_time:450184ms step_avg:466.03ms
step:967/1290 train_time:450938ms step_avg:466.33ms
step:968/1290 train_time:451688ms step_avg:466.62ms
step:969/1290 train_time:452443ms step_avg:466.92ms
step:970/1290 train_time:453195ms step_avg:467.21ms
step:971/1290 train_time:453949ms step_avg:467.51ms
step:972/1290 train_time:454698ms step_avg:467.80ms
step:973/1290 train_time:455456ms step_avg:468.09ms
step:974/1290 train_time:456206ms step_avg:468.38ms
step:975/1290 train_time:456962ms step_avg:468.68ms
step:976/1290 train_time:457712ms step_avg:468.97ms
step:977/1290 train_time:458468ms step_avg:469.26ms
step:978/1290 train_time:459218ms step_avg:469.55ms
step:979/1290 train_time:459973ms step_avg:469.84ms
step:980/1290 train_time:460725ms step_avg:470.13ms
step:981/1290 train_time:461482ms step_avg:470.42ms
step:982/1290 train_time:462231ms step_avg:470.70ms
step:983/1290 train_time:462985ms step_avg:470.99ms
step:984/1290 train_time:463735ms step_avg:471.28ms
step:985/1290 train_time:464490ms step_avg:471.56ms
step:986/1290 train_time:465240ms step_avg:471.85ms
step:987/1290 train_time:465993ms step_avg:472.13ms
step:988/1290 train_time:466744ms step_avg:472.41ms
step:989/1290 train_time:467500ms step_avg:472.70ms
step:990/1290 train_time:468250ms step_avg:472.98ms
step:991/1290 train_time:469005ms step_avg:473.26ms
step:992/1290 train_time:469754ms step_avg:473.54ms
step:993/1290 train_time:470509ms step_avg:473.83ms
step:994/1290 train_time:471259ms step_avg:474.10ms
step:995/1290 train_time:472014ms step_avg:474.39ms
step:996/1290 train_time:472765ms step_avg:474.66ms
step:997/1290 train_time:473520ms step_avg:474.95ms
step:998/1290 train_time:474269ms step_avg:475.22ms
step:999/1290 train_time:475024ms step_avg:475.50ms
step:1000/1290 train_time:475777ms step_avg:475.78ms
step:1000/1290 val_loss:3.4187 train_time:475883ms step_avg:475.88ms
step:1001/1290 train_time:476532ms step_avg:476.06ms
step:1002/1290 train_time:477284ms step_avg:476.33ms
step:1003/1290 train_time:478040ms step_avg:476.61ms
step:1004/1290 train_time:478790ms step_avg:476.88ms
step:1005/1290 train_time:479544ms step_avg:477.16ms
step:1006/1290 train_time:480296ms step_avg:477.43ms
step:1007/1290 train_time:481050ms step_avg:477.71ms
step:1008/1290 train_time:481799ms step_avg:477.98ms
step:1009/1290 train_time:482553ms step_avg:478.25ms
step:1010/1290 train_time:483303ms step_avg:478.52ms
step:1011/1290 train_time:484058ms step_avg:478.79ms
step:1012/1290 train_time:484807ms step_avg:479.06ms
step:1013/1290 train_time:485561ms step_avg:479.33ms
step:1014/1290 train_time:486311ms step_avg:479.60ms
step:1015/1290 train_time:487065ms step_avg:479.87ms
step:1016/1290 train_time:487814ms step_avg:480.13ms
step:1017/1290 train_time:488568ms step_avg:480.40ms
step:1018/1290 train_time:489319ms step_avg:480.67ms
step:1019/1290 train_time:490073ms step_avg:480.94ms
step:1020/1290 train_time:490824ms step_avg:481.20ms
step:1021/1290 train_time:491580ms step_avg:481.47ms
step:1022/1290 train_time:492332ms step_avg:481.73ms
step:1023/1290 train_time:493089ms step_avg:482.00ms
step:1024/1290 train_time:493841ms step_avg:482.27ms
step:1025/1290 train_time:494596ms step_avg:482.53ms
step:1026/1290 train_time:495343ms step_avg:482.79ms
step:1027/1290 train_time:496099ms step_avg:483.06ms
step:1028/1290 train_time:496849ms step_avg:483.32ms
step:1029/1290 train_time:497605ms step_avg:483.58ms
step:1030/1290 train_time:498356ms step_avg:483.84ms
step:1031/1290 train_time:499112ms step_avg:484.10ms
step:1032/1290 train_time:499863ms step_avg:484.36ms
step:1033/1290 train_time:500618ms step_avg:484.63ms
step:1034/1290 train_time:501369ms step_avg:484.88ms
step:1035/1290 train_time:502123ms step_avg:485.14ms
step:1036/1290 train_time:502873ms step_avg:485.40ms
step:1037/1290 train_time:503627ms step_avg:485.66ms
step:1038/1290 train_time:504380ms step_avg:485.92ms
step:1039/1290 train_time:505135ms step_avg:486.17ms
step:1040/1290 train_time:505887ms step_avg:486.43ms
step:1041/1290 train_time:506640ms step_avg:486.69ms
step:1042/1290 train_time:507391ms step_avg:486.94ms
step:1043/1290 train_time:508145ms step_avg:487.20ms
step:1044/1290 train_time:508899ms step_avg:487.45ms
step:1045/1290 train_time:509654ms step_avg:487.71ms
step:1046/1290 train_time:510406ms step_avg:487.96ms
step:1047/1290 train_time:511160ms step_avg:488.21ms
step:1048/1290 train_time:511911ms step_avg:488.46ms
step:1049/1290 train_time:512666ms step_avg:488.72ms
step:1050/1290 train_time:513417ms step_avg:488.97ms
step:1051/1290 train_time:514171ms step_avg:489.22ms
step:1052/1290 train_time:514921ms step_avg:489.47ms
step:1053/1290 train_time:515677ms step_avg:489.72ms
step:1054/1290 train_time:516426ms step_avg:489.97ms
step:1055/1290 train_time:517180ms step_avg:490.22ms
step:1056/1290 train_time:517932ms step_avg:490.47ms
step:1057/1290 train_time:518688ms step_avg:490.72ms
step:1058/1290 train_time:519440ms step_avg:490.96ms
step:1059/1290 train_time:520193ms step_avg:491.21ms
step:1060/1290 train_time:520943ms step_avg:491.46ms
step:1061/1290 train_time:521699ms step_avg:491.71ms
step:1062/1290 train_time:522450ms step_avg:491.95ms
step:1063/1290 train_time:523204ms step_avg:492.20ms
step:1064/1290 train_time:523953ms step_avg:492.44ms
step:1065/1290 train_time:524708ms step_avg:492.68ms
step:1066/1290 train_time:525459ms step_avg:492.93ms
step:1067/1290 train_time:526214ms step_avg:493.17ms
step:1068/1290 train_time:526962ms step_avg:493.41ms
step:1069/1290 train_time:527717ms step_avg:493.65ms
step:1070/1290 train_time:528466ms step_avg:493.89ms
step:1071/1290 train_time:529222ms step_avg:494.14ms
step:1072/1290 train_time:529972ms step_avg:494.38ms
step:1073/1290 train_time:530729ms step_avg:494.62ms
step:1074/1290 train_time:531480ms step_avg:494.86ms
step:1075/1290 train_time:532236ms step_avg:495.10ms
step:1076/1290 train_time:532987ms step_avg:495.34ms
step:1077/1290 train_time:533741ms step_avg:495.58ms
step:1078/1290 train_time:534494ms step_avg:495.82ms
step:1079/1290 train_time:535248ms step_avg:496.06ms
step:1080/1290 train_time:536002ms step_avg:496.30ms
step:1081/1290 train_time:536755ms step_avg:496.54ms
step:1082/1290 train_time:537508ms step_avg:496.77ms
step:1083/1290 train_time:538260ms step_avg:497.01ms
step:1084/1290 train_time:539011ms step_avg:497.24ms
step:1085/1290 train_time:539765ms step_avg:497.48ms
step:1086/1290 train_time:540516ms step_avg:497.71ms
step:1087/1290 train_time:541271ms step_avg:497.95ms
step:1088/1290 train_time:542020ms step_avg:498.18ms
step:1089/1290 train_time:542776ms step_avg:498.42ms
step:1090/1290 train_time:543525ms step_avg:498.65ms
step:1091/1290 train_time:544280ms step_avg:498.88ms
step:1092/1290 train_time:545030ms step_avg:499.11ms
step:1093/1290 train_time:545785ms step_avg:499.35ms
step:1094/1290 train_time:546537ms step_avg:499.58ms
step:1095/1290 train_time:547290ms step_avg:499.81ms
step:1096/1290 train_time:548041ms step_avg:500.04ms
step:1097/1290 train_time:548795ms step_avg:500.27ms
step:1098/1290 train_time:549544ms step_avg:500.50ms
step:1099/1290 train_time:550299ms step_avg:500.73ms
step:1100/1290 train_time:551047ms step_avg:500.95ms
step:1101/1290 train_time:551804ms step_avg:501.18ms
step:1102/1290 train_time:552553ms step_avg:501.41ms
step:1103/1290 train_time:553309ms step_avg:501.64ms
step:1104/1290 train_time:554057ms step_avg:501.86ms
step:1105/1290 train_time:554812ms step_avg:502.09ms
step:1106/1290 train_time:555562ms step_avg:502.32ms
step:1107/1290 train_time:556318ms step_avg:502.55ms
step:1108/1290 train_time:557067ms step_avg:502.77ms
step:1109/1290 train_time:557822ms step_avg:503.00ms
step:1110/1290 train_time:558572ms step_avg:503.22ms
step:1111/1290 train_time:559327ms step_avg:503.44ms
step:1112/1290 train_time:560080ms step_avg:503.67ms
step:1113/1290 train_time:560834ms step_avg:503.89ms
step:1114/1290 train_time:561585ms step_avg:504.12ms
step:1115/1290 train_time:562341ms step_avg:504.34ms
step:1116/1290 train_time:563093ms step_avg:504.56ms
step:1117/1290 train_time:563847ms step_avg:504.79ms
step:1118/1290 train_time:564600ms step_avg:505.01ms
step:1119/1290 train_time:565353ms step_avg:505.23ms
step:1120/1290 train_time:566104ms step_avg:505.45ms
step:1121/1290 train_time:566861ms step_avg:505.67ms
step:1122/1290 train_time:567609ms step_avg:505.89ms
step:1123/1290 train_time:568364ms step_avg:506.11ms
step:1124/1290 train_time:569115ms step_avg:506.33ms
step:1125/1290 train_time:569870ms step_avg:506.55ms
step:1126/1290 train_time:570622ms step_avg:506.77ms
step:1127/1290 train_time:571377ms step_avg:506.99ms
step:1128/1290 train_time:572128ms step_avg:507.21ms
step:1129/1290 train_time:572883ms step_avg:507.43ms
step:1130/1290 train_time:573634ms step_avg:507.64ms
step:1131/1290 train_time:574390ms step_avg:507.86ms
step:1132/1290 train_time:575142ms step_avg:508.08ms
step:1133/1290 train_time:575895ms step_avg:508.29ms
step:1134/1290 train_time:576645ms step_avg:508.51ms
step:1135/1290 train_time:577401ms step_avg:508.72ms
step:1136/1290 train_time:578152ms step_avg:508.94ms
step:1137/1290 train_time:578908ms step_avg:509.15ms
step:1138/1290 train_time:579658ms step_avg:509.37ms
step:1139/1290 train_time:580413ms step_avg:509.58ms
step:1140/1290 train_time:581163ms step_avg:509.79ms
step:1141/1290 train_time:581918ms step_avg:510.01ms
step:1142/1290 train_time:582666ms step_avg:510.22ms
step:1143/1290 train_time:583422ms step_avg:510.43ms
step:1144/1290 train_time:584173ms step_avg:510.64ms
step:1145/1290 train_time:584927ms step_avg:510.85ms
step:1146/1290 train_time:585678ms step_avg:511.06ms
step:1147/1290 train_time:586433ms step_avg:511.28ms
step:1148/1290 train_time:587184ms step_avg:511.48ms
step:1149/1290 train_time:587939ms step_avg:511.70ms
step:1150/1290 train_time:588688ms step_avg:511.90ms
step:1151/1290 train_time:589445ms step_avg:512.12ms
step:1152/1290 train_time:590196ms step_avg:512.32ms
step:1153/1290 train_time:590950ms step_avg:512.53ms
step:1154/1290 train_time:591702ms step_avg:512.74ms
step:1155/1290 train_time:592455ms step_avg:512.95ms
step:1156/1290 train_time:593206ms step_avg:513.15ms
step:1157/1290 train_time:593961ms step_avg:513.36ms
step:1158/1290 train_time:594710ms step_avg:513.57ms
step:1159/1290 train_time:595464ms step_avg:513.77ms
step:1160/1290 train_time:596214ms step_avg:513.98ms
step:1161/1290 train_time:596969ms step_avg:514.18ms
step:1162/1290 train_time:597721ms step_avg:514.39ms
step:1163/1290 train_time:598476ms step_avg:514.60ms
step:1164/1290 train_time:599228ms step_avg:514.80ms
step:1165/1290 train_time:599982ms step_avg:515.01ms
step:1166/1290 train_time:600732ms step_avg:515.21ms
step:1167/1290 train_time:601488ms step_avg:515.41ms
step:1168/1290 train_time:602242ms step_avg:515.62ms
step:1169/1290 train_time:602995ms step_avg:515.82ms
step:1170/1290 train_time:603744ms step_avg:516.02ms
step:1171/1290 train_time:604500ms step_avg:516.23ms
step:1172/1290 train_time:605249ms step_avg:516.42ms
step:1173/1290 train_time:606004ms step_avg:516.63ms
step:1174/1290 train_time:606754ms step_avg:516.83ms
step:1175/1290 train_time:607509ms step_avg:517.03ms
step:1176/1290 train_time:608261ms step_avg:517.23ms
step:1177/1290 train_time:609015ms step_avg:517.43ms
step:1178/1290 train_time:609766ms step_avg:517.63ms
step:1179/1290 train_time:610521ms step_avg:517.83ms
step:1180/1290 train_time:611270ms step_avg:518.03ms
step:1181/1290 train_time:612024ms step_avg:518.22ms
step:1182/1290 train_time:612773ms step_avg:518.42ms
step:1183/1290 train_time:613529ms step_avg:518.62ms
step:1184/1290 train_time:614277ms step_avg:518.82ms
step:1185/1290 train_time:615033ms step_avg:519.01ms
step:1186/1290 train_time:615783ms step_avg:519.21ms
step:1187/1290 train_time:616539ms step_avg:519.41ms
step:1188/1290 train_time:617288ms step_avg:519.60ms
step:1189/1290 train_time:618043ms step_avg:519.80ms
step:1190/1290 train_time:618794ms step_avg:520.00ms
step:1191/1290 train_time:619547ms step_avg:520.19ms
step:1192/1290 train_time:620300ms step_avg:520.39ms
step:1193/1290 train_time:621053ms step_avg:520.58ms
step:1194/1290 train_time:621803ms step_avg:520.77ms
step:1195/1290 train_time:622557ms step_avg:520.97ms
step:1196/1290 train_time:623308ms step_avg:521.16ms
step:1197/1290 train_time:624063ms step_avg:521.36ms
step:1198/1290 train_time:624812ms step_avg:521.55ms
step:1199/1290 train_time:625566ms step_avg:521.74ms
step:1200/1290 train_time:626316ms step_avg:521.93ms
step:1201/1290 train_time:627070ms step_avg:522.12ms
step:1202/1290 train_time:627822ms step_avg:522.31ms
step:1203/1290 train_time:628575ms step_avg:522.51ms
step:1204/1290 train_time:629328ms step_avg:522.70ms
step:1205/1290 train_time:630083ms step_avg:522.89ms
step:1206/1290 train_time:630835ms step_avg:523.08ms
step:1207/1290 train_time:631589ms step_avg:523.27ms
step:1208/1290 train_time:632338ms step_avg:523.46ms
step:1209/1290 train_time:633092ms step_avg:523.65ms
step:1210/1290 train_time:633843ms step_avg:523.84ms
step:1211/1290 train_time:634596ms step_avg:524.03ms
step:1212/1290 train_time:635346ms step_avg:524.21ms
step:1213/1290 train_time:636102ms step_avg:524.40ms
step:1214/1290 train_time:636851ms step_avg:524.59ms
step:1215/1290 train_time:637605ms step_avg:524.78ms
step:1216/1290 train_time:638355ms step_avg:524.96ms
step:1217/1290 train_time:639110ms step_avg:525.15ms
step:1218/1290 train_time:639860ms step_avg:525.34ms
step:1219/1290 train_time:640616ms step_avg:525.53ms
step:1220/1290 train_time:641366ms step_avg:525.71ms
step:1221/1290 train_time:642123ms step_avg:525.90ms
step:1222/1290 train_time:642873ms step_avg:526.08ms
step:1223/1290 train_time:643628ms step_avg:526.27ms
step:1224/1290 train_time:644377ms step_avg:526.45ms
step:1225/1290 train_time:645131ms step_avg:526.64ms
step:1226/1290 train_time:645883ms step_avg:526.82ms
step:1227/1290 train_time:646637ms step_avg:527.01ms
step:1228/1290 train_time:647387ms step_avg:527.19ms
step:1229/1290 train_time:648141ms step_avg:527.37ms
step:1230/1290 train_time:648892ms step_avg:527.55ms
step:1231/1290 train_time:649645ms step_avg:527.74ms
step:1232/1290 train_time:650395ms step_avg:527.92ms
step:1233/1290 train_time:651149ms step_avg:528.10ms
step:1234/1290 train_time:651898ms step_avg:528.28ms
step:1235/1290 train_time:652653ms step_avg:528.46ms
step:1236/1290 train_time:653405ms step_avg:528.64ms
step:1237/1290 train_time:654160ms step_avg:528.83ms
step:1238/1290 train_time:654911ms step_avg:529.01ms
step:1239/1290 train_time:655667ms step_avg:529.19ms
step:1240/1290 train_time:656418ms step_avg:529.37ms
step:1241/1290 train_time:657172ms step_avg:529.55ms
step:1242/1290 train_time:657923ms step_avg:529.73ms
step:1243/1290 train_time:658677ms step_avg:529.91ms
step:1244/1290 train_time:659427ms step_avg:530.09ms
step:1245/1290 train_time:660183ms step_avg:530.27ms
step:1246/1290 train_time:660933ms step_avg:530.44ms
step:1247/1290 train_time:661686ms step_avg:530.62ms
step:1248/1290 train_time:662436ms step_avg:530.80ms
step:1249/1290 train_time:663191ms step_avg:530.98ms
step:1250/1290 train_time:663942ms step_avg:531.15ms
step:1250/1290 val_loss:3.3008 train_time:664055ms step_avg:531.24ms
step:1251/1290 train_time:664707ms step_avg:531.34ms
step:1252/1290 train_time:665462ms step_avg:531.52ms
step:1253/1290 train_time:666222ms step_avg:531.70ms
step:1254/1290 train_time:666978ms step_avg:531.88ms
step:1255/1290 train_time:667735ms step_avg:532.06ms
step:1256/1290 train_time:668490ms step_avg:532.24ms
step:1257/1290 train_time:669247ms step_avg:532.42ms
step:1258/1290 train_time:670002ms step_avg:532.59ms
step:1259/1290 train_time:670761ms step_avg:532.77ms
step:1260/1290 train_time:671513ms step_avg:532.95ms
step:1261/1290 train_time:672272ms step_avg:533.13ms
step:1262/1290 train_time:673024ms step_avg:533.30ms
step:1263/1290 train_time:673784ms step_avg:533.48ms
step:1264/1290 train_time:674538ms step_avg:533.65ms
step:1265/1290 train_time:675296ms step_avg:533.83ms
step:1266/1290 train_time:676051ms step_avg:534.01ms
step:1267/1290 train_time:676810ms step_avg:534.18ms
step:1268/1290 train_time:677565ms step_avg:534.36ms
step:1269/1290 train_time:678325ms step_avg:534.53ms
step:1270/1290 train_time:679080ms step_avg:534.71ms
step:1271/1290 train_time:679840ms step_avg:534.89ms
step:1272/1290 train_time:680595ms step_avg:535.06ms
step:1273/1290 train_time:681354ms step_avg:535.23ms
step:1274/1290 train_time:682106ms step_avg:535.41ms
step:1275/1290 train_time:682867ms step_avg:535.58ms
step:1276/1290 train_time:683620ms step_avg:535.75ms
step:1277/1290 train_time:684379ms step_avg:535.93ms
step:1278/1290 train_time:685132ms step_avg:536.10ms
step:1279/1290 train_time:685889ms step_avg:536.27ms
step:1280/1290 train_time:686644ms step_avg:536.44ms
step:1281/1290 train_time:687403ms step_avg:536.61ms
step:1282/1290 train_time:688154ms step_avg:536.78ms
step:1283/1290 train_time:688914ms step_avg:536.96ms
step:1284/1290 train_time:689665ms step_avg:537.12ms
step:1285/1290 train_time:690424ms step_avg:537.30ms
step:1286/1290 train_time:691179ms step_avg:537.46ms
step:1287/1290 train_time:691937ms step_avg:537.64ms
step:1288/1290 train_time:692690ms step_avg:537.80ms
step:1289/1290 train_time:693447ms step_avg:537.97ms
step:1290/1290 train_time:694203ms step_avg:538.14ms
step:1290/1290 val_loss:3.2846 train_time:694389ms step_avg:538.29ms
adaptive softmax tail rows on rank 0: cluster 1 needed by 12.43% of rows, 0.000% of those over capacity, cluster 2 needed by 5.84% of rows, 0.000% of those over capacity
peak memory allocated: 39587 MiB reserved: 50600 MiB
