[Gloo] Rank 0 is connected to 0 peer ranks. Expected number of connected peer ranks is : 0
You are using version 1 of 'kernels-community/flash-attn3', but version 2 is available.
Fetching 8 files:   0%|          | 0/8 [00:00<?, ?it/s]Fetching 8 files: 100%|██████████| 8/8 [00:00<00:00, 1561.32it/s]
logs/134be127-b628-4de0-a910-bb01c865b844.txt
Compiling model and warming up kernels (~7 minutes on first execution)
Sampling steps [0, 1, 415, 416, 417, 418, 831, 832, 833, 834, 1248, 1249, 1250, 1251] for warmup
Resetting Model
step:0/1290 val_loss:10.8298 train_time:148ms step_avg:147.70ms
step:1/1290 train_time:466ms step_avg:466.47ms
step:2/1290 train_time:778ms step_avg:388.99ms
step:3/1290 train_time:1095ms step_avg:364.94ms
step:4/1290 train_time:1415ms step_avg:353.72ms
step:5/1290 train_time:1731ms step_avg:346.27ms
step:6/1290 train_time:2048ms step_avg:341.39ms
step:7/1290 train_time:2371ms step_avg:338.71ms
step:8/1290 train_time:2689ms step_avg:336.12ms
step:9/1290 train_time:3010ms step_avg:334.40ms
step:10/1290 train_time:3330ms step_avg:332.95ms
step:11/1290 train_time:3652ms step_avg:331.96ms
step:12/1290 train_time:3971ms step_avg:330.88ms
step:13/1290 train_time:4293ms step_avg:330.23ms
step:14/1290 train_time:4612ms step_avg:329.39ms
step:15/1290 train_time:4933ms step_avg:328.84ms
step:16/1290 train_time:5252ms step_avg:328.22ms
step:17/1290 train_time:5574ms step_avg:327.86ms
step:18/1290 train_time:5893ms step_avg:327.37ms
step:19/1290 train_time:6214ms step_avg:327.07ms
step:20/1290 train_time:6533ms step_avg:326.67ms
step:21/1290 train_time:6856ms step_avg:326.48ms
step:22/1290 train_time:7175ms step_avg:326.13ms
step:23/1290 train_time:7497ms step_avg:325.95ms
step:24/1290 train_time:7816ms step_avg:325.66ms
step:25/1290 train_time:8138ms step_avg:325.50ms
step:26/1290 train_time:8457ms step_avg:325.26ms
step:27/1290 train_time:8778ms step_avg:325.13ms
step:28/1290 train_time:9098ms step_avg:324.93ms
step:29/1290 train_time:9420ms step_avg:324.83ms
step:30/1290 train_time:9739ms step_avg:324.62ms
step:31/1290 train_time:10059ms step_avg:324.49ms
step:32/1290 train_time:10377ms step_avg:324.29ms
step:33/1290 train_time:10698ms step_avg:324.19ms
step:34/1290 train_time:11017ms step_avg:324.03ms
step:35/1290 train_time:11338ms step_avg:323.93ms
step:36/1290 train_time:11655ms step_avg:323.76ms
step:37/1290 train_time:11976ms step_avg:323.67ms
step:38/1290 train_time:12294ms step_avg:323.52ms
step:39/1290 train_time:12615ms step_avg:323.46ms
step:40/1290 train_time:12933ms step_avg:323.33ms
step:41/1290 train_time:13255ms step_avg:323.29ms
step:42/1290 train_time:13572ms step_avg:323.14ms
step:43/1290 train_time:13894ms step_avg:323.12ms
step:44/1290 train_time:14212ms step_avg:323.01ms
step:45/1290 train_time:14533ms step_avg:322.94ms
step:46/1290 train_time:14852ms step_avg:322.86ms
step:47/1290 train_time:15173ms step_avg:322.83ms
step:48/1290 train_time:15491ms step_avg:322.73ms
step:49/1290 train_time:15812ms step_avg:322.70ms
step:50/1290 train_time:16132ms step_avg:322.63ms
step:51/1290 train_time:16454ms step_avg:322.62ms
step:52/1290 train_time:16771ms step_avg:322.53ms
step:53/1290 train_time:17093ms step_avg:322.51ms
step:54/1290 train_time:17412ms step_avg:322.45ms
step:55/1290 train_time:17733ms step_avg:322.41ms
step:56/1290 train_time:18051ms step_avg:322.34ms
step:57/1290 train_time:18373ms step_avg:322.33ms
step:58/1290 train_time:18691ms step_avg:322.26ms
step:59/1290 train_time:19013ms step_avg:322.25ms
step:60/1290 train_time:19332ms step_avg:322.19ms
step:61/1290 train_time:19653ms step_avg:322.18ms
step:62/1290 train_time:19971ms step_avg:322.12ms
step:63/1290 train_time:20292ms step_avg:322.10ms
step:64/1290 train_time:20612ms step_avg:322.05ms
step:65/1290 train_time:20934ms step_avg:322.06ms
step:66/1290 train_time:21252ms step_avg:322.01ms
step:67/1290 train_time:21574ms step_avg:322.00ms
step:68/1290 train_time:21893ms step_avg:321.95ms
step:69/1290 train_time:22214ms step_avg:321.95ms
step:70/1290 train_time:22533ms step_avg:321.90ms
step:71/1290 train_time:22854ms step_avg:321.89ms
step:72/1290 train_time:23173ms step_avg:321.85ms
step:73/1290 train_time:23495ms step_avg:321.85ms
step:74/1290 train_time:23814ms step_avg:321.81ms
step:75/1290 train_time:24136ms step_avg:321.81ms
step:76/1290 train_time:24455ms step_avg:321.77ms
step:77/1290 train_time:24776ms step_avg:321.76ms
step:78/1290 train_time:25094ms step_avg:321.72ms
step:79/1290 train_time:25415ms step_avg:321.71ms
step:80/1290 train_time:25734ms step_avg:321.67ms
step:81/1290 train_time:26056ms step_avg:321.68ms
step:82/1290 train_time:26375ms step_avg:321.64ms
step:83/1290 train_time:26697ms step_avg:321.65ms
step:84/1290 train_time:27016ms step_avg:321.61ms
step:85/1290 train_time:27336ms step_avg:321.61ms
step:86/1290 train_time:27656ms step_avg:321.58ms
step:87/1290 train_time:27977ms step_avg:321.57ms
step:88/1290 train_time:28295ms step_avg:321.54ms
step:89/1290 train_time:28617ms step_avg:321.54ms
step:90/1290 train_time:28936ms step_avg:321.51ms
step:91/1290 train_time:29257ms step_avg:321.51ms
step:92/1290 train_time:29577ms step_avg:321.49ms
step:93/1290 train_time:29899ms step_avg:321.49ms
step:94/1290 train_time:30217ms step_avg:321.46ms
step:95/1290 train_time:30539ms step_avg:321.46ms
step:96/1290 train_time:30858ms step_avg:321.44ms
step:97/1290 train_time:31180ms step_avg:321.44ms
step:98/1290 train_time:31500ms step_avg:321.43ms
step:99/1290 train_time:31823ms step_avg:321.44ms
step:100/1290 train_time:32142ms step_avg:321.42ms
step:101/1290 train_time:32466ms step_avg:321.44ms
step:102/1290 train_time:32787ms step_avg:321.44ms
step:103/1290 train_time:33110ms step_avg:321.46ms
step:104/1290 train_time:33429ms step_avg:321.44ms
step:105/1290 train_time:33752ms step_avg:321.45ms
step:106/1290 train_time:34071ms step_avg:321.43ms
step:107/1290 train_time:34393ms step_avg:321.43ms
step:108/1290 train_time:34712ms step_avg:321.41ms
step:109/1290 train_time:35034ms step_avg:321.42ms
step:110/1290 train_time:35353ms step_avg:321.39ms
step:111/1290 train_time:35675ms step_avg:321.40ms
step:112/1290 train_time:35995ms step_avg:321.38ms
step:113/1290 train_time:36316ms step_avg:321.38ms
step:114/1290 train_time:36635ms step_avg:321.36ms
step:115/1290 train_time:36957ms step_avg:321.36ms
step:116/1290 train_time:37276ms step_avg:321.34ms
step:117/1290 train_time:37597ms step_avg:321.35ms
step:118/1290 train_time:37917ms step_avg:321.33ms
step:119/1290 train_time:38239ms step_avg:321.33ms
step:120/1290 train_time:38558ms step_avg:321.32ms
step:121/1290 train_time:38880ms step_avg:321.32ms
step:122/1290 train_time:39199ms step_avg:321.30ms
step:123/1290 train_time:39523ms step_avg:321.33ms
step:124/1290 train_time:39845ms step_avg:321.33ms
step:125/1290 train_time:40167ms step_avg:321.34ms
step:126/1290 train_time:40489ms step_avg:321.34ms
step:127/1290 train_time:40811ms step_avg:321.35ms
step:128/1290 train_time:41131ms step_avg:321.33ms
step:129/1290 train_time:41453ms step_avg:321.34ms
step:130/1290 train_time:41772ms step_avg:321.33ms
step:131/1290 train_time:42095ms step_avg:321.33ms
step:132/1290 train_time:42414ms step_avg:321.32ms
step:133/1290 train_time:42737ms step_avg:321.33ms
step:134/1290 train_time:43056ms step_avg:321.31ms
step:135/1290 train_time:43378ms step_avg:321.32ms
step:136/1290 train_time:43697ms step_avg:321.30ms
step:137/1290 train_time:44019ms step_avg:321.31ms
step:138/1290 train_time:44339ms step_avg:321.29ms
step:139/1290 train_time:44661ms step_avg:321.30ms
step:140/1290 train_time:44980ms step_avg:321.28ms
step:141/1290 train_time:45304ms step_avg:321.30ms
step:142/1290 train_time:45623ms step_avg:321.29ms
step:143/1290 train_time:45946ms step_avg:321.30ms
step:144/1290 train_time:46268ms step_avg:321.30ms
step:145/1290 train_time:46590ms step_avg:321.31ms
step:146/1290 train_time:46909ms step_avg:321.29ms
step:147/1290 train_time:47231ms step_avg:321.30ms
step:148/1290 train_time:47551ms step_avg:321.29ms
step:149/1290 train_time:47874ms step_avg:321.30ms
step:150/1290 train_time:48193ms step_avg:321.29ms
step:151/1290 train_time:48516ms step_avg:321.30ms
step:152/1290 train_time:48836ms step_avg:321.29ms
step:153/1290 train_time:49157ms step_avg:321.29ms
step:154/1290 train_time:49476ms step_avg:321.28ms
step:155/1290 train_time:49799ms step_avg:321.28ms
step:156/1290 train_time:50118ms step_avg:321.27ms
step:157/1290 train_time:50441ms step_avg:321.28ms
step:158/1290 train_time:50761ms step_avg:321.27ms
step:159/1290 train_time:51084ms step_avg:321.28ms
step:160/1290 train_time:51405ms step_avg:321.28ms
step:161/1290 train_time:51728ms step_avg:321.29ms
step:162/1290 train_time:52049ms step_avg:321.29ms
step:163/1290 train_time:52371ms step_avg:321.29ms
step:164/1290 train_time:52690ms step_avg:321.28ms
step:165/1290 train_time:53012ms step_avg:321.28ms
step:166/1290 train_time:53332ms step_avg:321.27ms
step:167/1290 train_time:53654ms step_avg:321.28ms
step:168/1290 train_time:53973ms step_avg:321.27ms
step:169/1290 train_time:54295ms step_avg:321.27ms
step:170/1290 train_time:54614ms step_avg:321.26ms
step:171/1290 train_time:54936ms step_avg:321.26ms
step:172/1290 train_time:55254ms step_avg:321.25ms
step:173/1290 train_time:55576ms step_avg:321.25ms
step:174/1290 train_time:55895ms step_avg:321.23ms
step:175/1290 train_time:56217ms step_avg:321.24ms
step:176/1290 train_time:56536ms step_avg:321.23ms
step:177/1290 train_time:56858ms step_avg:321.23ms
step:178/1290 train_time:57177ms step_avg:321.22ms
step:179/1290 train_time:57500ms step_avg:321.23ms
step:180/1290 train_time:57818ms step_avg:321.21ms
step:181/1290 train_time:58140ms step_avg:321.22ms
step:182/1290 train_time:58460ms step_avg:321.21ms
step:183/1290 train_time:58783ms step_avg:321.22ms
step:184/1290 train_time:59103ms step_avg:321.21ms
step:185/1290 train_time:59426ms step_avg:321.22ms
step:186/1290 train_time:59749ms step_avg:321.23ms
step:187/1290 train_time:60071ms step_avg:321.24ms
step:188/1290 train_time:60391ms step_avg:321.23ms
step:189/1290 train_time:60713ms step_avg:321.23ms
step:190/1290 train_time:61033ms step_avg:321.22ms
step:191/1290 train_time:61354ms step_avg:321.23ms
step:192/1290 train_time:61673ms step_avg:321.21ms
step:193/1290 train_time:61995ms step_avg:321.22ms
step:194/1290 train_time:62314ms step_avg:321.21ms
step:195/1290 train_time:62636ms step_avg:321.21ms
step:196/1290 train_time:62955ms step_avg:321.20ms
step:197/1290 train_time:63277ms step_avg:321.20ms
step:198/1290 train_time:63596ms step_avg:321.19ms
step:199/1290 train_time:63919ms step_avg:321.20ms
step:200/1290 train_time:64238ms step_avg:321.19ms
step:201/1290 train_time:64560ms step_avg:321.19ms
step:202/1290 train_time:64879ms step_avg:321.18ms
step:203/1290 train_time:65202ms step_avg:321.19ms
step:204/1290 train_time:65522ms step_avg:321.19ms
step:205/1290 train_time:65846ms step_avg:321.20ms
step:206/1290 train_time:66168ms step_avg:321.20ms
step:207/1290 train_time:66491ms step_avg:321.21ms
step:208/1290 train_time:66810ms step_avg:321.20ms
step:209/1290 train_time:67132ms step_avg:321.21ms
step:210/1290 train_time:67452ms step_avg:321.20ms
step:211/1290 train_time:67773ms step_avg:321.20ms
step:212/1290 train_time:68093ms step_avg:321.19ms
step:213/1290 train_time:68416ms step_avg:321.20ms
step:214/1290 train_time:68735ms step_avg:321.19ms
step:215/1290 train_time:69056ms step_avg:321.19ms
step:216/1290 train_time:69375ms step_avg:321.18ms
step:217/1290 train_time:69698ms step_avg:321.19ms
step:218/1290 train_time:70016ms step_avg:321.18ms
step:219/1290 train_time:70338ms step_avg:321.18ms
step:220/1290 train_time:70657ms step_avg:321.17ms
step:221/1290 train_time:70979ms step_avg:321.17ms
step:222/1290 train_time:71299ms step_avg:321.16ms
step:223/1290 train_time:71620ms step_avg:321.17ms
step:224/1290 train_time:71939ms step_avg:321.16ms
step:225/1290 train_time:72262ms step_avg:321.16ms
step:226/1290 train_time:72582ms step_avg:321.16ms
step:227/1290 train_time:72907ms step_avg:321.17ms
step:228/1290 train_time:73228ms step_avg:321.18ms
step:229/1290 train_time:73551ms step_avg:321.18ms
step:230/1290 train_time:73870ms step_avg:321.18ms
step:231/1290 train_time:74193ms step_avg:321.18ms
step:232/1290 train_time:74513ms step_avg:321.18ms
step:233/1290 train_time:74835ms step_avg:321.18ms
step:234/1290 train_time:75154ms step_avg:321.17ms
step:235/1290 train_time:75476ms step_avg:321.17ms
step:236/1290 train_time:75795ms step_avg:321.17ms
step:237/1290 train_time:76117ms step_avg:321.17ms
step:238/1290 train_time:76437ms step_avg:321.16ms
step:239/1290 train_time:76759ms step_avg:321.17ms
step:240/1290 train_time:77078ms step_avg:321.16ms
step:241/1290 train_time:77401ms step_avg:321.16ms
step:242/1290 train_time:77719ms step_avg:321.15ms
step:243/1290 train_time:78042ms step_avg:321.16ms
step:244/1290 train_time:78362ms step_avg:321.16ms
step:245/1290 train_time:78685ms step_avg:321.16ms
step:246/1290 train_time:79005ms step_avg:321.16ms
step:247/1290 train_time:79328ms step_avg:321.17ms
step:248/1290 train_time:79650ms step_avg:321.17ms
step:249/1290 train_time:79971ms step_avg:321.17ms
step:250/1290 train_time:80291ms step_avg:321.16ms
step:250/1290 val_loss:4.4906 train_time:80345ms step_avg:321.38ms
step:251/1290 train_time:80617ms step_avg:321.18ms
step:252/1290 train_time:80935ms step_avg:321.17ms
step:253/1290 train_time:81256ms step_avg:321.17ms
step:254/1290 train_time:81577ms step_avg:321.17ms
step:255/1290 train_time:81898ms step_avg:321.17ms
step:256/1290 train_time:82217ms step_avg:321.16ms
step:257/1290 train_time:82540ms step_avg:321.17ms
step:258/1290 train_time:82860ms step_avg:321.16ms
step:259/1290 train_time:83181ms step_avg:321.16ms
step:260/1290 train_time:83501ms step_avg:321.16ms
step:261/1290 train_time:83823ms step_avg:321.16ms
step:262/1290 train_time:84142ms step_avg:321.15ms
step:263/1290 train_time:84466ms step_avg:321.16ms
step:264/1290 train_time:84787ms step_avg:321.16ms
step:265/1290 train_time:85108ms step_avg:321.16ms
step:266/1290 train_time:85430ms step_avg:321.17ms
step:267/1290 train_time:85754ms step_avg:321.17ms
step:268/1290 train_time:86073ms step_avg:321.17ms
step:269/1290 train_time:86395ms step_avg:321.17ms
step:270/1290 train_time:86715ms step_avg:321.17ms
step:271/1290 train_time:87037ms step_avg:321.17ms
step:272/1290 train_time:87356ms step_avg:321.16ms
step:273/1290 train_time:87679ms step_avg:321.17ms
step:274/1290 train_time:87997ms step_avg:321.16ms
step:275/1290 train_time:88319ms step_avg:321.16ms
step:276/1290 train_time:88639ms step_avg:321.15ms
step:277/1290 train_time:88960ms step_avg:321.16ms
step:278/1290 train_time:89280ms step_avg:321.15ms
step:279/1290 train_time:89602ms step_avg:321.15ms
step:280/1290 train_time:89921ms step_avg:321.15ms
step:281/1290 train_time:90243ms step_avg:321.15ms
step:282/1290 train_time:90562ms step_avg:321.14ms
step:283/1290 train_time:90885ms step_avg:321.15ms
step:284/1290 train_time:91204ms step_avg:321.14ms
step:285/1290 train_time:91529ms step_avg:321.15ms
step:286/1290 train_time:91850ms step_avg:321.16ms
step:287/1290 train_time:92173ms step_avg:321.16ms
step:288/1290 train_time:92493ms step_avg:321.16ms
step:289/1290 train_time:92815ms step_avg:321.16ms
step:290/1290 train_time:93135ms step_avg:321.16ms
step:291/1290 train_time:93458ms step_avg:321.16ms
step:292/1290 train_time:93777ms step_avg:321.15ms
step:293/1290 train_time:94099ms step_avg:321.16ms
step:294/1290 train_time:94419ms step_avg:321.15ms
step:295/1290 train_time:94740ms step_avg:321.15ms
step:296/1290 train_time:95060ms step_avg:321.15ms
step:297/1290 train_time:95382ms step_avg:321.15ms
step:298/1290 train_time:95701ms step_avg:321.14ms
step:299/1290 train_time:96023ms step_avg:321.15ms
step:300/1290 train_time:96343ms step_avg:321.14ms
step:301/1290 train_time:96666ms step_avg:321.15ms
step:302/1290 train_time:96986ms step_avg:321.14ms
step:303/1290 train_time:97310ms step_avg:321.15ms
step:304/1290 train_time:97632ms step_avg:321.16ms
step:305/1290 train_time:97954ms step_avg:321.16ms
step:306/1290 train_time:98274ms step_avg:321.16ms
step:307/1290 train_time:98596ms step_avg:321.16ms
step:308/1290 train_time:98916ms step_avg:321.16ms
step:309/1290 train_time:99238ms step_avg:321.16ms
step:310/1290 train_time:99557ms step_avg:321.15ms
step:311/1290 train_time:99880ms step_avg:321.16ms
step:312/1290 train_time:100198ms step_avg:321.15ms
step:313/1290 train_time:100520ms step_avg:321.15ms
step:314/1290 train_time:100839ms step_avg:321.14ms
step:315/1290 train_time:101160ms step_avg:321.14ms
step:316/1290 train_time:101479ms step_avg:321.14ms
step:317/1290 train_time:101802ms step_avg:321.14ms
step:318/1290 train_time:102122ms step_avg:321.14ms
step:319/1290 train_time:102443ms step_avg:321.14ms
step:320/1290 train_time:102763ms step_avg:321.13ms
step:321/1290 train_time:103087ms step_avg:321.14ms
step:322/1290 train_time:103406ms step_avg:321.14ms
step:323/1290 train_time:103730ms step_avg:321.15ms
step:324/1290 train_time:104052ms step_avg:321.15ms
step:325/1290 train_time:104373ms step_avg:321.15ms
step:326/1290 train_time:104693ms step_avg:321.14ms
step:327/1290 train_time:105016ms step_avg:321.15ms
step:328/1290 train_time:105336ms step_avg:321.15ms
step:329/1290 train_time:105658ms step_avg:321.15ms
step:330/1290 train_time:105977ms step_avg:321.14ms
step:331/1290 train_time:106299ms step_avg:321.15ms
step:332/1290 train_time:106618ms step_avg:321.14ms
step:333/1290 train_time:106941ms step_avg:321.14ms
step:334/1290 train_time:107261ms step_avg:321.14ms
step:335/1290 train_time:107581ms step_avg:321.14ms
step:336/1290 train_time:107900ms step_avg:321.13ms
step:337/1290 train_time:108224ms step_avg:321.14ms
step:338/1290 train_time:108542ms step_avg:321.13ms
step:339/1290 train_time:108865ms step_avg:321.13ms
step:340/1290 train_time:109184ms step_avg:321.13ms
step:341/1290 train_time:109507ms step_avg:321.14ms
step:342/1290 train_time:109827ms step_avg:321.13ms
step:343/1290 train_time:110151ms step_avg:321.14ms
step:344/1290 train_time:110472ms step_avg:321.14ms
step:345/1290 train_time:110794ms step_avg:321.14ms
step:346/1290 train_time:111114ms step_avg:321.14ms
step:347/1290 train_time:111436ms step_avg:321.14ms
step:348/1290 train_time:111755ms step_avg:321.14ms
step:349/1290 train_time:112078ms step_avg:321.14ms
step:350/1290 train_time:112397ms step_avg:321.13ms
step:351/1290 train_time:112719ms step_avg:321.14ms
step:352/1290 train_time:113038ms step_avg:321.13ms
step:353/1290 train_time:113359ms step_avg:321.13ms
step:354/1290 train_time:113679ms step_avg:321.13ms
step:355/1290 train_time:114001ms step_avg:321.13ms
step:356/1290 train_time:114320ms step_avg:321.12ms
step:357/1290 train_time:114643ms step_avg:321.13ms
step:358/1290 train_time:114962ms step_avg:321.12ms
step:359/1290 train_time:115285ms step_avg:321.13ms
step:360/1290 train_time:115604ms step_avg:321.12ms
step:361/1290 train_time:115929ms step_avg:321.13ms
step:362/1290 train_time:116251ms step_avg:321.14ms
step:363/1290 train_time:116573ms step_avg:321.14ms
step:364/1290 train_time:116894ms step_avg:321.14ms
step:365/1290 train_time:117217ms step_avg:321.14ms
step:366/1290 train_time:117536ms step_avg:321.14ms
step:367/1290 train_time:117859ms step_avg:321.14ms
step:368/1290 train_time:118178ms step_avg:321.13ms
step:369/1290 train_time:118500ms step_avg:321.14ms
step:370/1290 train_time:118819ms step_avg:321.13ms
step:371/1290 train_time:119141ms step_avg:321.13ms
step:372/1290 train_time:119460ms step_avg:321.13ms
step:373/1290 train_time:119783ms step_avg:321.13ms
step:374/1290 train_time:120102ms step_avg:321.13ms
step:375/1290 train_time:120425ms step_avg:321.13ms
step:376/1290 train_time:120744ms step_avg:321.13ms
step:377/1290 train_time:121068ms step_avg:321.13ms
step:378/1290 train_time:121390ms step_avg:321.14ms
step:379/1290 train_time:121712ms step_avg:321.14ms
step:380/1290 train_time:122033ms step_avg:321.14ms
step:381/1290 train_time:122355ms step_avg:321.14ms
step:382/1290 train_time:122675ms step_avg:321.14ms
step:383/1290 train_time:122997ms step_avg:321.14ms
step:384/1290 train_time:123316ms step_avg:321.14ms
step:385/1290 train_time:123639ms step_avg:321.14ms
step:386/1290 train_time:123958ms step_avg:321.13ms
step:387/1290 train_time:124280ms step_avg:321.14ms
step:388/1290 train_time:124599ms step_avg:321.13ms
step:389/1290 train_time:124921ms step_avg:321.13ms
step:390/1290 train_time:125241ms step_avg:321.13ms
step:391/1290 train_time:125562ms step_avg:321.13ms
step:392/1290 train_time:125882ms step_avg:321.13ms
step:393/1290 train_time:126205ms step_avg:321.13ms
step:394/1290 train_time:126525ms step_avg:321.13ms
step:395/1290 train_time:126848ms step_avg:321.14ms
step:396/1290 train_time:127171ms step_avg:321.14ms
step:397/1290 train_time:127493ms step_avg:321.14ms
step:398/1290 train_time:127813ms step_avg:321.14ms
step:399/1290 train_time:128134ms step_avg:321.14ms
step:400/1290 train_time:128454ms step_avg:321.14ms
step:401/1290 train_time:128776ms step_avg:321.14ms
step:402/1290 train_time:129095ms step_avg:321.13ms
step:403/1290 train_time:129417ms step_avg:321.14ms
step:404/1290 train_time:129736ms step_avg:321.13ms
step:405/1290 train_time:130059ms step_avg:321.13ms
step:406/1290 train_time:130379ms step_avg:321.13ms
step:407/1290 train_time:130701ms step_avg:321.13ms
step:408/1290 train_time:131020ms step_avg:321.13ms
step:409/1290 train_time:131343ms step_avg:321.13ms
step:410/1290 train_time:131662ms step_avg:321.13ms
step:411/1290 train_time:131984ms step_avg:321.13ms
step:412/1290 train_time:132303ms step_avg:321.12ms
step:413/1290 train_time:132628ms step_avg:321.13ms
step:414/1290 train_time:132948ms step_avg:321.13ms
step:415/1290 train_time:133271ms step_avg:321.13ms
step:416/1290 train_time:133592ms step_avg:321.14ms
step:417/1290 train_time:133915ms step_avg:321.14ms
step:418/1290 train_time:134471ms step_avg:321.70ms
step:419/1290 train_time:135058ms step_avg:322.34ms
step:420/1290 train_time:135644ms step_avg:322.96ms
step:421/1290 train_time:136231ms step_avg:323.59ms
step:422/1290 train_time:136818ms step_avg:324.21ms
step:423/1290 train_time:137405ms step_avg:324.84ms
step:424/1290 train_time:137990ms step_avg:325.45ms
step:425/1290 train_time:138579ms step_avg:326.07ms
step:426/1290 train_time:139162ms step_avg:326.67ms
step:427/1290 train_time:139751ms step_avg:327.29ms
step:428/1290 train_time:140334ms step_avg:327.88ms
step:429/1290 train_time:140923ms step_avg:328.49ms
step:430/1290 train_time:141509ms step_avg:329.09ms
step:431/1290 train_time:142098ms step_avg:329.69ms
step:432/1290 train_time:142684ms step_avg:330.29ms
step:433/1290 train_time:143273ms step_avg:330.88ms
step:434/1290 train_time:143859ms step_avg:331.47ms
step:435/1290 train_time:144447ms step_avg:332.06ms
step:436/1290 train_time:145031ms step_avg:332.64ms
step:437/1290 train_time:145619ms step_avg:333.22ms
step:438/1290 train_time:146203ms step_avg:333.80ms
step:439/1290 train_time:146791ms step_avg:334.38ms
step:440/1290 train_time:147374ms step_avg:334.94ms
step:441/1290 train_time:147963ms step_avg:335.52ms
step:442/1290 train_time:148548ms step_avg:336.08ms
step:443/1290 train_time:149136ms step_avg:336.65ms
step:444/1290 train_time:149723ms step_avg:337.21ms
step:445/1290 train_time:150310ms step_avg:337.78ms
step:446/1290 train_time:150893ms step_avg:338.33ms
step:447/1290 train_time:151483ms step_avg:338.89ms
step:448/1290 train_time:152067ms step_avg:339.44ms
step:449/1290 train_time:152657ms step_avg:339.99ms
step:450/1290 train_time:153242ms step_avg:340.54ms
step:451/1290 train_time:153830ms step_avg:341.09ms
step:452/1290 train_time:154415ms step_avg:341.63ms
step:453/1290 train_time:155004ms step_avg:342.17ms
step:454/1290 train_time:155589ms step_avg:342.71ms
step:455/1290 train_time:156178ms step_avg:343.25ms
step:456/1290 train_time:156763ms step_avg:343.78ms
step:457/1290 train_time:157350ms step_avg:344.31ms
step:458/1290 train_time:157935ms step_avg:344.84ms
step:459/1290 train_time:158525ms step_avg:345.37ms
step:460/1290 train_time:159111ms step_avg:345.89ms
step:461/1290 train_time:159700ms step_avg:346.42ms
step:462/1290 train_time:160286ms step_avg:346.94ms
step:463/1290 train_time:160873ms step_avg:347.46ms
step:464/1290 train_time:161458ms step_avg:347.97ms
step:465/1290 train_time:162047ms step_avg:348.49ms
step:466/1290 train_time:162630ms step_avg:348.99ms
step:467/1290 train_time:163220ms step_avg:349.51ms
step:468/1290 train_time:163803ms step_avg:350.01ms
step:469/1290 train_time:164390ms step_avg:350.51ms
step:470/1290 train_time:164974ms step_avg:351.01ms
step:471/1290 train_time:165566ms step_avg:351.52ms
step:472/1290 train_time:166150ms step_avg:352.01ms
step:473/1290 train_time:166738ms step_avg:352.51ms
step:474/1290 train_time:167323ms step_avg:353.00ms
step:475/1290 train_time:167911ms step_avg:353.50ms
step:476/1290 train_time:168495ms step_avg:353.98ms
step:477/1290 train_time:169085ms step_avg:354.48ms
step:478/1290 train_time:169670ms step_avg:354.96ms
step:479/1290 train_time:170259ms step_avg:355.45ms
step:480/1290 train_time:170843ms step_avg:355.92ms
step:481/1290 train_time:171430ms step_avg:356.40ms
step:482/1290 train_time:172014ms step_avg:356.88ms
step:483/1290 train_time:172602ms step_avg:357.35ms
step:484/1290 train_time:173187ms step_avg:357.82ms
step:485/1290 train_time:173775ms step_avg:358.30ms
step:486/1290 train_time:174362ms step_avg:358.77ms
step:487/1290 train_time:174950ms step_avg:359.24ms
step:488/1290 train_time:175534ms step_avg:359.70ms
step:489/1290 train_time:176123ms step_avg:360.17ms
step:490/1290 train_time:176710ms step_avg:360.63ms
step:491/1290 train_time:177298ms step_avg:361.10ms
step:492/1290 train_time:177884ms step_avg:361.55ms
step:493/1290 train_time:178471ms step_avg:362.01ms
step:494/1290 train_time:179055ms step_avg:362.46ms
step:495/1290 train_time:179642ms step_avg:362.91ms
step:496/1290 train_time:180227ms step_avg:363.36ms
step:497/1290 train_time:180815ms step_avg:363.81ms
step:498/1290 train_time:181400ms step_avg:364.26ms
step:499/1290 train_time:181987ms step_avg:364.70ms
step:500/1290 train_time:182571ms step_avg:365.14ms
step:500/1290 val_loss:4.1542 train_time:182661ms step_avg:365.32ms
step:501/1290 train_time:183159ms step_avg:365.59ms
step:502/1290 train_time:183744ms step_avg:366.02ms
step:503/1290 train_time:184331ms step_avg:366.46ms
step:504/1290 train_time:184915ms step_avg:366.90ms
step:505/1290 train_time:185504ms step_avg:367.33ms
step:506/1290 train_time:186091ms step_avg:367.77ms
step:507/1290 train_time:186679ms step_avg:368.20ms
step:508/1290 train_time:187263ms step_avg:368.63ms
step:509/1290 train_time:187853ms step_avg:369.06ms
step:510/1290 train_time:188437ms step_avg:369.48ms
step:511/1290 train_time:189026ms step_avg:369.91ms
step:512/1290 train_time:189612ms step_avg:370.34ms
step:513/1290 train_time:190199ms step_avg:370.76ms
step:514/1290 train_time:190784ms step_avg:371.17ms
step:515/1290 train_time:191374ms step_avg:371.60ms
step:516/1290 train_time:191958ms step_avg:372.01ms
step:517/1290 train_time:192546ms step_avg:372.43ms
step:518/1290 train_time:193131ms step_avg:372.84ms
step:519/1290 train_time:193718ms step_avg:373.25ms
step:520/1290 train_time:194302ms step_avg:373.66ms
step:521/1290 train_time:194892ms step_avg:374.07ms
step:522/1290 train_time:195475ms step_avg:374.47ms
step:523/1290 train_time:196063ms step_avg:374.88ms
step:524/1290 train_time:196647ms step_avg:375.28ms
step:525/1290 train_time:197237ms step_avg:375.69ms
step:526/1290 train_time:197820ms step_avg:376.08ms
step:527/1290 train_time:198410ms step_avg:376.49ms
step:528/1290 train_time:198995ms step_avg:376.88ms
step:529/1290 train_time:199583ms step_avg:377.28ms
step:530/1290 train_time:200168ms step_avg:377.67ms
step:531/1290 train_time:200755ms step_avg:378.07ms
step:532/1290 train_time:201339ms step_avg:378.46ms
step:533/1290 train_time:201927ms step_avg:378.85ms
step:534/1290 train_time:202512ms step_avg:379.24ms
step:535/1290 train_time:203099ms step_avg:379.62ms
step:536/1290 train_time:203685ms step_avg:380.01ms
step:537/1290 train_time:204273ms step_avg:380.40ms
step:538/1290 train_time:204856ms step_avg:380.77ms
step:539/1290 train_time:205444ms step_avg:381.16ms
step:540/1290 train_time:206028ms step_avg:381.53ms
step:541/1290 train_time:206617ms step_avg:381.92ms
step:542/1290 train_time:207200ms step_avg:382.29ms
step:543/1290 train_time:207787ms step_avg:382.66ms
step:544/1290 train_time:208372ms step_avg:383.04ms
step:545/1290 train_time:208959ms step_avg:383.41ms
step:546/1290 train_time:209544ms step_avg:383.78ms
step:547/1290 train_time:210132ms step_avg:384.15ms
step:548/1290 train_time:210715ms step_avg:384.52ms
step:549/1290 train_time:211303ms step_avg:384.89ms
step:550/1290 train_time:211887ms step_avg:385.25ms
step:551/1290 train_time:212475ms step_avg:385.62ms
step:552/1290 train_time:213058ms step_avg:385.97ms
step:553/1290 train_time:213647ms step_avg:386.34ms
step:554/1290 train_time:214232ms step_avg:386.70ms
step:555/1290 train_time:214818ms step_avg:387.06ms
step:556/1290 train_time:215402ms step_avg:387.41ms
step:557/1290 train_time:215991ms step_avg:387.78ms
step:558/1290 train_time:216577ms step_avg:388.13ms
step:559/1290 train_time:217164ms step_avg:388.49ms
step:560/1290 train_time:217748ms step_avg:388.84ms
step:561/1290 train_time:218336ms step_avg:389.19ms
step:562/1290 train_time:218919ms step_avg:389.54ms
step:563/1290 train_time:219509ms step_avg:389.89ms
step:564/1290 train_time:220094ms step_avg:390.24ms
step:565/1290 train_time:220683ms step_avg:390.59ms
step:566/1290 train_time:221267ms step_avg:390.93ms
step:567/1290 train_time:221855ms step_avg:391.28ms
step:568/1290 train_time:222439ms step_avg:391.62ms
step:569/1290 train_time:223027ms step_avg:391.96ms
step:570/1290 train_time:223611ms step_avg:392.30ms
step:571/1290 train_time:224199ms step_avg:392.64ms
step:572/1290 train_time:224784ms step_avg:392.98ms
step:573/1290 train_time:225372ms step_avg:393.32ms
step:574/1290 train_time:225955ms step_avg:393.65ms
step:575/1290 train_time:226543ms step_avg:393.99ms
step:576/1290 train_time:227126ms step_avg:394.32ms
step:577/1290 train_time:227714ms step_avg:394.65ms
step:578/1290 train_time:228298ms step_avg:394.98ms
step:579/1290 train_time:228886ms step_avg:395.31ms
step:580/1290 train_time:229473ms step_avg:395.64ms
step:581/1290 train_time:230059ms step_avg:395.97ms
step:582/1290 train_time:230645ms step_avg:396.30ms
step:583/1290 train_time:231234ms step_avg:396.63ms
step:584/1290 train_time:231817ms step_avg:396.95ms
step:585/1290 train_time:232404ms step_avg:397.27ms
step:586/1290 train_time:232987ms step_avg:397.59ms
step:587/1290 train_time:233576ms step_avg:397.91ms
step:588/1290 train_time:234159ms step_avg:398.23ms
step:589/1290 train_time:234748ms step_avg:398.55ms
step:590/1290 train_time:235332ms step_avg:398.87ms
step:591/1290 train_time:235919ms step_avg:399.19ms
step:592/1290 train_time:236504ms step_avg:399.50ms
step:593/1290 train_time:237092ms step_avg:399.82ms
step:594/1290 train_time:237676ms step_avg:400.13ms
step:595/1290 train_time:238264ms step_avg:400.44ms
step:596/1290 train_time:238848ms step_avg:400.75ms
step:597/1290 train_time:239436ms step_avg:401.07ms
step:598/1290 train_time:240019ms step_avg:401.37ms
step:599/1290 train_time:240608ms step_avg:401.68ms
step:600/1290 train_time:241193ms step_avg:401.99ms
step:601/1290 train_time:241780ms step_avg:402.30ms
step:602/1290 train_time:242364ms step_avg:402.60ms
step:603/1290 train_time:242953ms step_avg:402.91ms
step:604/1290 train_time:243539ms step_avg:403.21ms
step:605/1290 train_time:244125ms step_avg:403.51ms
step:606/1290 train_time:244709ms step_avg:403.81ms
step:607/1290 train_time:245296ms step_avg:404.11ms
step:608/1290 train_time:245880ms step_avg:404.41ms
step:609/1290 train_time:246467ms step_avg:404.71ms
step:610/1290 train_time:247052ms step_avg:405.00ms
step:611/1290 train_time:247639ms step_avg:405.30ms
step:612/1290 train_time:248222ms step_avg:405.59ms
step:613/1290 train_time:248811ms step_avg:405.89ms
step:614/1290 train_time:249394ms step_avg:406.18ms
step:615/1290 train_time:249983ms step_avg:406.48ms
step:616/1290 train_time:250567ms step_avg:406.77ms
step:617/1290 train_time:251155ms step_avg:407.06ms
step:618/1290 train_time:251739ms step_avg:407.34ms
step:619/1290 train_time:252326ms step_avg:407.64ms
step:620/1290 train_time:252912ms step_avg:407.92ms
step:621/1290 train_time:253498ms step_avg:408.21ms
step:622/1290 train_time:254083ms step_avg:408.49ms
step:623/1290 train_time:254671ms step_avg:408.78ms
step:624/1290 train_time:255255ms step_avg:409.06ms
step:625/1290 train_time:255843ms step_avg:409.35ms
step:626/1290 train_time:256427ms step_avg:409.63ms
step:627/1290 train_time:257016ms step_avg:409.91ms
step:628/1290 train_time:257599ms step_avg:410.19ms
step:629/1290 train_time:258186ms step_avg:410.47ms
step:630/1290 train_time:258772ms step_avg:410.75ms
step:631/1290 train_time:259357ms step_avg:411.03ms
step:632/1290 train_time:259943ms step_avg:411.30ms
step:633/1290 train_time:260532ms step_avg:411.58ms
step:634/1290 train_time:261115ms step_avg:411.85ms
step:635/1290 train_time:261701ms step_avg:412.13ms
step:636/1290 train_time:262285ms step_avg:412.40ms
step:637/1290 train_time:262873ms step_avg:412.67ms
step:638/1290 train_time:263456ms step_avg:412.94ms
step:639/1290 train_time:264044ms step_avg:413.21ms
step:640/1290 train_time:264628ms step_avg:413.48ms
step:641/1290 train_time:265216ms step_avg:413.75ms
step:642/1290 train_time:265800ms step_avg:414.02ms
step:643/1290 train_time:266387ms step_avg:414.29ms
step:644/1290 train_time:266972ms step_avg:414.55ms
step:645/1290 train_time:267559ms step_avg:414.82ms
step:646/1290 train_time:268144ms step_avg:415.08ms
step:647/1290 train_time:268730ms step_avg:415.35ms
step:648/1290 train_time:269313ms step_avg:415.61ms
step:649/1290 train_time:269900ms step_avg:415.87ms
step:650/1290 train_time:270483ms step_avg:416.13ms
step:651/1290 train_time:271072ms step_avg:416.39ms
step:652/1290 train_time:271655ms step_avg:416.65ms
step:653/1290 train_time:272244ms step_avg:416.91ms
step:654/1290 train_time:272827ms step_avg:417.17ms
step:655/1290 train_time:273415ms step_avg:417.43ms
step:656/1290 train_time:273996ms step_avg:417.68ms
step:657/1290 train_time:274583ms step_avg:417.93ms
step:658/1290 train_time:275168ms step_avg:418.19ms
step:659/1290 train_time:275754ms step_avg:418.44ms
step:660/1290 train_time:276339ms step_avg:418.69ms
step:661/1290 train_time:276924ms step_avg:418.95ms
step:662/1290 train_time:277508ms step_avg:419.20ms
step:663/1290 train_time:278095ms step_avg:419.45ms
step:664/1290 train_time:278679ms step_avg:419.70ms
step:665/1290 train_time:279267ms step_avg:419.95ms
step:666/1290 train_time:279852ms step_avg:420.20ms
step:667/1290 train_time:280438ms step_avg:420.45ms
step:668/1290 train_time:281022ms step_avg:420.69ms
step:669/1290 train_time:281609ms step_avg:420.94ms
step:670/1290 train_time:282193ms step_avg:421.18ms
step:671/1290 train_time:282780ms step_avg:421.43ms
step:672/1290 train_time:283364ms step_avg:421.67ms
step:673/1290 train_time:283952ms step_avg:421.92ms
step:674/1290 train_time:284538ms step_avg:422.16ms
step:675/1290 train_time:285124ms step_avg:422.41ms
step:676/1290 train_time:285707ms step_avg:422.64ms
step:677/1290 train_time:286296ms step_avg:422.89ms
step:678/1290 train_time:286878ms step_avg:423.12ms
step:679/1290 train_time:287465ms step_avg:423.36ms
step:680/1290 train_time:288048ms step_avg:423.60ms
step:681/1290 train_time:288636ms step_avg:423.84ms
step:682/1290 train_time:289217ms step_avg:424.07ms
step:683/1290 train_time:289804ms step_avg:424.31ms
step:684/1290 train_time:290388ms step_avg:424.54ms
step:685/1290 train_time:290976ms step_avg:424.78ms
step:686/1290 train_time:291559ms step_avg:425.01ms
step:687/1290 train_time:292149ms step_avg:425.25ms
step:688/1290 train_time:292732ms step_avg:425.48ms
step:689/1290 train_time:293319ms step_avg:425.72ms
step:690/1290 train_time:293902ms step_avg:425.94ms
step:691/1290 train_time:294489ms step_avg:426.18ms
step:692/1290 train_time:295073ms step_avg:426.41ms
step:693/1290 train_time:295660ms step_avg:426.64ms
step:694/1290 train_time:296244ms step_avg:426.86ms
step:695/1290 train_time:296830ms step_avg:427.09ms
step:696/1290 train_time:297414ms step_avg:427.32ms
step:697/1290 train_time:298000ms step_avg:427.55ms
step:698/1290 train_time:298584ms step_avg:427.77ms
step:699/1290 train_time:299172ms step_avg:428.00ms
step:700/1290 train_time:299755ms step_avg:428.22ms
step:701/1290 train_time:300342ms step_avg:428.45ms
step:702/1290 train_time:300924ms step_avg:428.67ms
step:703/1290 train_time:301513ms step_avg:428.89ms
step:704/1290 train_time:302096ms step_avg:429.11ms
step:705/1290 train_time:302683ms step_avg:429.34ms
step:706/1290 train_time:303267ms step_avg:429.56ms
step:707/1290 train_time:303855ms step_avg:429.78ms
step:708/1290 train_time:304437ms step_avg:430.00ms
step:709/1290 train_time:305024ms step_avg:430.22ms
step:710/1290 train_time:305607ms step_avg:430.43ms
step:711/1290 train_time:306194ms step_avg:430.65ms
step:712/1290 train_time:306777ms step_avg:430.87ms
step:713/1290 train_time:307364ms step_avg:431.09ms
step:714/1290 train_time:307947ms step_avg:431.30ms
step:715/1290 train_time:308534ms step_avg:431.52ms
step:716/1290 train_time:309116ms step_avg:431.73ms
step:717/1290 train_time:309702ms step_avg:431.94ms
step:718/1290 train_time:310287ms step_avg:432.16ms
step:719/1290 train_time:310876ms step_avg:432.37ms
step:720/1290 train_time:311458ms step_avg:432.58ms
step:721/1290 train_time:312045ms step_avg:432.79ms
step:722/1290 train_time:312629ms step_avg:433.00ms
step:723/1290 train_time:313216ms step_avg:433.22ms
step:724/1290 train_time:313798ms step_avg:433.42ms
step:725/1290 train_time:314385ms step_avg:433.64ms
step:726/1290 train_time:314969ms step_avg:433.84ms
step:727/1290 train_time:315557ms step_avg:434.05ms
step:728/1290 train_time:316140ms step_avg:434.26ms
step:729/1290 train_time:316728ms step_avg:434.47ms
step:730/1290 train_time:317312ms step_avg:434.67ms
step:731/1290 train_time:317900ms step_avg:434.88ms
step:732/1290 train_time:318483ms step_avg:435.09ms
step:733/1290 train_time:319070ms step_avg:435.29ms
step:734/1290 train_time:319654ms step_avg:435.50ms
step:735/1290 train_time:320240ms step_avg:435.70ms
step:736/1290 train_time:320825ms step_avg:435.90ms
step:737/1290 train_time:321412ms step_avg:436.11ms
step:738/1290 train_time:321994ms step_avg:436.31ms
step:739/1290 train_time:322580ms step_avg:436.51ms
step:740/1290 train_time:323164ms step_avg:436.71ms
step:741/1290 train_time:323752ms step_avg:436.91ms
step:742/1290 train_time:324336ms step_avg:437.11ms
step:743/1290 train_time:324921ms step_avg:437.31ms
step:744/1290 train_time:325505ms step_avg:437.51ms
step:745/1290 train_time:326092ms step_avg:437.71ms
step:746/1290 train_time:326674ms step_avg:437.90ms
step:747/1290 train_time:327261ms step_avg:438.10ms
step:748/1290 train_time:327845ms step_avg:438.30ms
step:749/1290 train_time:328431ms step_avg:438.49ms
step:750/1290 train_time:329014ms step_avg:438.69ms
step:750/1290 val_loss:3.6716 train_time:329103ms step_avg:438.80ms
step:751/1290 train_time:329602ms step_avg:438.88ms
step:752/1290 train_time:330185ms step_avg:439.08ms
step:753/1290 train_time:330772ms step_avg:439.27ms
step:754/1290 train_time:331354ms step_avg:439.46ms
step:755/1290 train_time:331941ms step_avg:439.66ms
step:756/1290 train_time:332525ms step_avg:439.85ms
step:757/1290 train_time:333112ms step_avg:440.04ms
step:758/1290 train_time:333696ms step_avg:440.23ms
step:759/1290 train_time:334283ms step_avg:440.43ms
step:760/1290 train_time:334869ms step_avg:440.62ms
step:761/1290 train_time:335454ms step_avg:440.81ms
step:762/1290 train_time:336038ms step_avg:440.99ms
step:763/1290 train_time:336625ms step_avg:441.19ms
step:764/1290 train_time:337210ms step_avg:441.37ms
step:765/1290 train_time:337797ms step_avg:441.56ms
step:766/1290 train_time:338377ms step_avg:441.75ms
step:767/1290 train_time:338965ms step_avg:441.94ms
step:768/1290 train_time:339549ms step_avg:442.12ms
step:769/1290 train_time:340135ms step_avg:442.31ms
step:770/1290 train_time:340716ms step_avg:442.49ms
step:771/1290 train_time:341304ms step_avg:442.68ms
step:772/1290 train_time:341889ms step_avg:442.86ms
step:773/1290 train_time:342477ms step_avg:443.05ms
step:774/1290 train_time:343060ms step_avg:443.23ms
step:775/1290 train_time:343646ms step_avg:443.41ms
step:776/1290 train_time:344230ms step_avg:443.59ms
step:777/1290 train_time:344814ms step_avg:443.78ms
step:778/1290 train_time:345396ms step_avg:443.95ms
step:779/1290 train_time:345983ms step_avg:444.14ms
step:780/1290 train_time:346566ms step_avg:444.32ms
step:781/1290 train_time:347153ms step_avg:444.50ms
step:782/1290 train_time:347736ms step_avg:444.68ms
step:783/1290 train_time:348322ms step_avg:444.86ms
step:784/1290 train_time:348905ms step_avg:445.03ms
step:785/1290 train_time:349493ms step_avg:445.21ms
step:786/1290 train_time:350075ms step_avg:445.39ms
step:787/1290 train_time:350662ms step_avg:445.57ms
step:788/1290 train_time:351244ms step_avg:445.74ms
step:789/1290 train_time:351833ms step_avg:445.92ms
step:790/1290 train_time:352415ms step_avg:446.09ms
step:791/1290 train_time:353001ms step_avg:446.27ms
step:792/1290 train_time:353584ms step_avg:446.44ms
step:793/1290 train_time:354172ms step_avg:446.62ms
step:794/1290 train_time:354753ms step_avg:446.79ms
step:795/1290 train_time:355341ms step_avg:446.97ms
step:796/1290 train_time:355922ms step_avg:447.14ms
step:797/1290 train_time:356509ms step_avg:447.31ms
step:798/1290 train_time:357093ms step_avg:447.48ms
step:799/1290 train_time:357678ms step_avg:447.66ms
step:800/1290 train_time:358262ms step_avg:447.83ms
step:801/1290 train_time:358849ms step_avg:448.00ms
step:802/1290 train_time:359432ms step_avg:448.17ms
step:803/1290 train_time:360017ms step_avg:448.34ms
step:804/1290 train_time:360600ms step_avg:448.51ms
step:805/1290 train_time:361187ms step_avg:448.68ms
step:806/1290 train_time:361770ms step_avg:448.85ms
step:807/1290 train_time:362356ms step_avg:449.02ms
step:808/1290 train_time:362937ms step_avg:449.18ms
step:809/1290 train_time:363523ms step_avg:449.35ms
step:810/1290 train_time:364105ms step_avg:449.51ms
step:811/1290 train_time:364691ms step_avg:449.68ms
step:812/1290 train_time:365274ms step_avg:449.84ms
step:813/1290 train_time:365858ms step_avg:450.01ms
step:814/1290 train_time:366441ms step_avg:450.17ms
step:815/1290 train_time:367025ms step_avg:450.34ms
step:816/1290 train_time:367609ms step_avg:450.50ms
step:817/1290 train_time:368194ms step_avg:450.67ms
step:818/1290 train_time:368776ms step_avg:450.83ms
step:819/1290 train_time:369362ms step_avg:450.99ms
step:820/1290 train_time:369945ms step_avg:451.15ms
step:821/1290 train_time:370531ms step_avg:451.32ms
step:822/1290 train_time:371113ms step_avg:451.48ms
step:823/1290 train_time:371698ms step_avg:451.64ms
step:824/1290 train_time:372279ms step_avg:451.80ms
step:825/1290 train_time:372865ms step_avg:451.96ms
step:826/1290 train_time:373447ms step_avg:452.12ms
step:827/1290 train_time:374032ms step_avg:452.28ms
step:828/1290 train_time:374613ms step_avg:452.43ms
step:829/1290 train_time:375201ms step_avg:452.59ms
step:830/1290 train_time:375782ms step_avg:452.75ms
step:831/1290 train_time:376369ms step_avg:452.91ms
step:832/1290 train_time:376951ms step_avg:453.07ms
step:833/1290 train_time:377537ms step_avg:453.23ms
step:834/1290 train_time:378363ms step_avg:453.67ms
step:835/1290 train_time:379223ms step_avg:454.16ms
step:836/1290 train_time:380078ms step_avg:454.64ms
step:837/1290 train_time:380936ms step_avg:455.12ms
step:838/1290 train_time:381791ms step_avg:455.60ms
step:839/1290 train_time:382651ms step_avg:456.08ms
step:840/1290 train_time:383509ms step_avg:456.56ms
step:841/1290 train_time:384363ms step_avg:457.03ms
step:842/1290 train_time:385218ms step_avg:457.50ms
step:843/1290 train_time:386078ms step_avg:457.98ms
step:844/1290 train_time:386932ms step_avg:458.45ms
step:845/1290 train_time:387790ms step_avg:458.92ms
step:846/1290 train_time:388644ms step_avg:459.39ms
step:847/1290 train_time:389505ms step_avg:459.86ms
step:848/1290 train_time:390359ms step_avg:460.33ms
step:849/1290 train_time:391219ms step_avg:460.80ms
step:850/1290 train_time:392074ms step_avg:461.26ms
step:851/1290 train_time:392931ms step_avg:461.73ms
step:852/1290 train_time:393787ms step_avg:462.19ms
step:853/1290 train_time:394649ms step_avg:462.66ms
step:854/1290 train_time:395504ms step_avg:463.12ms
step:855/1290 train_time:396366ms step_avg:463.59ms
step:856/1290 train_time:397219ms step_avg:464.04ms
step:857/1290 train_time:398077ms step_avg:464.50ms
step:858/1290 train_time:398932ms step_avg:464.96ms
step:859/1290 train_time:399791ms step_avg:465.41ms
step:860/1290 train_time:400646ms step_avg:465.87ms
step:861/1290 train_time:401505ms step_avg:466.32ms
step:862/1290 train_time:402360ms step_avg:466.77ms
step:863/1290 train_time:403218ms step_avg:467.23ms
step:864/1290 train_time:404073ms step_avg:467.68ms
step:865/1290 train_time:404930ms step_avg:468.13ms
step:866/1290 train_time:405787ms step_avg:468.58ms
step:867/1290 train_time:406645ms step_avg:469.03ms
step:868/1290 train_time:407501ms step_avg:469.47ms
step:869/1290 train_time:408358ms step_avg:469.92ms
step:870/1290 train_time:409213ms step_avg:470.36ms
step:871/1290 train_time:410073ms step_avg:470.81ms
step:872/1290 train_time:410930ms step_avg:471.25ms
step:873/1290 train_time:411789ms step_avg:471.69ms
step:874/1290 train_time:412641ms step_avg:472.13ms
step:875/1290 train_time:413499ms step_avg:472.57ms
step:876/1290 train_time:414354ms step_avg:473.01ms
step:877/1290 train_time:415212ms step_avg:473.45ms
step:878/1290 train_time:416066ms step_avg:473.88ms
step:879/1290 train_time:416924ms step_avg:474.32ms
step:880/1290 train_time:417778ms step_avg:474.75ms
step:881/1290 train_time:418636ms step_avg:475.18ms
step:882/1290 train_time:419492ms step_avg:475.61ms
step:883/1290 train_time:420352ms step_avg:476.05ms
step:884/1290 train_time:421210ms step_avg:476.48ms
step:885/1290 train_time:422068ms step_avg:476.91ms
step:886/1290 train_time:422924ms step_avg:477.34ms
step:887/1290 train_time:423783ms step_avg:477.77ms
step:888/1290 train_time:424639ms step_avg:478.20ms
step:889/1290 train_time:425498ms step_avg:478.63ms
step:890/1290 train_time:426354ms step_avg:479.05ms
step:891/1290 train_time:427212ms step_avg:479.47ms
step:892/1290 train_time:428065ms step_avg:479.89ms
step:893/1290 train_time:428924ms step_avg:480.32ms
step:894/1290 train_time:429779ms step_avg:480.74ms
step:895/1290 train_time:430636ms step_avg:481.16ms
step:896/1290 train_time:431492ms step_avg:481.58ms
step:897/1290 train_time:432351ms step_avg:482.00ms
step:898/1290 train_time:433206ms step_avg:482.41ms
step:899/1290 train_time:434065ms step_avg:482.83ms
step:900/1290 train_time:434919ms step_avg:483.24ms
step:901/1290 train_time:435779ms step_avg:483.66ms
step:902/1290 train_time:436632ms step_avg:484.07ms
step:903/1290 train_time:437491ms step_avg:484.49ms
step:904/1290 train_time:438344ms step_avg:484.89ms
step:905/1290 train_time:439203ms step_avg:485.31ms
step:906/1290 train_time:440059ms step_avg:485.72ms
step:907/1290 train_time:440917ms step_avg:486.13ms
step:908/1290 train_time:441771ms step_avg:486.53ms
step:909/1290 train_time:442630ms step_avg:486.94ms
step:910/1290 train_time:443484ms step_avg:487.35ms
step:911/1290 train_time:444341ms step_avg:487.75ms
step:912/1290 train_time:445198ms step_avg:488.16ms
step:913/1290 train_time:446055ms step_avg:488.56ms
step:914/1290 train_time:446911ms step_avg:488.96ms
step:915/1290 train_time:447771ms step_avg:489.37ms
step:916/1290 train_time:448627ms step_avg:489.77ms
step:917/1290 train_time:449486ms step_avg:490.17ms
step:918/1290 train_time:450339ms step_avg:490.57ms
step:919/1290 train_time:451199ms step_avg:490.97ms
step:920/1290 train_time:452053ms step_avg:491.36ms
step:921/1290 train_time:452913ms step_avg:491.76ms
step:922/1290 train_time:453768ms step_avg:492.16ms
step:923/1290 train_time:454626ms step_avg:492.55ms
step:924/1290 train_time:455480ms step_avg:492.94ms
step:925/1290 train_time:456338ms step_avg:493.34ms
step:926/1290 train_time:457193ms step_avg:493.73ms
step:927/1290 train_time:458052ms step_avg:494.12ms
step:928/1290 train_time:458906ms step_avg:494.51ms
step:929/1290 train_time:459764ms step_avg:494.90ms
step:930/1290 train_time:460620ms step_avg:495.29ms
step:931/1290 train_time:461479ms step_avg:495.68ms
step:932/1290 train_time:462331ms step_avg:496.06ms
step:933/1290 train_time:463191ms step_avg:496.45ms
step:934/1290 train_time:464046ms step_avg:496.84ms
step:935/1290 train_time:464905ms step_avg:497.22ms
step:936/1290 train_time:465759ms step_avg:497.61ms
step:937/1290 train_time:466620ms step_avg:497.99ms
step:938/1290 train_time:467474ms step_avg:498.37ms
step:939/1290 train_time:468332ms step_avg:498.76ms
step:940/1290 train_time:469188ms step_avg:499.14ms
step:941/1290 train_time:470046ms step_avg:499.52ms
step:942/1290 train_time:470901ms step_avg:499.90ms
step:943/1290 train_time:471760ms step_avg:500.28ms
step:944/1290 train_time:472616ms step_avg:500.65ms
step:945/1290 train_time:473475ms step_avg:501.03ms
step:946/1290 train_time:474331ms step_avg:501.41ms
step:947/1290 train_time:475192ms step_avg:501.79ms
step:948/1290 train_time:476047ms step_avg:502.16ms
step:949/1290 train_time:476907ms step_avg:502.54ms
step:950/1290 train_time:477760ms step_avg:502.91ms
step:951/1290 train_time:478620ms step_avg:503.28ms
step:952/1290 train_time:479474ms step_avg:503.65ms
step:953/1290 train_time:480333ms step_avg:504.02ms
step:954/1290 train_time:481186ms step_avg:504.39ms
step:955/1290 train_time:482045ms step_avg:504.76ms
step:956/1290 train_time:482900ms step_avg:505.13ms
step:957/1290 train_time:483759ms step_avg:505.50ms
step:958/1290 train_time:484615ms step_avg:505.86ms
step:959/1290 train_time:485474ms step_avg:506.23ms
step:960/1290 train_time:486328ms step_avg:506.59ms
step:961/1290 train_time:487187ms step_avg:506.96ms
step:962/1290 train_time:488043ms step_avg:507.32ms
step:963/1290 train_time:488903ms step_avg:507.69ms
step:964/1290 train_time:489760ms step_avg:508.05ms
step:965/1290 train_time:490620ms step_avg:508.41ms
step:966/1290 train_time:491476ms step_avg:508.77ms
step:967/1290 train_time:492333ms step_avg:509.13ms
step:968/1290 train_time:493191ms step_avg:509.50ms
step:969/1290 train_time:494050ms step_avg:509.86ms
step:970/1290 train_time:494903ms step_avg:510.21ms
step:971/1290 train_time:495762ms step_avg:510.57ms
step:972/1290 train_time:496616ms step_avg:510.92ms
step:973/1290 train_time:497475ms step_avg:511.28ms
step:974/1290 train_time:498330ms step_avg:511.63ms
step:975/1290 train_time:499188ms step_avg:511.99ms
step:976/1290 train_time:500040ms step_avg:512.34ms
step:977/1290 train_time:500900ms step_avg:512.69ms
step:978/1290 train_time:501755ms step_avg:513.04ms
step:979/1290 train_time:502612ms step_avg:513.39ms
step:980/1290 train_time:503468ms step_avg:513.74ms
step:981/1290 train_time:504326ms step_avg:514.09ms
step:982/1290 train_time:505180ms step_avg:514.44ms
step:983/1290 train_time:506037ms step_avg:514.79ms
step:984/1290 train_time:506893ms step_avg:515.14ms
step:985/1290 train_time:507751ms step_avg:515.48ms
step:986/1290 train_time:508606ms step_avg:515.83ms
step:987/1290 train_time:509463ms step_avg:516.17ms
step:988/1290 train_time:510317ms step_avg:516.51ms
step:989/1290 train_time:511176ms step_avg:516.86ms
step:990/1290 train_time:512032ms step_avg:517.20ms
step:991/1290 train_time:512891ms step_avg:517.55ms
step:992/1290 train_time:513743ms step_avg:517.89ms
step:993/1290 train_time:514603ms step_avg:518.23ms
step:994/1290 train_time:515457ms step_avg:518.57ms
step:995/1290 train_time:516316ms step_avg:518.91ms
step:996/1290 train_time:517169ms step_avg:519.25ms
step:997/1290 train_time:518027ms step_avg:519.59ms
step:998/1290 train_time:518881ms step_avg:519.92ms
step:999/1290 train_time:519739ms step_avg:520.26ms
step:1000/1290 train_time:520596ms step_avg:520.60ms
step:1000/1290 val_loss:3.4142 train_time:520720ms step_avg:520.72ms
step:1001/1290 train_time:521454ms step_avg:520.93ms
step:1002/1290 train_time:522309ms step_avg:521.27ms
step:1003/1290 train_time:523167ms step_avg:521.60ms
step:1004/1290 train_time:524023ms step_avg:521.93ms
step:1005/1290 train_time:524879ms step_avg:522.27ms
step:1006/1290 train_time:525735ms step_avg:522.60ms
step:1007/1290 train_time:526593ms step_avg:522.93ms
step:1008/1290 train_time:527448ms step_avg:523.26ms
step:1009/1290 train_time:528307ms step_avg:523.60ms
step:1010/1290 train_time:529162ms step_avg:523.92ms
step:1011/1290 train_time:530020ms step_avg:524.25ms
step:1012/1290 train_time:530875ms step_avg:524.58ms
step:1013/1290 train_time:531734ms step_avg:524.91ms
step:1014/1290 train_time:532588ms step_avg:525.23ms
step:1015/1290 train_time:533447ms step_avg:525.56ms
step:1016/1290 train_time:534303ms step_avg:525.89ms
step:1017/1290 train_time:535159ms step_avg:526.21ms
step:1018/1290 train_time:536017ms step_avg:526.54ms
step:1019/1290 train_time:536876ms step_avg:526.87ms
step:1020/1290 train_time:537730ms step_avg:527.19ms
step:1021/1290 train_time:538589ms step_avg:527.51ms
step:1022/1290 train_time:539445ms step_avg:527.83ms
step:1023/1290 train_time:540306ms step_avg:528.16ms
step:1024/1290 train_time:541163ms step_avg:528.48ms
step:1025/1290 train_time:542022ms step_avg:528.80ms
step:1026/1290 train_time:542875ms step_avg:529.12ms
step:1027/1290 train_time:543734ms step_avg:529.44ms
step:1028/1290 train_time:544588ms step_avg:529.76ms
step:1029/1290 train_time:545448ms step_avg:530.08ms
step:1030/1290 train_time:546302ms step_avg:530.39ms
step:1031/1290 train_time:547160ms step_avg:530.71ms
step:1032/1290 train_time:548016ms step_avg:531.02ms
step:1033/1290 train_time:548875ms step_avg:531.34ms
step:1034/1290 train_time:549730ms step_avg:531.65ms
step:1035/1290 train_time:550587ms step_avg:531.97ms
step:1036/1290 train_time:551441ms step_avg:532.28ms
step:1037/1290 train_time:552300ms step_avg:532.59ms
step:1038/1290 train_time:553156ms step_avg:532.91ms
step:1039/1290 train_time:554015ms step_avg:533.22ms
step:1040/1290 train_time:554871ms step_avg:533.53ms
step:1041/1290 train_time:555727ms step_avg:533.84ms
step:1042/1290 train_time:556582ms step_avg:534.15ms
step:1043/1290 train_time:557440ms step_avg:534.46ms
step:1044/1290 train_time:558297ms step_avg:534.77ms
step:1045/1290 train_time:559155ms step_avg:535.08ms
step:1046/1290 train_time:560009ms step_avg:535.38ms
step:1047/1290 train_time:560869ms step_avg:535.69ms
step:1048/1290 train_time:561723ms step_avg:536.00ms
step:1049/1290 train_time:562582ms step_avg:536.30ms
step:1050/1290 train_time:563436ms step_avg:536.61ms
step:1051/1290 train_time:564296ms step_avg:536.91ms
step:1052/1290 train_time:565151ms step_avg:537.22ms
step:1053/1290 train_time:566009ms step_avg:537.52ms
step:1054/1290 train_time:566862ms step_avg:537.82ms
step:1055/1290 train_time:567720ms step_avg:538.12ms
step:1056/1290 train_time:568576ms step_avg:538.42ms
step:1057/1290 train_time:569437ms step_avg:538.73ms
step:1058/1290 train_time:570293ms step_avg:539.03ms
step:1059/1290 train_time:571150ms step_avg:539.33ms
step:1060/1290 train_time:572004ms step_avg:539.63ms
step:1061/1290 train_time:572863ms step_avg:539.93ms
step:1062/1290 train_time:573719ms step_avg:540.22ms
step:1063/1290 train_time:574577ms step_avg:540.52ms
step:1064/1290 train_time:575431ms step_avg:540.82ms
step:1065/1290 train_time:576289ms step_avg:541.12ms
step:1066/1290 train_time:577142ms step_avg:541.41ms
step:1067/1290 train_time:578002ms step_avg:541.71ms
step:1068/1290 train_time:578856ms step_avg:542.00ms
step:1069/1290 train_time:579716ms step_avg:542.30ms
step:1070/1290 train_time:580570ms step_avg:542.59ms
step:1071/1290 train_time:581430ms step_avg:542.89ms
step:1072/1290 train_time:582283ms step_avg:543.17ms
step:1073/1290 train_time:583144ms step_avg:543.47ms
step:1074/1290 train_time:584000ms step_avg:543.76ms
step:1075/1290 train_time:584860ms step_avg:544.06ms
step:1076/1290 train_time:585718ms step_avg:544.35ms
step:1077/1290 train_time:586577ms step_avg:544.64ms
step:1078/1290 train_time:587433ms step_avg:544.93ms
step:1079/1290 train_time:588289ms step_avg:545.22ms
step:1080/1290 train_time:589145ms step_avg:545.50ms
step:1081/1290 train_time:590004ms step_avg:545.79ms
step:1082/1290 train_time:590860ms step_avg:546.08ms
step:1083/1290 train_time:591717ms step_avg:546.37ms
step:1084/1290 train_time:592572ms step_avg:546.65ms
step:1085/1290 train_time:593429ms step_avg:546.94ms
step:1086/1290 train_time:594283ms step_avg:547.22ms
step:1087/1290 train_time:595140ms step_avg:547.51ms
step:1088/1290 train_time:595993ms step_avg:547.79ms
step:1089/1290 train_time:596851ms step_avg:548.07ms
step:1090/1290 train_time:597702ms step_avg:548.35ms
step:1091/1290 train_time:598559ms step_avg:548.63ms
step:1092/1290 train_time:599415ms step_avg:548.91ms
step:1093/1290 train_time:600271ms step_avg:549.20ms
step:1094/1290 train_time:601127ms step_avg:549.48ms
step:1095/1290 train_time:601984ms step_avg:549.76ms
step:1096/1290 train_time:602838ms step_avg:550.03ms
step:1097/1290 train_time:603698ms step_avg:550.32ms
step:1098/1290 train_time:604550ms step_avg:550.59ms
step:1099/1290 train_time:605409ms step_avg:550.87ms
step:1100/1290 train_time:606262ms step_avg:551.15ms
step:1101/1290 train_time:607122ms step_avg:551.43ms
step:1102/1290 train_time:607977ms step_avg:551.70ms
step:1103/1290 train_time:608835ms step_avg:551.98ms
step:1104/1290 train_time:609687ms step_avg:552.25ms
step:1105/1290 train_time:610544ms step_avg:552.53ms
step:1106/1290 train_time:611401ms step_avg:552.80ms
step:1107/1290 train_time:612260ms step_avg:553.08ms
step:1108/1290 train_time:613116ms step_avg:553.35ms
step:1109/1290 train_time:613973ms step_avg:553.63ms
step:1110/1290 train_time:614825ms step_avg:553.90ms
step:1111/1290 train_time:615684ms step_avg:554.17ms
step:1112/1290 train_time:616539ms step_avg:554.44ms
step:1113/1290 train_time:617399ms step_avg:554.72ms
step:1114/1290 train_time:618256ms step_avg:554.99ms
step:1115/1290 train_time:619115ms step_avg:555.26ms
step:1116/1290 train_time:619968ms step_avg:555.53ms
step:1117/1290 train_time:620826ms step_avg:555.80ms
step:1118/1290 train_time:621682ms step_avg:556.07ms
step:1119/1290 train_time:622538ms step_avg:556.33ms
step:1120/1290 train_time:623393ms step_avg:556.60ms
step:1121/1290 train_time:624251ms step_avg:556.87ms
step:1122/1290 train_time:625105ms step_avg:557.13ms
step:1123/1290 train_time:625963ms step_avg:557.40ms
step:1124/1290 train_time:626819ms step_avg:557.67ms
step:1125/1290 train_time:627677ms step_avg:557.94ms
step:1126/1290 train_time:628531ms step_avg:558.20ms
step:1127/1290 train_time:629390ms step_avg:558.47ms
step:1128/1290 train_time:630244ms step_avg:558.73ms
step:1129/1290 train_time:631102ms step_avg:558.99ms
step:1130/1290 train_time:631957ms step_avg:559.25ms
step:1131/1290 train_time:632818ms step_avg:559.52ms
step:1132/1290 train_time:633672ms step_avg:559.78ms
step:1133/1290 train_time:634530ms step_avg:560.04ms
step:1134/1290 train_time:635383ms step_avg:560.30ms
step:1135/1290 train_time:636240ms step_avg:560.56ms
step:1136/1290 train_time:637096ms step_avg:560.82ms
step:1137/1290 train_time:637954ms step_avg:561.09ms
step:1138/1290 train_time:638805ms step_avg:561.34ms
step:1139/1290 train_time:639664ms step_avg:561.60ms
step:1140/1290 train_time:640518ms step_avg:561.86ms
step:1141/1290 train_time:641378ms step_avg:562.12ms
step:1142/1290 train_time:642232ms step_avg:562.37ms
step:1143/1290 train_time:643087ms step_avg:562.63ms
step:1144/1290 train_time:643941ms step_avg:562.89ms
step:1145/1290 train_time:644799ms step_avg:563.14ms
step:1146/1290 train_time:645654ms step_avg:563.40ms
step:1147/1290 train_time:646510ms step_avg:563.65ms
step:1148/1290 train_time:647365ms step_avg:563.91ms
step:1149/1290 train_time:648224ms step_avg:564.16ms
step:1150/1290 train_time:649077ms step_avg:564.41ms
step:1151/1290 train_time:649936ms step_avg:564.67ms
step:1152/1290 train_time:650791ms step_avg:564.92ms
step:1153/1290 train_time:651650ms step_avg:565.18ms
step:1154/1290 train_time:652503ms step_avg:565.43ms
step:1155/1290 train_time:653359ms step_avg:565.68ms
step:1156/1290 train_time:654212ms step_avg:565.93ms
step:1157/1290 train_time:655070ms step_avg:566.18ms
step:1158/1290 train_time:655924ms step_avg:566.43ms
step:1159/1290 train_time:656780ms step_avg:566.68ms
step:1160/1290 train_time:657635ms step_avg:566.93ms
step:1161/1290 train_time:658492ms step_avg:567.18ms
step:1162/1290 train_time:659347ms step_avg:567.42ms
step:1163/1290 train_time:660206ms step_avg:567.68ms
step:1164/1290 train_time:661062ms step_avg:567.92ms
step:1165/1290 train_time:661918ms step_avg:568.17ms
step:1166/1290 train_time:662772ms step_avg:568.42ms
step:1167/1290 train_time:663632ms step_avg:568.66ms
step:1168/1290 train_time:664485ms step_avg:568.91ms
step:1169/1290 train_time:665342ms step_avg:569.15ms
step:1170/1290 train_time:666196ms step_avg:569.40ms
step:1171/1290 train_time:667053ms step_avg:569.64ms
step:1172/1290 train_time:667905ms step_avg:569.89ms
step:1173/1290 train_time:668764ms step_avg:570.13ms
step:1174/1290 train_time:669618ms step_avg:570.37ms
step:1175/1290 train_time:670478ms step_avg:570.62ms
step:1176/1290 train_time:671334ms step_avg:570.86ms
step:1177/1290 train_time:672191ms step_avg:571.11ms
step:1178/1290 train_time:673045ms step_avg:571.35ms
step:1179/1290 train_time:673904ms step_avg:571.59ms
step:1180/1290 train_time:674757ms step_avg:571.83ms
step:1181/1290 train_time:675613ms step_avg:572.07ms
step:1182/1290 train_time:676466ms step_avg:572.31ms
step:1183/1290 train_time:677325ms step_avg:572.55ms
step:1184/1290 train_time:678178ms step_avg:572.79ms
step:1185/1290 train_time:679037ms step_avg:573.03ms
step:1186/1290 train_time:679891ms step_avg:573.26ms
step:1187/1290 train_time:680749ms step_avg:573.50ms
step:1188/1290 train_time:681603ms step_avg:573.74ms
step:1189/1290 train_time:682460ms step_avg:573.98ms
step:1190/1290 train_time:683315ms step_avg:574.21ms
step:1191/1290 train_time:684172ms step_avg:574.45ms
step:1192/1290 train_time:685027ms step_avg:574.69ms
step:1193/1290 train_time:685885ms step_avg:574.92ms
step:1194/1290 train_time:686738ms step_avg:575.16ms
step:1195/1290 train_time:687597ms step_avg:575.40ms
step:1196/1290 train_time:688451ms step_avg:575.63ms
step:1197/1290 train_time:689310ms step_avg:575.86ms
step:1198/1290 train_time:690163ms step_avg:576.10ms
step:1199/1290 train_time:691021ms step_avg:576.33ms
step:1200/1290 train_time:691874ms step_avg:576.56ms
step:1201/1290 train_time:692732ms step_avg:576.80ms
step:1202/1290 train_time:693584ms step_avg:577.02ms
step:1203/1290 train_time:694440ms step_avg:577.26ms
step:1204/1290 train_time:695295ms step_avg:577.49ms
step:1205/1290 train_time:696152ms step_avg:577.72ms
step:1206/1290 train_time:697006ms step_avg:577.95ms
step:1207/1290 train_time:697864ms step_avg:578.18ms
step:1208/1290 train_time:698719ms step_avg:578.41ms
step:1209/1290 train_time:699577ms step_avg:578.64ms
step:1210/1290 train_time:700429ms step_avg:578.87ms
step:1211/1290 train_time:701287ms step_avg:579.10ms
step:1212/1290 train_time:702142ms step_avg:579.33ms
step:1213/1290 train_time:703000ms step_avg:579.55ms
step:1214/1290 train_time:703854ms step_avg:579.78ms
step:1215/1290 train_time:704712ms step_avg:580.01ms
step:1216/1290 train_time:705566ms step_avg:580.24ms
step:1217/1290 train_time:706424ms step_avg:580.46ms
step:1218/1290 train_time:707278ms step_avg:580.69ms
step:1219/1290 train_time:708137ms step_avg:580.92ms
step:1220/1290 train_time:708992ms step_avg:581.14ms
step:1221/1290 train_time:709850ms step_avg:581.37ms
step:1222/1290 train_time:710704ms step_avg:581.59ms
step:1223/1290 train_time:711561ms step_avg:581.82ms
step:1224/1290 train_time:712415ms step_avg:582.04ms
step:1225/1290 train_time:713272ms step_avg:582.26ms
step:1226/1290 train_time:714126ms step_avg:582.48ms
step:1227/1290 train_time:714986ms step_avg:582.71ms
step:1228/1290 train_time:715839ms step_avg:582.93ms
step:1229/1290 train_time:716698ms step_avg:583.16ms
step:1230/1290 train_time:717551ms step_avg:583.37ms
step:1231/1290 train_time:718409ms step_avg:583.60ms
step:1232/1290 train_time:719265ms step_avg:583.82ms
step:1233/1290 train_time:720121ms step_avg:584.04ms
step:1234/1290 train_time:720975ms step_avg:584.26ms
step:1235/1290 train_time:721833ms step_avg:584.48ms
step:1236/1290 train_time:722687ms step_avg:584.70ms
step:1237/1290 train_time:723546ms step_avg:584.92ms
step:1238/1290 train_time:724401ms step_avg:585.14ms
step:1239/1290 train_time:725259ms step_avg:585.36ms
step:1240/1290 train_time:726115ms step_avg:585.58ms
step:1241/1290 train_time:726973ms step_avg:585.80ms
step:1242/1290 train_time:727826ms step_avg:586.01ms
step:1243/1290 train_time:728684ms step_avg:586.23ms
step:1244/1290 train_time:729538ms step_avg:586.45ms
step:1245/1290 train_time:730395ms step_avg:586.66ms
step:1246/1290 train_time:731246ms step_avg:586.88ms
step:1247/1290 train_time:732104ms step_avg:587.09ms
step:1248/1290 train_time:732958ms step_avg:587.31ms
step:1249/1290 train_time:733815ms step_avg:587.52ms
step:1250/1290 train_time:734668ms step_avg:587.73ms
step:1250/1290 val_loss:3.2945 train_time:734799ms step_avg:587.84ms
step:1251/1290 train_time:735535ms step_avg:587.96ms
step:1252/1290 train_time:736395ms step_avg:588.17ms
step:1253/1290 train_time:737255ms step_avg:588.39ms
step:1254/1290 train_time:738115ms step_avg:588.61ms
step:1255/1290 train_time:738975ms step_avg:588.82ms
step:1256/1290 train_time:739834ms step_avg:589.04ms
step:1257/1290 train_time:740694ms step_avg:589.26ms
step:1258/1290 train_time:741554ms step_avg:589.47ms
step:1259/1290 train_time:742415ms step_avg:589.69ms
step:1260/1290 train_time:743272ms step_avg:589.90ms
step:1261/1290 train_time:744134ms step_avg:590.11ms
step:1262/1290 train_time:744989ms step_avg:590.32ms
step:1263/1290 train_time:745851ms step_avg:590.54ms
step:1264/1290 train_time:746708ms step_avg:590.75ms
step:1265/1290 train_time:747569ms step_avg:590.96ms
step:1266/1290 train_time:748428ms step_avg:591.18ms
step:1267/1290 train_time:749289ms step_avg:591.39ms
step:1268/1290 train_time:750148ms step_avg:591.60ms
step:1269/1290 train_time:751010ms step_avg:591.81ms
step:1270/1290 train_time:751868ms step_avg:592.02ms
step:1271/1290 train_time:752730ms step_avg:592.23ms
step:1272/1290 train_time:753588ms step_avg:592.44ms
step:1273/1290 train_time:754450ms step_avg:592.66ms
step:1274/1290 train_time:755308ms step_avg:592.86ms
step:1275/1290 train_time:756169ms step_avg:593.07ms
step:1276/1290 train_time:757027ms step_avg:593.28ms
step:1277/1290 train_time:757888ms step_avg:593.49ms
step:1278/1290 train_time:758746ms step_avg:593.70ms
step:1279/1290 train_time:759606ms step_avg:593.91ms
step:1280/1290 train_time:760464ms step_avg:594.11ms
step:1281/1290 train_time:761325ms step_avg:594.32ms
step:1282/1290 train_time:762181ms step_avg:594.52ms
step:1283/1290 train_time:763043ms step_avg:594.73ms
step:1284/1290 train_time:763900ms step_avg:594.94ms
step:1285/1290 train_time:764762ms step_avg:595.15ms
step:1286/1290 train_time:765619ms step_avg:595.35ms
step:1287/1290 train_time:766481ms step_avg:595.56ms
step:1288/1290 train_time:767339ms step_avg:595.76ms
step:1289/1290 train_time:768199ms step_avg:595.96ms
step:1290/1290 train_time:769056ms step_avg:596.17ms
step:1290/1290 val_loss:3.2788 train_time:769249ms step_avg:596.32ms
peak memory allocated: 39582 MiB reserved: 51240 MiB
