[Gloo] Rank 0 is connected to 0 peer ranks. Expected number of connected peer ranks is : 0
You are using version 1 of 'kernels-community/flash-attn3', but version 2 is available.
Fetching 8 files:   0%|          | 0/8 [00:00<?, ?it/s]Fetching 8 files: 100%|██████████| 8/8 [00:00<00:00, 1339.87it/s]
logs/9414d480-fbb5-48d2-9143-4ca907c5d881.txt
Compiling model and warming up kernels (~7 minutes on first execution)
Sampling steps [0, 1, 415, 416, 417, 418, 831, 832, 833, 834, 1248, 1249, 1250, 1251] for warmup
Resetting Model
step:0/1290 val_loss:10.8291 train_time:187ms step_avg:186.66ms
step:1/1290 train_time:524ms step_avg:524.08ms
step:2/1290 train_time:834ms step_avg:417.07ms
step:3/1290 train_time:1149ms step_avg:382.92ms
step:4/1290 train_time:1470ms step_avg:367.45ms
step:5/1290 train_time:1788ms step_avg:357.53ms
step:6/1290 train_time:2104ms step_avg:350.68ms
step:7/1290 train_time:2426ms step_avg:346.54ms
step:8/1290 train_time:2743ms step_avg:342.93ms
step:9/1290 train_time:3062ms step_avg:340.19ms
step:10/1290 train_time:3379ms step_avg:337.87ms
step:11/1290 train_time:3698ms step_avg:336.16ms
step:12/1290 train_time:4014ms step_avg:334.53ms
step:13/1290 train_time:4335ms step_avg:333.43ms
step:14/1290 train_time:4654ms step_avg:332.43ms
step:15/1290 train_time:4975ms step_avg:331.69ms
step:16/1290 train_time:5294ms step_avg:330.86ms
step:17/1290 train_time:5614ms step_avg:330.22ms
step:18/1290 train_time:5932ms step_avg:329.54ms
step:19/1290 train_time:6252ms step_avg:329.07ms
step:20/1290 train_time:6573ms step_avg:328.63ms
step:21/1290 train_time:6893ms step_avg:328.25ms
step:22/1290 train_time:7212ms step_avg:327.81ms
step:23/1290 train_time:7533ms step_avg:327.51ms
step:24/1290 train_time:7852ms step_avg:327.17ms
step:25/1290 train_time:8173ms step_avg:326.91ms
step:26/1290 train_time:8492ms step_avg:326.62ms
step:27/1290 train_time:8813ms step_avg:326.43ms
step:28/1290 train_time:9132ms step_avg:326.14ms
step:29/1290 train_time:9453ms step_avg:325.95ms
step:30/1290 train_time:9773ms step_avg:325.75ms
step:31/1290 train_time:10093ms step_avg:325.57ms
step:32/1290 train_time:10412ms step_avg:325.39ms
step:33/1290 train_time:10734ms step_avg:325.26ms
step:34/1290 train_time:11052ms step_avg:325.07ms
step:35/1290 train_time:11374ms step_avg:324.97ms
step:36/1290 train_time:11694ms step_avg:324.82ms
step:37/1290 train_time:12015ms step_avg:324.72ms
step:38/1290 train_time:12333ms step_avg:324.56ms
step:39/1290 train_time:12655ms step_avg:324.48ms
step:40/1290 train_time:12976ms step_avg:324.41ms
step:41/1290 train_time:13293ms step_avg:324.23ms
step:42/1290 train_time:13613ms step_avg:324.13ms
step:43/1290 train_time:13934ms step_avg:324.06ms
step:44/1290 train_time:14254ms step_avg:323.95ms
step:45/1290 train_time:14576ms step_avg:323.91ms
step:46/1290 train_time:14896ms step_avg:323.82ms
step:47/1290 train_time:15216ms step_avg:323.74ms
step:48/1290 train_time:15534ms step_avg:323.62ms
step:49/1290 train_time:15856ms step_avg:323.59ms
step:50/1290 train_time:16177ms step_avg:323.55ms
step:51/1290 train_time:16497ms step_avg:323.47ms
step:52/1290 train_time:16816ms step_avg:323.38ms
step:53/1290 train_time:17137ms step_avg:323.35ms
step:54/1290 train_time:17456ms step_avg:323.25ms
step:55/1290 train_time:17777ms step_avg:323.23ms
step:56/1290 train_time:18096ms step_avg:323.14ms
step:57/1290 train_time:18417ms step_avg:323.11ms
step:58/1290 train_time:18737ms step_avg:323.05ms
step:59/1290 train_time:19057ms step_avg:323.00ms
step:60/1290 train_time:19376ms step_avg:322.93ms
step:61/1290 train_time:19697ms step_avg:322.89ms
step:62/1290 train_time:20015ms step_avg:322.83ms
step:63/1290 train_time:20338ms step_avg:322.82ms
step:64/1290 train_time:20656ms step_avg:322.75ms
step:65/1290 train_time:20978ms step_avg:322.74ms
step:66/1290 train_time:21297ms step_avg:322.68ms
step:67/1290 train_time:21618ms step_avg:322.65ms
step:68/1290 train_time:21936ms step_avg:322.59ms
step:69/1290 train_time:22258ms step_avg:322.57ms
step:70/1290 train_time:22576ms step_avg:322.51ms
step:71/1290 train_time:22897ms step_avg:322.49ms
step:72/1290 train_time:23215ms step_avg:322.44ms
step:73/1290 train_time:23537ms step_avg:322.42ms
step:74/1290 train_time:23856ms step_avg:322.38ms
step:75/1290 train_time:24179ms step_avg:322.38ms
step:76/1290 train_time:24498ms step_avg:322.35ms
step:77/1290 train_time:24821ms step_avg:322.34ms
step:78/1290 train_time:25139ms step_avg:322.30ms
step:79/1290 train_time:25460ms step_avg:322.28ms
step:80/1290 train_time:25779ms step_avg:322.24ms
step:81/1290 train_time:26101ms step_avg:322.23ms
step:82/1290 train_time:26420ms step_avg:322.19ms
step:83/1290 train_time:26740ms step_avg:322.17ms
step:84/1290 train_time:27060ms step_avg:322.14ms
step:85/1290 train_time:27381ms step_avg:322.13ms
step:86/1290 train_time:27700ms step_avg:322.10ms
step:87/1290 train_time:28021ms step_avg:322.08ms
step:88/1290 train_time:28340ms step_avg:322.05ms
step:89/1290 train_time:28661ms step_avg:322.03ms
step:90/1290 train_time:28980ms step_avg:322.00ms
step:91/1290 train_time:29303ms step_avg:322.01ms
step:92/1290 train_time:29622ms step_avg:321.98ms
step:93/1290 train_time:29946ms step_avg:322.00ms
step:94/1290 train_time:30265ms step_avg:321.96ms
step:95/1290 train_time:30588ms step_avg:321.97ms
step:96/1290 train_time:30909ms step_avg:321.97ms
step:97/1290 train_time:31231ms step_avg:321.97ms
step:98/1290 train_time:31553ms step_avg:321.96ms
step:99/1290 train_time:31875ms step_avg:321.97ms
step:100/1290 train_time:32195ms step_avg:321.95ms
step:101/1290 train_time:32517ms step_avg:321.95ms
step:102/1290 train_time:32836ms step_avg:321.92ms
step:103/1290 train_time:33158ms step_avg:321.92ms
step:104/1290 train_time:33478ms step_avg:321.90ms
step:105/1290 train_time:33800ms step_avg:321.90ms
step:106/1290 train_time:34119ms step_avg:321.87ms
step:107/1290 train_time:34441ms step_avg:321.87ms
step:108/1290 train_time:34760ms step_avg:321.85ms
step:109/1290 train_time:35082ms step_avg:321.86ms
step:110/1290 train_time:35402ms step_avg:321.83ms
step:111/1290 train_time:35724ms step_avg:321.84ms
step:112/1290 train_time:36045ms step_avg:321.83ms
step:113/1290 train_time:36369ms step_avg:321.85ms
step:114/1290 train_time:36691ms step_avg:321.85ms
step:115/1290 train_time:37014ms step_avg:321.86ms
step:116/1290 train_time:37334ms step_avg:321.84ms
step:117/1290 train_time:37656ms step_avg:321.85ms
step:118/1290 train_time:37976ms step_avg:321.83ms
step:119/1290 train_time:38298ms step_avg:321.83ms
step:120/1290 train_time:38619ms step_avg:321.83ms
step:121/1290 train_time:38939ms step_avg:321.81ms
step:122/1290 train_time:39259ms step_avg:321.79ms
step:123/1290 train_time:39580ms step_avg:321.79ms
step:124/1290 train_time:39900ms step_avg:321.78ms
step:125/1290 train_time:40222ms step_avg:321.77ms
step:126/1290 train_time:40542ms step_avg:321.76ms
step:127/1290 train_time:40864ms step_avg:321.77ms
step:128/1290 train_time:41184ms step_avg:321.75ms
step:129/1290 train_time:41507ms step_avg:321.76ms
step:130/1290 train_time:41829ms step_avg:321.76ms
step:131/1290 train_time:42153ms step_avg:321.78ms
step:132/1290 train_time:42474ms step_avg:321.77ms
step:133/1290 train_time:42797ms step_avg:321.78ms
step:134/1290 train_time:43117ms step_avg:321.77ms
step:135/1290 train_time:43438ms step_avg:321.76ms
step:136/1290 train_time:43758ms step_avg:321.75ms
step:137/1290 train_time:44081ms step_avg:321.76ms
step:138/1290 train_time:44400ms step_avg:321.74ms
step:139/1290 train_time:44723ms step_avg:321.75ms
step:140/1290 train_time:45042ms step_avg:321.73ms
step:141/1290 train_time:45365ms step_avg:321.74ms
step:142/1290 train_time:45686ms step_avg:321.74ms
step:143/1290 train_time:46011ms step_avg:321.76ms
step:144/1290 train_time:46333ms step_avg:321.76ms
step:145/1290 train_time:46656ms step_avg:321.77ms
step:146/1290 train_time:46976ms step_avg:321.75ms
step:147/1290 train_time:47298ms step_avg:321.75ms
step:148/1290 train_time:47618ms step_avg:321.74ms
step:149/1290 train_time:47941ms step_avg:321.75ms
step:150/1290 train_time:48260ms step_avg:321.73ms
step:151/1290 train_time:48583ms step_avg:321.74ms
step:152/1290 train_time:48902ms step_avg:321.73ms
step:153/1290 train_time:49226ms step_avg:321.74ms
step:154/1290 train_time:49549ms step_avg:321.75ms
step:155/1290 train_time:49872ms step_avg:321.76ms
step:156/1290 train_time:50194ms step_avg:321.76ms
step:157/1290 train_time:50518ms step_avg:321.77ms
step:158/1290 train_time:50836ms step_avg:321.74ms
step:159/1290 train_time:51157ms step_avg:321.74ms
step:160/1290 train_time:51476ms step_avg:321.73ms
step:161/1290 train_time:51797ms step_avg:321.72ms
step:162/1290 train_time:52116ms step_avg:321.70ms
step:163/1290 train_time:52439ms step_avg:321.71ms
step:164/1290 train_time:52757ms step_avg:321.69ms
step:165/1290 train_time:53077ms step_avg:321.68ms
step:166/1290 train_time:53396ms step_avg:321.66ms
step:167/1290 train_time:53719ms step_avg:321.67ms
step:168/1290 train_time:54037ms step_avg:321.65ms
step:169/1290 train_time:54359ms step_avg:321.65ms
step:170/1290 train_time:54677ms step_avg:321.63ms
step:171/1290 train_time:54999ms step_avg:321.63ms
step:172/1290 train_time:55317ms step_avg:321.61ms
step:173/1290 train_time:55639ms step_avg:321.61ms
step:174/1290 train_time:55958ms step_avg:321.60ms
step:175/1290 train_time:56278ms step_avg:321.59ms
step:176/1290 train_time:56598ms step_avg:321.58ms
step:177/1290 train_time:56919ms step_avg:321.58ms
step:178/1290 train_time:57237ms step_avg:321.56ms
step:179/1290 train_time:57559ms step_avg:321.56ms
step:180/1290 train_time:57877ms step_avg:321.54ms
step:181/1290 train_time:58199ms step_avg:321.54ms
step:182/1290 train_time:58518ms step_avg:321.53ms
step:183/1290 train_time:58839ms step_avg:321.52ms
step:184/1290 train_time:59157ms step_avg:321.50ms
step:185/1290 train_time:59479ms step_avg:321.51ms
step:186/1290 train_time:59798ms step_avg:321.50ms
step:187/1290 train_time:60120ms step_avg:321.50ms
step:188/1290 train_time:60439ms step_avg:321.48ms
step:189/1290 train_time:60760ms step_avg:321.48ms
step:190/1290 train_time:61079ms step_avg:321.47ms
step:191/1290 train_time:61400ms step_avg:321.47ms
step:192/1290 train_time:61719ms step_avg:321.45ms
step:193/1290 train_time:62041ms step_avg:321.45ms
step:194/1290 train_time:62360ms step_avg:321.44ms
step:195/1290 train_time:62681ms step_avg:321.44ms
step:196/1290 train_time:63000ms step_avg:321.43ms
step:197/1290 train_time:63322ms step_avg:321.43ms
step:198/1290 train_time:63641ms step_avg:321.42ms
step:199/1290 train_time:63962ms step_avg:321.42ms
step:200/1290 train_time:64282ms step_avg:321.41ms
step:201/1290 train_time:64603ms step_avg:321.41ms
step:202/1290 train_time:64922ms step_avg:321.39ms
step:203/1290 train_time:65243ms step_avg:321.40ms
step:204/1290 train_time:65562ms step_avg:321.38ms
step:205/1290 train_time:65885ms step_avg:321.39ms
step:206/1290 train_time:66204ms step_avg:321.38ms
step:207/1290 train_time:66527ms step_avg:321.39ms
step:208/1290 train_time:66848ms step_avg:321.39ms
step:209/1290 train_time:67170ms step_avg:321.39ms
step:210/1290 train_time:67492ms step_avg:321.39ms
step:211/1290 train_time:67814ms step_avg:321.39ms
step:212/1290 train_time:68134ms step_avg:321.39ms
step:213/1290 train_time:68456ms step_avg:321.39ms
step:214/1290 train_time:68776ms step_avg:321.38ms
step:215/1290 train_time:69098ms step_avg:321.38ms
step:216/1290 train_time:69417ms step_avg:321.38ms
step:217/1290 train_time:69739ms step_avg:321.38ms
step:218/1290 train_time:70058ms step_avg:321.37ms
step:219/1290 train_time:70379ms step_avg:321.37ms
step:220/1290 train_time:70698ms step_avg:321.36ms
step:221/1290 train_time:71021ms step_avg:321.36ms
step:222/1290 train_time:71339ms step_avg:321.35ms
step:223/1290 train_time:71662ms step_avg:321.35ms
step:224/1290 train_time:71980ms step_avg:321.34ms
step:225/1290 train_time:72302ms step_avg:321.34ms
step:226/1290 train_time:72621ms step_avg:321.33ms
step:227/1290 train_time:72943ms step_avg:321.33ms
step:228/1290 train_time:73261ms step_avg:321.32ms
step:229/1290 train_time:73583ms step_avg:321.32ms
step:230/1290 train_time:73902ms step_avg:321.31ms
step:231/1290 train_time:74224ms step_avg:321.32ms
step:232/1290 train_time:74544ms step_avg:321.31ms
step:233/1290 train_time:74866ms step_avg:321.31ms
step:234/1290 train_time:75187ms step_avg:321.31ms
step:235/1290 train_time:75510ms step_avg:321.32ms
step:236/1290 train_time:75832ms step_avg:321.32ms
step:237/1290 train_time:76154ms step_avg:321.33ms
step:238/1290 train_time:76474ms step_avg:321.32ms
step:239/1290 train_time:76797ms step_avg:321.33ms
step:240/1290 train_time:77117ms step_avg:321.32ms
step:241/1290 train_time:77438ms step_avg:321.32ms
step:242/1290 train_time:77757ms step_avg:321.31ms
step:243/1290 train_time:78081ms step_avg:321.32ms
step:244/1290 train_time:78400ms step_avg:321.31ms
step:245/1290 train_time:78721ms step_avg:321.31ms
step:246/1290 train_time:79040ms step_avg:321.30ms
step:247/1290 train_time:79362ms step_avg:321.30ms
step:248/1290 train_time:79681ms step_avg:321.29ms
step:249/1290 train_time:80003ms step_avg:321.30ms
step:250/1290 train_time:80322ms step_avg:321.29ms
step:250/1290 val_loss:4.4989 train_time:80376ms step_avg:321.50ms
step:251/1290 train_time:80648ms step_avg:321.31ms
step:252/1290 train_time:80968ms step_avg:321.30ms
step:253/1290 train_time:81290ms step_avg:321.30ms
step:254/1290 train_time:81609ms step_avg:321.30ms
step:255/1290 train_time:81931ms step_avg:321.30ms
step:256/1290 train_time:82251ms step_avg:321.29ms
step:257/1290 train_time:82574ms step_avg:321.30ms
step:258/1290 train_time:82894ms step_avg:321.29ms
step:259/1290 train_time:83215ms step_avg:321.29ms
step:260/1290 train_time:83535ms step_avg:321.29ms
step:261/1290 train_time:83858ms step_avg:321.30ms
step:262/1290 train_time:84178ms step_avg:321.29ms
step:263/1290 train_time:84502ms step_avg:321.30ms
step:264/1290 train_time:84825ms step_avg:321.31ms
step:265/1290 train_time:85147ms step_avg:321.31ms
step:266/1290 train_time:85467ms step_avg:321.31ms
step:267/1290 train_time:85790ms step_avg:321.31ms
step:268/1290 train_time:86110ms step_avg:321.30ms
step:269/1290 train_time:86432ms step_avg:321.31ms
step:270/1290 train_time:86752ms step_avg:321.30ms
step:271/1290 train_time:87074ms step_avg:321.31ms
step:272/1290 train_time:87393ms step_avg:321.30ms
step:273/1290 train_time:87716ms step_avg:321.30ms
step:274/1290 train_time:88035ms step_avg:321.29ms
step:275/1290 train_time:88356ms step_avg:321.30ms
step:276/1290 train_time:88676ms step_avg:321.29ms
step:277/1290 train_time:89000ms step_avg:321.30ms
step:278/1290 train_time:89320ms step_avg:321.30ms
step:279/1290 train_time:89644ms step_avg:321.30ms
step:280/1290 train_time:89967ms step_avg:321.31ms
step:281/1290 train_time:90290ms step_avg:321.32ms
step:282/1290 train_time:90609ms step_avg:321.31ms
step:283/1290 train_time:90931ms step_avg:321.31ms
step:284/1290 train_time:91251ms step_avg:321.31ms
step:285/1290 train_time:91573ms step_avg:321.31ms
step:286/1290 train_time:91892ms step_avg:321.30ms
step:287/1290 train_time:92214ms step_avg:321.30ms
step:288/1290 train_time:92533ms step_avg:321.29ms
step:289/1290 train_time:92855ms step_avg:321.30ms
step:290/1290 train_time:93174ms step_avg:321.29ms
step:291/1290 train_time:93495ms step_avg:321.29ms
step:292/1290 train_time:93815ms step_avg:321.28ms
step:293/1290 train_time:94136ms step_avg:321.28ms
step:294/1290 train_time:94456ms step_avg:321.28ms
step:295/1290 train_time:94778ms step_avg:321.28ms
step:296/1290 train_time:95099ms step_avg:321.28ms
step:297/1290 train_time:95424ms step_avg:321.29ms
step:298/1290 train_time:95746ms step_avg:321.29ms
step:299/1290 train_time:96068ms step_avg:321.30ms
step:300/1290 train_time:96388ms step_avg:321.29ms
step:301/1290 train_time:96711ms step_avg:321.30ms
step:302/1290 train_time:97031ms step_avg:321.29ms
step:303/1290 train_time:97353ms step_avg:321.30ms
step:304/1290 train_time:97672ms step_avg:321.29ms
step:305/1290 train_time:97995ms step_avg:321.29ms
step:306/1290 train_time:98314ms step_avg:321.29ms
step:307/1290 train_time:98636ms step_avg:321.29ms
step:308/1290 train_time:98956ms step_avg:321.29ms
step:309/1290 train_time:99279ms step_avg:321.29ms
step:310/1290 train_time:99599ms step_avg:321.29ms
step:311/1290 train_time:99923ms step_avg:321.30ms
step:312/1290 train_time:100246ms step_avg:321.30ms
step:313/1290 train_time:100569ms step_avg:321.31ms
step:314/1290 train_time:100888ms step_avg:321.30ms
step:315/1290 train_time:101211ms step_avg:321.30ms
step:316/1290 train_time:101531ms step_avg:321.30ms
step:317/1290 train_time:101853ms step_avg:321.30ms
step:318/1290 train_time:102173ms step_avg:321.30ms
step:319/1290 train_time:102495ms step_avg:321.30ms
step:320/1290 train_time:102814ms step_avg:321.30ms
step:321/1290 train_time:103135ms step_avg:321.29ms
step:322/1290 train_time:103456ms step_avg:321.29ms
step:323/1290 train_time:103780ms step_avg:321.30ms
step:324/1290 train_time:104101ms step_avg:321.30ms
step:325/1290 train_time:104425ms step_avg:321.31ms
step:326/1290 train_time:104746ms step_avg:321.31ms
step:327/1290 train_time:105070ms step_avg:321.32ms
step:328/1290 train_time:105389ms step_avg:321.31ms
step:329/1290 train_time:105712ms step_avg:321.31ms
step:330/1290 train_time:106031ms step_avg:321.31ms
step:331/1290 train_time:106353ms step_avg:321.31ms
step:332/1290 train_time:106672ms step_avg:321.30ms
step:333/1290 train_time:106995ms step_avg:321.31ms
step:334/1290 train_time:107314ms step_avg:321.30ms
step:335/1290 train_time:107636ms step_avg:321.30ms
step:336/1290 train_time:107956ms step_avg:321.30ms
step:337/1290 train_time:108279ms step_avg:321.30ms
step:338/1290 train_time:108600ms step_avg:321.30ms
step:339/1290 train_time:108925ms step_avg:321.31ms
step:340/1290 train_time:109246ms step_avg:321.31ms
step:341/1290 train_time:109569ms step_avg:321.32ms
step:342/1290 train_time:109889ms step_avg:321.31ms
step:343/1290 train_time:110211ms step_avg:321.32ms
step:344/1290 train_time:110530ms step_avg:321.31ms
step:345/1290 train_time:110853ms step_avg:321.31ms
step:346/1290 train_time:111172ms step_avg:321.31ms
step:347/1290 train_time:111494ms step_avg:321.31ms
step:348/1290 train_time:111814ms step_avg:321.31ms
step:349/1290 train_time:112135ms step_avg:321.30ms
step:350/1290 train_time:112457ms step_avg:321.30ms
step:351/1290 train_time:112779ms step_avg:321.31ms
step:352/1290 train_time:113099ms step_avg:321.30ms
step:353/1290 train_time:113422ms step_avg:321.31ms
step:354/1290 train_time:113745ms step_avg:321.31ms
step:355/1290 train_time:114068ms step_avg:321.32ms
step:356/1290 train_time:114388ms step_avg:321.31ms
step:357/1290 train_time:114711ms step_avg:321.32ms
step:358/1290 train_time:115031ms step_avg:321.32ms
step:359/1290 train_time:115353ms step_avg:321.32ms
step:360/1290 train_time:115672ms step_avg:321.31ms
step:361/1290 train_time:115995ms step_avg:321.31ms
step:362/1290 train_time:116314ms step_avg:321.31ms
step:363/1290 train_time:116635ms step_avg:321.31ms
step:364/1290 train_time:116956ms step_avg:321.31ms
step:365/1290 train_time:117277ms step_avg:321.31ms
step:366/1290 train_time:117596ms step_avg:321.30ms
step:367/1290 train_time:117920ms step_avg:321.31ms
step:368/1290 train_time:118240ms step_avg:321.30ms
step:369/1290 train_time:118564ms step_avg:321.31ms
step:370/1290 train_time:118886ms step_avg:321.31ms
step:371/1290 train_time:119209ms step_avg:321.32ms
step:372/1290 train_time:119529ms step_avg:321.31ms
step:373/1290 train_time:119852ms step_avg:321.32ms
step:374/1290 train_time:120171ms step_avg:321.31ms
step:375/1290 train_time:120493ms step_avg:321.31ms
step:376/1290 train_time:120813ms step_avg:321.31ms
step:377/1290 train_time:121134ms step_avg:321.31ms
step:378/1290 train_time:121454ms step_avg:321.31ms
step:379/1290 train_time:121776ms step_avg:321.31ms
step:380/1290 train_time:122096ms step_avg:321.30ms
step:381/1290 train_time:122418ms step_avg:321.31ms
step:382/1290 train_time:122738ms step_avg:321.30ms
step:383/1290 train_time:123062ms step_avg:321.31ms
step:384/1290 train_time:123384ms step_avg:321.31ms
step:385/1290 train_time:123707ms step_avg:321.32ms
step:386/1290 train_time:124027ms step_avg:321.31ms
step:387/1290 train_time:124351ms step_avg:321.32ms
step:388/1290 train_time:124670ms step_avg:321.31ms
step:389/1290 train_time:124992ms step_avg:321.32ms
step:390/1290 train_time:125312ms step_avg:321.31ms
step:391/1290 train_time:125634ms step_avg:321.31ms
step:392/1290 train_time:125954ms step_avg:321.31ms
step:393/1290 train_time:126276ms step_avg:321.31ms
step:394/1290 train_time:126596ms step_avg:321.31ms
step:395/1290 train_time:126918ms step_avg:321.31ms
step:396/1290 train_time:127239ms step_avg:321.31ms
step:397/1290 train_time:127562ms step_avg:321.32ms
step:398/1290 train_time:127884ms step_avg:321.32ms
step:399/1290 train_time:128207ms step_avg:321.32ms
step:400/1290 train_time:128527ms step_avg:321.32ms
step:401/1290 train_time:128851ms step_avg:321.32ms
step:402/1290 train_time:129170ms step_avg:321.32ms
step:403/1290 train_time:129493ms step_avg:321.32ms
step:404/1290 train_time:129812ms step_avg:321.32ms
step:405/1290 train_time:130135ms step_avg:321.32ms
step:406/1290 train_time:130454ms step_avg:321.31ms
step:407/1290 train_time:130776ms step_avg:321.32ms
step:408/1290 train_time:131097ms step_avg:321.32ms
step:409/1290 train_time:131418ms step_avg:321.32ms
step:410/1290 train_time:131738ms step_avg:321.31ms
step:411/1290 train_time:132063ms step_avg:321.32ms
step:412/1290 train_time:132385ms step_avg:321.32ms
step:413/1290 train_time:132708ms step_avg:321.33ms
step:414/1290 train_time:133029ms step_avg:321.33ms
step:415/1290 train_time:133351ms step_avg:321.33ms
step:416/1290 train_time:133670ms step_avg:321.32ms
step:417/1290 train_time:133993ms step_avg:321.33ms
step:418/1290 train_time:134549ms step_avg:321.89ms
step:419/1290 train_time:135135ms step_avg:322.52ms
step:420/1290 train_time:135720ms step_avg:323.14ms
step:421/1290 train_time:136308ms step_avg:323.77ms
step:422/1290 train_time:136893ms step_avg:324.39ms
step:423/1290 train_time:137482ms step_avg:325.02ms
step:424/1290 train_time:138067ms step_avg:325.63ms
step:425/1290 train_time:138658ms step_avg:326.25ms
step:426/1290 train_time:139243ms step_avg:326.86ms
step:427/1290 train_time:139832ms step_avg:327.47ms
step:428/1290 train_time:140418ms step_avg:328.08ms
step:429/1290 train_time:141004ms step_avg:328.68ms
step:430/1290 train_time:141589ms step_avg:329.28ms
step:431/1290 train_time:142178ms step_avg:329.88ms
step:432/1290 train_time:142763ms step_avg:330.47ms
step:433/1290 train_time:143352ms step_avg:331.07ms
step:434/1290 train_time:143937ms step_avg:331.65ms
step:435/1290 train_time:144525ms step_avg:332.24ms
step:436/1290 train_time:145108ms step_avg:332.82ms
step:437/1290 train_time:145698ms step_avg:333.41ms
step:438/1290 train_time:146284ms step_avg:333.98ms
step:439/1290 train_time:146872ms step_avg:334.56ms
step:440/1290 train_time:147457ms step_avg:335.13ms
step:441/1290 train_time:148044ms step_avg:335.70ms
step:442/1290 train_time:148628ms step_avg:336.26ms
step:443/1290 train_time:149217ms step_avg:336.83ms
step:444/1290 train_time:149802ms step_avg:337.39ms
step:445/1290 train_time:150389ms step_avg:337.95ms
step:446/1290 train_time:150975ms step_avg:338.51ms
step:447/1290 train_time:151563ms step_avg:339.07ms
step:448/1290 train_time:152148ms step_avg:339.61ms
step:449/1290 train_time:152736ms step_avg:340.17ms
step:450/1290 train_time:153322ms step_avg:340.72ms
step:451/1290 train_time:153907ms step_avg:341.26ms
step:452/1290 train_time:154493ms step_avg:341.80ms
step:453/1290 train_time:155082ms step_avg:342.35ms
step:454/1290 train_time:155667ms step_avg:342.88ms
step:455/1290 train_time:156256ms step_avg:343.42ms
step:456/1290 train_time:156841ms step_avg:343.95ms
step:457/1290 train_time:157427ms step_avg:344.48ms
step:458/1290 train_time:158013ms step_avg:345.01ms
step:459/1290 train_time:158601ms step_avg:345.54ms
step:460/1290 train_time:159185ms step_avg:346.05ms
step:461/1290 train_time:159774ms step_avg:346.58ms
step:462/1290 train_time:160358ms step_avg:347.10ms
step:463/1290 train_time:160947ms step_avg:347.62ms
step:464/1290 train_time:161531ms step_avg:348.13ms
step:465/1290 train_time:162121ms step_avg:348.65ms
step:466/1290 train_time:162705ms step_avg:349.15ms
step:467/1290 train_time:163293ms step_avg:349.66ms
step:468/1290 train_time:163878ms step_avg:350.17ms
step:469/1290 train_time:164465ms step_avg:350.67ms
step:470/1290 train_time:165050ms step_avg:351.17ms
step:471/1290 train_time:165639ms step_avg:351.67ms
step:472/1290 train_time:166227ms step_avg:352.17ms
step:473/1290 train_time:166813ms step_avg:352.67ms
step:474/1290 train_time:167397ms step_avg:353.16ms
step:475/1290 train_time:167984ms step_avg:353.65ms
step:476/1290 train_time:168569ms step_avg:354.14ms
step:477/1290 train_time:169159ms step_avg:354.63ms
step:478/1290 train_time:169744ms step_avg:355.11ms
step:479/1290 train_time:170332ms step_avg:355.60ms
step:480/1290 train_time:170918ms step_avg:356.08ms
step:481/1290 train_time:171505ms step_avg:356.56ms
step:482/1290 train_time:172089ms step_avg:357.03ms
step:483/1290 train_time:172678ms step_avg:357.51ms
step:484/1290 train_time:173263ms step_avg:357.98ms
step:485/1290 train_time:173852ms step_avg:358.46ms
step:486/1290 train_time:174437ms step_avg:358.92ms
step:487/1290 train_time:175025ms step_avg:359.39ms
step:488/1290 train_time:175609ms step_avg:359.85ms
step:489/1290 train_time:176198ms step_avg:360.32ms
step:490/1290 train_time:176783ms step_avg:360.78ms
step:491/1290 train_time:177371ms step_avg:361.24ms
step:492/1290 train_time:177957ms step_avg:361.70ms
step:493/1290 train_time:178546ms step_avg:362.16ms
step:494/1290 train_time:179129ms step_avg:362.61ms
step:495/1290 train_time:179719ms step_avg:363.07ms
step:496/1290 train_time:180305ms step_avg:363.52ms
step:497/1290 train_time:180894ms step_avg:363.97ms
step:498/1290 train_time:181480ms step_avg:364.42ms
step:499/1290 train_time:182068ms step_avg:364.87ms
step:500/1290 train_time:182653ms step_avg:365.31ms
step:500/1290 val_loss:4.1166 train_time:182742ms step_avg:365.48ms
step:501/1290 train_time:183244ms step_avg:365.76ms
step:502/1290 train_time:183830ms step_avg:366.20ms
step:503/1290 train_time:184418ms step_avg:366.64ms
step:504/1290 train_time:185003ms step_avg:367.07ms
step:505/1290 train_time:185590ms step_avg:367.50ms
step:506/1290 train_time:186180ms step_avg:367.94ms
step:507/1290 train_time:186767ms step_avg:368.38ms
step:508/1290 train_time:187350ms step_avg:368.80ms
step:509/1290 train_time:187941ms step_avg:369.24ms
step:510/1290 train_time:188524ms step_avg:369.66ms
step:511/1290 train_time:189115ms step_avg:370.09ms
step:512/1290 train_time:189701ms step_avg:370.51ms
step:513/1290 train_time:190288ms step_avg:370.93ms
step:514/1290 train_time:190874ms step_avg:371.35ms
step:515/1290 train_time:191463ms step_avg:371.77ms
step:516/1290 train_time:192048ms step_avg:372.19ms
step:517/1290 train_time:192636ms step_avg:372.60ms
step:518/1290 train_time:193221ms step_avg:373.01ms
step:519/1290 train_time:193811ms step_avg:373.43ms
step:520/1290 train_time:194395ms step_avg:373.84ms
step:521/1290 train_time:194985ms step_avg:374.25ms
step:522/1290 train_time:195569ms step_avg:374.65ms
step:523/1290 train_time:196156ms step_avg:375.06ms
step:524/1290 train_time:196742ms step_avg:375.46ms
step:525/1290 train_time:197329ms step_avg:375.86ms
step:526/1290 train_time:197915ms step_avg:376.26ms
step:527/1290 train_time:198503ms step_avg:376.67ms
step:528/1290 train_time:199088ms step_avg:377.06ms
step:529/1290 train_time:199678ms step_avg:377.46ms
step:530/1290 train_time:200264ms step_avg:377.86ms
step:531/1290 train_time:200852ms step_avg:378.25ms
step:532/1290 train_time:201437ms step_avg:378.64ms
step:533/1290 train_time:202025ms step_avg:379.03ms
step:534/1290 train_time:202611ms step_avg:379.42ms
step:535/1290 train_time:203200ms step_avg:379.81ms
step:536/1290 train_time:203785ms step_avg:380.20ms
step:537/1290 train_time:204373ms step_avg:380.58ms
step:538/1290 train_time:204958ms step_avg:380.96ms
step:539/1290 train_time:205546ms step_avg:381.35ms
step:540/1290 train_time:206131ms step_avg:381.72ms
step:541/1290 train_time:206720ms step_avg:382.11ms
step:542/1290 train_time:207306ms step_avg:382.48ms
step:543/1290 train_time:207893ms step_avg:382.86ms
step:544/1290 train_time:208480ms step_avg:383.23ms
step:545/1290 train_time:209067ms step_avg:383.61ms
step:546/1290 train_time:209652ms step_avg:383.98ms
step:547/1290 train_time:210241ms step_avg:384.35ms
step:548/1290 train_time:210826ms step_avg:384.72ms
step:549/1290 train_time:211414ms step_avg:385.09ms
step:550/1290 train_time:212000ms step_avg:385.45ms
step:551/1290 train_time:212588ms step_avg:385.82ms
step:552/1290 train_time:213173ms step_avg:386.18ms
step:553/1290 train_time:213761ms step_avg:386.55ms
step:554/1290 train_time:214346ms step_avg:386.91ms
step:555/1290 train_time:214934ms step_avg:387.27ms
step:556/1290 train_time:215517ms step_avg:387.62ms
step:557/1290 train_time:216106ms step_avg:387.98ms
step:558/1290 train_time:216689ms step_avg:388.33ms
step:559/1290 train_time:217281ms step_avg:388.70ms
step:560/1290 train_time:217865ms step_avg:389.04ms
step:561/1290 train_time:218455ms step_avg:389.40ms
step:562/1290 train_time:219041ms step_avg:389.75ms
step:563/1290 train_time:219629ms step_avg:390.10ms
step:564/1290 train_time:220217ms step_avg:390.46ms
step:565/1290 train_time:220804ms step_avg:390.80ms
step:566/1290 train_time:221387ms step_avg:391.14ms
step:567/1290 train_time:221977ms step_avg:391.49ms
step:568/1290 train_time:222562ms step_avg:391.84ms
step:569/1290 train_time:223150ms step_avg:392.18ms
step:570/1290 train_time:223735ms step_avg:392.52ms
step:571/1290 train_time:224325ms step_avg:392.86ms
step:572/1290 train_time:224909ms step_avg:393.20ms
step:573/1290 train_time:225498ms step_avg:393.54ms
step:574/1290 train_time:226083ms step_avg:393.87ms
step:575/1290 train_time:226669ms step_avg:394.21ms
step:576/1290 train_time:227255ms step_avg:394.54ms
step:577/1290 train_time:227843ms step_avg:394.87ms
step:578/1290 train_time:228427ms step_avg:395.20ms
step:579/1290 train_time:229015ms step_avg:395.54ms
step:580/1290 train_time:229602ms step_avg:395.87ms
step:581/1290 train_time:230189ms step_avg:396.20ms
step:582/1290 train_time:230775ms step_avg:396.52ms
step:583/1290 train_time:231364ms step_avg:396.85ms
step:584/1290 train_time:231948ms step_avg:397.17ms
step:585/1290 train_time:232536ms step_avg:397.50ms
step:586/1290 train_time:233123ms step_avg:397.82ms
step:587/1290 train_time:233711ms step_avg:398.14ms
step:588/1290 train_time:234297ms step_avg:398.46ms
step:589/1290 train_time:234886ms step_avg:398.79ms
step:590/1290 train_time:235470ms step_avg:399.10ms
step:591/1290 train_time:236058ms step_avg:399.42ms
step:592/1290 train_time:236644ms step_avg:399.74ms
step:593/1290 train_time:237233ms step_avg:400.06ms
step:594/1290 train_time:237818ms step_avg:400.37ms
step:595/1290 train_time:238406ms step_avg:400.68ms
step:596/1290 train_time:238989ms step_avg:400.99ms
step:597/1290 train_time:239579ms step_avg:401.30ms
step:598/1290 train_time:240165ms step_avg:401.61ms
step:599/1290 train_time:240752ms step_avg:401.92ms
step:600/1290 train_time:241337ms step_avg:402.23ms
step:601/1290 train_time:241926ms step_avg:402.54ms
step:602/1290 train_time:242509ms step_avg:402.84ms
step:603/1290 train_time:243099ms step_avg:403.15ms
step:604/1290 train_time:243684ms step_avg:403.45ms
step:605/1290 train_time:244273ms step_avg:403.76ms
step:606/1290 train_time:244857ms step_avg:404.05ms
step:607/1290 train_time:245445ms step_avg:404.36ms
step:608/1290 train_time:246029ms step_avg:404.65ms
step:609/1290 train_time:246617ms step_avg:404.95ms
step:610/1290 train_time:247203ms step_avg:405.25ms
step:611/1290 train_time:247792ms step_avg:405.55ms
step:612/1290 train_time:248378ms step_avg:405.85ms
step:613/1290 train_time:248966ms step_avg:406.14ms
step:614/1290 train_time:249550ms step_avg:406.43ms
step:615/1290 train_time:250138ms step_avg:406.73ms
step:616/1290 train_time:250724ms step_avg:407.02ms
step:617/1290 train_time:251310ms step_avg:407.31ms
step:618/1290 train_time:251895ms step_avg:407.60ms
step:619/1290 train_time:252484ms step_avg:407.89ms
step:620/1290 train_time:253068ms step_avg:408.17ms
step:621/1290 train_time:253655ms step_avg:408.46ms
step:622/1290 train_time:254240ms step_avg:408.75ms
step:623/1290 train_time:254827ms step_avg:409.03ms
step:624/1290 train_time:255411ms step_avg:409.31ms
step:625/1290 train_time:256000ms step_avg:409.60ms
step:626/1290 train_time:256584ms step_avg:409.88ms
step:627/1290 train_time:257173ms step_avg:410.16ms
step:628/1290 train_time:257757ms step_avg:410.44ms
step:629/1290 train_time:258346ms step_avg:410.73ms
step:630/1290 train_time:258930ms step_avg:411.00ms
step:631/1290 train_time:259521ms step_avg:411.28ms
step:632/1290 train_time:260105ms step_avg:411.56ms
step:633/1290 train_time:260691ms step_avg:411.83ms
step:634/1290 train_time:261276ms step_avg:412.11ms
step:635/1290 train_time:261863ms step_avg:412.38ms
step:636/1290 train_time:262448ms step_avg:412.65ms
step:637/1290 train_time:263036ms step_avg:412.93ms
step:638/1290 train_time:263622ms step_avg:413.20ms
step:639/1290 train_time:264210ms step_avg:413.47ms
step:640/1290 train_time:264795ms step_avg:413.74ms
step:641/1290 train_time:265383ms step_avg:414.01ms
step:642/1290 train_time:265968ms step_avg:414.28ms
step:643/1290 train_time:266556ms step_avg:414.55ms
step:644/1290 train_time:267143ms step_avg:414.82ms
step:645/1290 train_time:267729ms step_avg:415.08ms
step:646/1290 train_time:268315ms step_avg:415.35ms
step:647/1290 train_time:268903ms step_avg:415.62ms
step:648/1290 train_time:269488ms step_avg:415.88ms
step:649/1290 train_time:270076ms step_avg:416.14ms
step:650/1290 train_time:270659ms step_avg:416.40ms
step:651/1290 train_time:271249ms step_avg:416.66ms
step:652/1290 train_time:271834ms step_avg:416.92ms
step:653/1290 train_time:272422ms step_avg:417.19ms
step:654/1290 train_time:273007ms step_avg:417.44ms
step:655/1290 train_time:273596ms step_avg:417.70ms
step:656/1290 train_time:274180ms step_avg:417.96ms
step:657/1290 train_time:274767ms step_avg:418.22ms
step:658/1290 train_time:275352ms step_avg:418.47ms
step:659/1290 train_time:275941ms step_avg:418.73ms
step:660/1290 train_time:276530ms step_avg:418.98ms
step:661/1290 train_time:277114ms step_avg:419.23ms
step:662/1290 train_time:277698ms step_avg:419.48ms
step:663/1290 train_time:278286ms step_avg:419.74ms
step:664/1290 train_time:278870ms step_avg:419.99ms
step:665/1290 train_time:279459ms step_avg:420.24ms
step:666/1290 train_time:280043ms step_avg:420.49ms
step:667/1290 train_time:280630ms step_avg:420.73ms
step:668/1290 train_time:281215ms step_avg:420.98ms
step:669/1290 train_time:281803ms step_avg:421.23ms
step:670/1290 train_time:282387ms step_avg:421.47ms
step:671/1290 train_time:282976ms step_avg:421.72ms
step:672/1290 train_time:283559ms step_avg:421.96ms
step:673/1290 train_time:284148ms step_avg:422.21ms
step:674/1290 train_time:284732ms step_avg:422.45ms
step:675/1290 train_time:285320ms step_avg:422.70ms
step:676/1290 train_time:285904ms step_avg:422.93ms
step:677/1290 train_time:286492ms step_avg:423.18ms
step:678/1290 train_time:287077ms step_avg:423.42ms
step:679/1290 train_time:287664ms step_avg:423.66ms
step:680/1290 train_time:288247ms step_avg:423.89ms
step:681/1290 train_time:288836ms step_avg:424.14ms
step:682/1290 train_time:289421ms step_avg:424.37ms
step:683/1290 train_time:290008ms step_avg:424.61ms
step:684/1290 train_time:290592ms step_avg:424.84ms
step:685/1290 train_time:291182ms step_avg:425.08ms
step:686/1290 train_time:291768ms step_avg:425.32ms
step:687/1290 train_time:292355ms step_avg:425.55ms
step:688/1290 train_time:292939ms step_avg:425.78ms
step:689/1290 train_time:293527ms step_avg:426.02ms
step:690/1290 train_time:294110ms step_avg:426.25ms
step:691/1290 train_time:294698ms step_avg:426.48ms
step:692/1290 train_time:295283ms step_avg:426.71ms
step:693/1290 train_time:295871ms step_avg:426.94ms
step:694/1290 train_time:296455ms step_avg:427.17ms
step:695/1290 train_time:297043ms step_avg:427.40ms
step:696/1290 train_time:297628ms step_avg:427.63ms
step:697/1290 train_time:298215ms step_avg:427.86ms
step:698/1290 train_time:298801ms step_avg:428.08ms
step:699/1290 train_time:299388ms step_avg:428.31ms
step:700/1290 train_time:299971ms step_avg:428.53ms
step:701/1290 train_time:300559ms step_avg:428.76ms
step:702/1290 train_time:301144ms step_avg:428.98ms
step:703/1290 train_time:301731ms step_avg:429.21ms
step:704/1290 train_time:302316ms step_avg:429.43ms
step:705/1290 train_time:302904ms step_avg:429.65ms
step:706/1290 train_time:303488ms step_avg:429.87ms
step:707/1290 train_time:304076ms step_avg:430.09ms
step:708/1290 train_time:304660ms step_avg:430.31ms
step:709/1290 train_time:305248ms step_avg:430.53ms
step:710/1290 train_time:305831ms step_avg:430.75ms
step:711/1290 train_time:306418ms step_avg:430.97ms
step:712/1290 train_time:307003ms step_avg:431.18ms
step:713/1290 train_time:307591ms step_avg:431.40ms
step:714/1290 train_time:308175ms step_avg:431.62ms
step:715/1290 train_time:308763ms step_avg:431.84ms
step:716/1290 train_time:309347ms step_avg:432.05ms
step:717/1290 train_time:309936ms step_avg:432.27ms
step:718/1290 train_time:310522ms step_avg:432.48ms
step:719/1290 train_time:311107ms step_avg:432.69ms
step:720/1290 train_time:311691ms step_avg:432.90ms
step:721/1290 train_time:312281ms step_avg:433.12ms
step:722/1290 train_time:312865ms step_avg:433.33ms
step:723/1290 train_time:313452ms step_avg:433.54ms
step:724/1290 train_time:314036ms step_avg:433.75ms
step:725/1290 train_time:314623ms step_avg:433.96ms
step:726/1290 train_time:315208ms step_avg:434.17ms
step:727/1290 train_time:315796ms step_avg:434.38ms
step:728/1290 train_time:316381ms step_avg:434.59ms
step:729/1290 train_time:316968ms step_avg:434.80ms
step:730/1290 train_time:317551ms step_avg:435.00ms
step:731/1290 train_time:318139ms step_avg:435.21ms
step:732/1290 train_time:318724ms step_avg:435.42ms
step:733/1290 train_time:319311ms step_avg:435.62ms
step:734/1290 train_time:319894ms step_avg:435.82ms
step:735/1290 train_time:320483ms step_avg:436.03ms
step:736/1290 train_time:321068ms step_avg:436.23ms
step:737/1290 train_time:321655ms step_avg:436.44ms
step:738/1290 train_time:322239ms step_avg:436.64ms
step:739/1290 train_time:322827ms step_avg:436.84ms
step:740/1290 train_time:323411ms step_avg:437.04ms
step:741/1290 train_time:323999ms step_avg:437.25ms
step:742/1290 train_time:324583ms step_avg:437.44ms
step:743/1290 train_time:325171ms step_avg:437.65ms
step:744/1290 train_time:325755ms step_avg:437.84ms
step:745/1290 train_time:326343ms step_avg:438.04ms
step:746/1290 train_time:326926ms step_avg:438.24ms
step:747/1290 train_time:327514ms step_avg:438.44ms
step:748/1290 train_time:328100ms step_avg:438.64ms
step:749/1290 train_time:328687ms step_avg:438.83ms
step:750/1290 train_time:329271ms step_avg:439.03ms
step:750/1290 val_loss:3.6810 train_time:329360ms step_avg:439.15ms
step:751/1290 train_time:329858ms step_avg:439.22ms
step:752/1290 train_time:330443ms step_avg:439.42ms
step:753/1290 train_time:331029ms step_avg:439.61ms
step:754/1290 train_time:331614ms step_avg:439.81ms
step:755/1290 train_time:332202ms step_avg:440.00ms
step:756/1290 train_time:332787ms step_avg:440.19ms
step:757/1290 train_time:333374ms step_avg:440.39ms
step:758/1290 train_time:333960ms step_avg:440.58ms
step:759/1290 train_time:334546ms step_avg:440.77ms
step:760/1290 train_time:335130ms step_avg:440.96ms
step:761/1290 train_time:335719ms step_avg:441.16ms
step:762/1290 train_time:336302ms step_avg:441.34ms
step:763/1290 train_time:336891ms step_avg:441.53ms
step:764/1290 train_time:337474ms step_avg:441.72ms
step:765/1290 train_time:338063ms step_avg:441.91ms
step:766/1290 train_time:338646ms step_avg:442.10ms
step:767/1290 train_time:339234ms step_avg:442.29ms
step:768/1290 train_time:339819ms step_avg:442.47ms
step:769/1290 train_time:340405ms step_avg:442.66ms
step:770/1290 train_time:340990ms step_avg:442.84ms
step:771/1290 train_time:341577ms step_avg:443.03ms
step:772/1290 train_time:342161ms step_avg:443.21ms
step:773/1290 train_time:342747ms step_avg:443.40ms
step:774/1290 train_time:343331ms step_avg:443.58ms
step:775/1290 train_time:343919ms step_avg:443.77ms
step:776/1290 train_time:344502ms step_avg:443.95ms
step:777/1290 train_time:345091ms step_avg:444.13ms
step:778/1290 train_time:345675ms step_avg:444.31ms
step:779/1290 train_time:346262ms step_avg:444.50ms
step:780/1290 train_time:346845ms step_avg:444.67ms
step:781/1290 train_time:347433ms step_avg:444.86ms
step:782/1290 train_time:348019ms step_avg:445.04ms
step:783/1290 train_time:348606ms step_avg:445.22ms
step:784/1290 train_time:349191ms step_avg:445.40ms
step:785/1290 train_time:349778ms step_avg:445.58ms
step:786/1290 train_time:350361ms step_avg:445.75ms
step:787/1290 train_time:350947ms step_avg:445.93ms
step:788/1290 train_time:351531ms step_avg:446.10ms
step:789/1290 train_time:352119ms step_avg:446.28ms
step:790/1290 train_time:352703ms step_avg:446.46ms
step:791/1290 train_time:353289ms step_avg:446.64ms
step:792/1290 train_time:353873ms step_avg:446.81ms
step:793/1290 train_time:354461ms step_avg:446.99ms
step:794/1290 train_time:355043ms step_avg:447.16ms
step:795/1290 train_time:355630ms step_avg:447.33ms
step:796/1290 train_time:356213ms step_avg:447.50ms
step:797/1290 train_time:356801ms step_avg:447.68ms
step:798/1290 train_time:357385ms step_avg:447.85ms
step:799/1290 train_time:357972ms step_avg:448.02ms
step:800/1290 train_time:358554ms step_avg:448.19ms
step:801/1290 train_time:359144ms step_avg:448.37ms
step:802/1290 train_time:359727ms step_avg:448.54ms
step:803/1290 train_time:360314ms step_avg:448.71ms
step:804/1290 train_time:360899ms step_avg:448.88ms
step:805/1290 train_time:361484ms step_avg:449.05ms
step:806/1290 train_time:362070ms step_avg:449.22ms
step:807/1290 train_time:362655ms step_avg:449.39ms
step:808/1290 train_time:363239ms step_avg:449.55ms
step:809/1290 train_time:363826ms step_avg:449.72ms
step:810/1290 train_time:364408ms step_avg:449.89ms
step:811/1290 train_time:364995ms step_avg:450.06ms
step:812/1290 train_time:365580ms step_avg:450.22ms
step:813/1290 train_time:366166ms step_avg:450.39ms
step:814/1290 train_time:366748ms step_avg:450.55ms
step:815/1290 train_time:367334ms step_avg:450.72ms
step:816/1290 train_time:367919ms step_avg:450.88ms
step:817/1290 train_time:368506ms step_avg:451.05ms
step:818/1290 train_time:369090ms step_avg:451.21ms
step:819/1290 train_time:369678ms step_avg:451.38ms
step:820/1290 train_time:370260ms step_avg:451.54ms
step:821/1290 train_time:370846ms step_avg:451.70ms
step:822/1290 train_time:371428ms step_avg:451.86ms
step:823/1290 train_time:372016ms step_avg:452.02ms
step:824/1290 train_time:372597ms step_avg:452.18ms
step:825/1290 train_time:373183ms step_avg:452.34ms
step:826/1290 train_time:373764ms step_avg:452.50ms
step:827/1290 train_time:374350ms step_avg:452.66ms
step:828/1290 train_time:374933ms step_avg:452.82ms
step:829/1290 train_time:375520ms step_avg:452.98ms
step:830/1290 train_time:376104ms step_avg:453.14ms
step:831/1290 train_time:376689ms step_avg:453.30ms
step:832/1290 train_time:377272ms step_avg:453.45ms
step:833/1290 train_time:377859ms step_avg:453.61ms
step:834/1290 train_time:378683ms step_avg:454.06ms
step:835/1290 train_time:379545ms step_avg:454.55ms
step:836/1290 train_time:380401ms step_avg:455.03ms
step:837/1290 train_time:381262ms step_avg:455.51ms
step:838/1290 train_time:382116ms step_avg:455.99ms
step:839/1290 train_time:382975ms step_avg:456.47ms
step:840/1290 train_time:383834ms step_avg:456.94ms
step:841/1290 train_time:384692ms step_avg:457.42ms
step:842/1290 train_time:385548ms step_avg:457.90ms
step:843/1290 train_time:386408ms step_avg:458.37ms
step:844/1290 train_time:387264ms step_avg:458.84ms
step:845/1290 train_time:388122ms step_avg:459.32ms
step:846/1290 train_time:388980ms step_avg:459.79ms
step:847/1290 train_time:389841ms step_avg:460.26ms
step:848/1290 train_time:390697ms step_avg:460.73ms
step:849/1290 train_time:391555ms step_avg:461.20ms
step:850/1290 train_time:392412ms step_avg:461.66ms
step:851/1290 train_time:393270ms step_avg:462.13ms
step:852/1290 train_time:394128ms step_avg:462.59ms
step:853/1290 train_time:394988ms step_avg:463.06ms
step:854/1290 train_time:395845ms step_avg:463.52ms
step:855/1290 train_time:396705ms step_avg:463.98ms
step:856/1290 train_time:397562ms step_avg:464.44ms
step:857/1290 train_time:398421ms step_avg:464.90ms
step:858/1290 train_time:399278ms step_avg:465.36ms
step:859/1290 train_time:400135ms step_avg:465.81ms
step:860/1290 train_time:400991ms step_avg:466.27ms
step:861/1290 train_time:401851ms step_avg:466.73ms
step:862/1290 train_time:402709ms step_avg:467.18ms
step:863/1290 train_time:403569ms step_avg:467.63ms
step:864/1290 train_time:404424ms step_avg:468.08ms
step:865/1290 train_time:405282ms step_avg:468.53ms
step:866/1290 train_time:406141ms step_avg:468.98ms
step:867/1290 train_time:407001ms step_avg:469.44ms
step:868/1290 train_time:407859ms step_avg:469.88ms
step:869/1290 train_time:408716ms step_avg:470.33ms
step:870/1290 train_time:409573ms step_avg:470.77ms
step:871/1290 train_time:410435ms step_avg:471.22ms
step:872/1290 train_time:411290ms step_avg:471.66ms
step:873/1290 train_time:412149ms step_avg:472.11ms
step:874/1290 train_time:413004ms step_avg:472.54ms
step:875/1290 train_time:413863ms step_avg:472.99ms
step:876/1290 train_time:414719ms step_avg:473.42ms
step:877/1290 train_time:415579ms step_avg:473.86ms
step:878/1290 train_time:416433ms step_avg:474.30ms
step:879/1290 train_time:417292ms step_avg:474.73ms
step:880/1290 train_time:418148ms step_avg:475.17ms
step:881/1290 train_time:419007ms step_avg:475.60ms
step:882/1290 train_time:419863ms step_avg:476.04ms
step:883/1290 train_time:420723ms step_avg:476.47ms
step:884/1290 train_time:421580ms step_avg:476.90ms
step:885/1290 train_time:422440ms step_avg:477.33ms
step:886/1290 train_time:423296ms step_avg:477.76ms
step:887/1290 train_time:424155ms step_avg:478.19ms
step:888/1290 train_time:425011ms step_avg:478.62ms
step:889/1290 train_time:425870ms step_avg:479.04ms
step:890/1290 train_time:426728ms step_avg:479.47ms
step:891/1290 train_time:427587ms step_avg:479.90ms
step:892/1290 train_time:428442ms step_avg:480.32ms
step:893/1290 train_time:429303ms step_avg:480.74ms
step:894/1290 train_time:430161ms step_avg:481.16ms
step:895/1290 train_time:431021ms step_avg:481.59ms
step:896/1290 train_time:431878ms step_avg:482.01ms
step:897/1290 train_time:432735ms step_avg:482.43ms
step:898/1290 train_time:433591ms step_avg:482.84ms
step:899/1290 train_time:434452ms step_avg:483.26ms
step:900/1290 train_time:435308ms step_avg:483.68ms
step:901/1290 train_time:436168ms step_avg:484.09ms
step:902/1290 train_time:437024ms step_avg:484.51ms
step:903/1290 train_time:437882ms step_avg:484.92ms
step:904/1290 train_time:438738ms step_avg:485.33ms
step:905/1290 train_time:439599ms step_avg:485.74ms
step:906/1290 train_time:440455ms step_avg:486.15ms
step:907/1290 train_time:441315ms step_avg:486.57ms
step:908/1290 train_time:442169ms step_avg:486.97ms
step:909/1290 train_time:443029ms step_avg:487.38ms
step:910/1290 train_time:443884ms step_avg:487.78ms
step:911/1290 train_time:444742ms step_avg:488.19ms
step:912/1290 train_time:445601ms step_avg:488.60ms
step:913/1290 train_time:446461ms step_avg:489.00ms
step:914/1290 train_time:447317ms step_avg:489.41ms
step:915/1290 train_time:448176ms step_avg:489.81ms
step:916/1290 train_time:449032ms step_avg:490.21ms
step:917/1290 train_time:449891ms step_avg:490.61ms
step:918/1290 train_time:450748ms step_avg:491.01ms
step:919/1290 train_time:451605ms step_avg:491.41ms
step:920/1290 train_time:452458ms step_avg:491.80ms
step:921/1290 train_time:453318ms step_avg:492.20ms
step:922/1290 train_time:454176ms step_avg:492.60ms
step:923/1290 train_time:455034ms step_avg:492.99ms
step:924/1290 train_time:455888ms step_avg:493.39ms
step:925/1290 train_time:456749ms step_avg:493.78ms
step:926/1290 train_time:457604ms step_avg:494.17ms
step:927/1290 train_time:458463ms step_avg:494.57ms
step:928/1290 train_time:459317ms step_avg:494.95ms
step:929/1290 train_time:460176ms step_avg:495.35ms
step:930/1290 train_time:461035ms step_avg:495.74ms
step:931/1290 train_time:461894ms step_avg:496.13ms
step:932/1290 train_time:462749ms step_avg:496.51ms
step:933/1290 train_time:463609ms step_avg:496.90ms
step:934/1290 train_time:464465ms step_avg:497.29ms
step:935/1290 train_time:465324ms step_avg:497.67ms
step:936/1290 train_time:466180ms step_avg:498.06ms
step:937/1290 train_time:467042ms step_avg:498.44ms
step:938/1290 train_time:467897ms step_avg:498.82ms
step:939/1290 train_time:468754ms step_avg:499.21ms
step:940/1290 train_time:469610ms step_avg:499.58ms
step:941/1290 train_time:470469ms step_avg:499.97ms
step:942/1290 train_time:471327ms step_avg:500.35ms
step:943/1290 train_time:472185ms step_avg:500.73ms
step:944/1290 train_time:473042ms step_avg:501.10ms
step:945/1290 train_time:473903ms step_avg:501.49ms
step:946/1290 train_time:474758ms step_avg:501.86ms
step:947/1290 train_time:475618ms step_avg:502.24ms
step:948/1290 train_time:476475ms step_avg:502.61ms
step:949/1290 train_time:477335ms step_avg:502.99ms
step:950/1290 train_time:478188ms step_avg:503.36ms
step:951/1290 train_time:479050ms step_avg:503.73ms
step:952/1290 train_time:479904ms step_avg:504.10ms
step:953/1290 train_time:480762ms step_avg:504.47ms
step:954/1290 train_time:481617ms step_avg:504.84ms
step:955/1290 train_time:482476ms step_avg:505.21ms
step:956/1290 train_time:483331ms step_avg:505.58ms
step:957/1290 train_time:484191ms step_avg:505.95ms
step:958/1290 train_time:485049ms step_avg:506.31ms
step:959/1290 train_time:485908ms step_avg:506.68ms
step:960/1290 train_time:486762ms step_avg:507.04ms
step:961/1290 train_time:487623ms step_avg:507.41ms
step:962/1290 train_time:488479ms step_avg:507.77ms
step:963/1290 train_time:489337ms step_avg:508.14ms
step:964/1290 train_time:490191ms step_avg:508.50ms
step:965/1290 train_time:491051ms step_avg:508.86ms
step:966/1290 train_time:491907ms step_avg:509.22ms
step:967/1290 train_time:492765ms step_avg:509.58ms
step:968/1290 train_time:493620ms step_avg:509.94ms
step:969/1290 train_time:494478ms step_avg:510.30ms
step:970/1290 train_time:495334ms step_avg:510.65ms
step:971/1290 train_time:496194ms step_avg:511.01ms
step:972/1290 train_time:497048ms step_avg:511.37ms
step:973/1290 train_time:497908ms step_avg:511.72ms
step:974/1290 train_time:498762ms step_avg:512.08ms
step:975/1290 train_time:499622ms step_avg:512.43ms
step:976/1290 train_time:500476ms step_avg:512.78ms
step:977/1290 train_time:501334ms step_avg:513.14ms
step:978/1290 train_time:502189ms step_avg:513.49ms
step:979/1290 train_time:503048ms step_avg:513.84ms
step:980/1290 train_time:503905ms step_avg:514.19ms
step:981/1290 train_time:504763ms step_avg:514.54ms
step:982/1290 train_time:505617ms step_avg:514.88ms
step:983/1290 train_time:506475ms step_avg:515.23ms
step:984/1290 train_time:507330ms step_avg:515.58ms
step:985/1290 train_time:508188ms step_avg:515.93ms
step:986/1290 train_time:509043ms step_avg:516.27ms
step:987/1290 train_time:509900ms step_avg:516.62ms
step:988/1290 train_time:510753ms step_avg:516.96ms
step:989/1290 train_time:511615ms step_avg:517.31ms
step:990/1290 train_time:512470ms step_avg:517.65ms
step:991/1290 train_time:513331ms step_avg:517.99ms
step:992/1290 train_time:514185ms step_avg:518.33ms
step:993/1290 train_time:515045ms step_avg:518.68ms
step:994/1290 train_time:515899ms step_avg:519.01ms
step:995/1290 train_time:516758ms step_avg:519.35ms
step:996/1290 train_time:517611ms step_avg:519.69ms
step:997/1290 train_time:518471ms step_avg:520.03ms
step:998/1290 train_time:519326ms step_avg:520.37ms
step:999/1290 train_time:520184ms step_avg:520.70ms
step:1000/1290 train_time:521039ms step_avg:521.04ms
step:1000/1290 val_loss:3.4131 train_time:521164ms step_avg:521.16ms
step:1001/1290 train_time:521899ms step_avg:521.38ms
step:1002/1290 train_time:522754ms step_avg:521.71ms
step:1003/1290 train_time:523610ms step_avg:522.04ms
step:1004/1290 train_time:524465ms step_avg:522.38ms
step:1005/1290 train_time:525322ms step_avg:522.71ms
step:1006/1290 train_time:526180ms step_avg:523.04ms
step:1007/1290 train_time:527036ms step_avg:523.37ms
step:1008/1290 train_time:527891ms step_avg:523.70ms
step:1009/1290 train_time:528748ms step_avg:524.03ms
step:1010/1290 train_time:529602ms step_avg:524.36ms
step:1011/1290 train_time:530460ms step_avg:524.69ms
step:1012/1290 train_time:531316ms step_avg:525.02ms
step:1013/1290 train_time:532175ms step_avg:525.35ms
step:1014/1290 train_time:533028ms step_avg:525.67ms
step:1015/1290 train_time:533887ms step_avg:526.00ms
step:1016/1290 train_time:534740ms step_avg:526.32ms
step:1017/1290 train_time:535597ms step_avg:526.64ms
step:1018/1290 train_time:536453ms step_avg:526.97ms
step:1019/1290 train_time:537313ms step_avg:527.29ms
step:1020/1290 train_time:538167ms step_avg:527.62ms
step:1021/1290 train_time:539026ms step_avg:527.94ms
step:1022/1290 train_time:539882ms step_avg:528.26ms
step:1023/1290 train_time:540741ms step_avg:528.58ms
step:1024/1290 train_time:541597ms step_avg:528.90ms
step:1025/1290 train_time:542457ms step_avg:529.23ms
step:1026/1290 train_time:543312ms step_avg:529.54ms
step:1027/1290 train_time:544171ms step_avg:529.86ms
step:1028/1290 train_time:545023ms step_avg:530.18ms
step:1029/1290 train_time:545885ms step_avg:530.50ms
step:1030/1290 train_time:546739ms step_avg:530.81ms
step:1031/1290 train_time:547598ms step_avg:531.13ms
step:1032/1290 train_time:548454ms step_avg:531.45ms
step:1033/1290 train_time:549313ms step_avg:531.77ms
step:1034/1290 train_time:550170ms step_avg:532.08ms
step:1035/1290 train_time:551027ms step_avg:532.39ms
step:1036/1290 train_time:551883ms step_avg:532.71ms
step:1037/1290 train_time:552740ms step_avg:533.02ms
step:1038/1290 train_time:553598ms step_avg:533.33ms
step:1039/1290 train_time:554458ms step_avg:533.65ms
step:1040/1290 train_time:555314ms step_avg:533.96ms
step:1041/1290 train_time:556174ms step_avg:534.27ms
step:1042/1290 train_time:557027ms step_avg:534.58ms
step:1043/1290 train_time:557886ms step_avg:534.89ms
step:1044/1290 train_time:558741ms step_avg:535.19ms
step:1045/1290 train_time:559598ms step_avg:535.50ms
step:1046/1290 train_time:560454ms step_avg:535.81ms
step:1047/1290 train_time:561314ms step_avg:536.12ms
step:1048/1290 train_time:562169ms step_avg:536.42ms
step:1049/1290 train_time:563025ms step_avg:536.73ms
step:1050/1290 train_time:563880ms step_avg:537.03ms
step:1051/1290 train_time:564739ms step_avg:537.33ms
step:1052/1290 train_time:565594ms step_avg:537.64ms
step:1053/1290 train_time:566454ms step_avg:537.94ms
step:1054/1290 train_time:567307ms step_avg:538.24ms
step:1055/1290 train_time:568165ms step_avg:538.55ms
step:1056/1290 train_time:569020ms step_avg:538.84ms
step:1057/1290 train_time:569880ms step_avg:539.15ms
step:1058/1290 train_time:570735ms step_avg:539.45ms
step:1059/1290 train_time:571593ms step_avg:539.75ms
step:1060/1290 train_time:572447ms step_avg:540.04ms
step:1061/1290 train_time:573304ms step_avg:540.34ms
step:1062/1290 train_time:574160ms step_avg:540.64ms
step:1063/1290 train_time:575019ms step_avg:540.94ms
step:1064/1290 train_time:575873ms step_avg:541.23ms
step:1065/1290 train_time:576732ms step_avg:541.53ms
step:1066/1290 train_time:577585ms step_avg:541.82ms
step:1067/1290 train_time:578443ms step_avg:542.12ms
step:1068/1290 train_time:579297ms step_avg:542.41ms
step:1069/1290 train_time:580155ms step_avg:542.71ms
step:1070/1290 train_time:581009ms step_avg:543.00ms
step:1071/1290 train_time:581868ms step_avg:543.29ms
step:1072/1290 train_time:582721ms step_avg:543.58ms
step:1073/1290 train_time:583581ms step_avg:543.88ms
step:1074/1290 train_time:584437ms step_avg:544.17ms
step:1075/1290 train_time:585296ms step_avg:544.46ms
step:1076/1290 train_time:586154ms step_avg:544.75ms
step:1077/1290 train_time:587012ms step_avg:545.04ms
step:1078/1290 train_time:587869ms step_avg:545.33ms
step:1079/1290 train_time:588725ms step_avg:545.62ms
step:1080/1290 train_time:589582ms step_avg:545.91ms
step:1081/1290 train_time:590439ms step_avg:546.20ms
step:1082/1290 train_time:591295ms step_avg:546.48ms
step:1083/1290 train_time:592153ms step_avg:546.77ms
step:1084/1290 train_time:593007ms step_avg:547.05ms
step:1085/1290 train_time:593863ms step_avg:547.34ms
step:1086/1290 train_time:594718ms step_avg:547.62ms
step:1087/1290 train_time:595576ms step_avg:547.91ms
step:1088/1290 train_time:596429ms step_avg:548.19ms
step:1089/1290 train_time:597289ms step_avg:548.47ms
step:1090/1290 train_time:598141ms step_avg:548.75ms
step:1091/1290 train_time:598998ms step_avg:549.04ms
step:1092/1290 train_time:599853ms step_avg:549.32ms
step:1093/1290 train_time:600711ms step_avg:549.60ms
step:1094/1290 train_time:601567ms step_avg:549.88ms
step:1095/1290 train_time:602424ms step_avg:550.16ms
step:1096/1290 train_time:603279ms step_avg:550.44ms
step:1097/1290 train_time:604136ms step_avg:550.72ms
step:1098/1290 train_time:604989ms step_avg:550.99ms
step:1099/1290 train_time:605846ms step_avg:551.27ms
step:1100/1290 train_time:606700ms step_avg:551.55ms
step:1101/1290 train_time:607559ms step_avg:551.82ms
step:1102/1290 train_time:608413ms step_avg:552.10ms
step:1103/1290 train_time:609271ms step_avg:552.38ms
step:1104/1290 train_time:610124ms step_avg:552.65ms
step:1105/1290 train_time:610982ms step_avg:552.92ms
step:1106/1290 train_time:611836ms step_avg:553.20ms
step:1107/1290 train_time:612696ms step_avg:553.47ms
step:1108/1290 train_time:613549ms step_avg:553.74ms
step:1109/1290 train_time:614407ms step_avg:554.02ms
step:1110/1290 train_time:615260ms step_avg:554.29ms
step:1111/1290 train_time:616117ms step_avg:554.56ms
step:1112/1290 train_time:616974ms step_avg:554.83ms
step:1113/1290 train_time:617833ms step_avg:555.11ms
step:1114/1290 train_time:618688ms step_avg:555.38ms
step:1115/1290 train_time:619545ms step_avg:555.65ms
step:1116/1290 train_time:620402ms step_avg:555.92ms
step:1117/1290 train_time:621262ms step_avg:556.19ms
step:1118/1290 train_time:622117ms step_avg:556.46ms
step:1119/1290 train_time:622975ms step_avg:556.72ms
step:1120/1290 train_time:623829ms step_avg:556.99ms
step:1121/1290 train_time:624689ms step_avg:557.26ms
step:1122/1290 train_time:625542ms step_avg:557.52ms
step:1123/1290 train_time:626402ms step_avg:557.79ms
step:1124/1290 train_time:627256ms step_avg:558.06ms
step:1125/1290 train_time:628114ms step_avg:558.32ms
step:1126/1290 train_time:628969ms step_avg:558.59ms
step:1127/1290 train_time:629828ms step_avg:558.85ms
step:1128/1290 train_time:630682ms step_avg:559.12ms
step:1129/1290 train_time:631540ms step_avg:559.38ms
step:1130/1290 train_time:632396ms step_avg:559.64ms
step:1131/1290 train_time:633256ms step_avg:559.91ms
step:1132/1290 train_time:634112ms step_avg:560.17ms
step:1133/1290 train_time:634970ms step_avg:560.43ms
step:1134/1290 train_time:635824ms step_avg:560.69ms
step:1135/1290 train_time:636682ms step_avg:560.95ms
step:1136/1290 train_time:637536ms step_avg:561.21ms
step:1137/1290 train_time:638396ms step_avg:561.47ms
step:1138/1290 train_time:639249ms step_avg:561.73ms
step:1139/1290 train_time:640108ms step_avg:561.99ms
step:1140/1290 train_time:640963ms step_avg:562.25ms
step:1141/1290 train_time:641822ms step_avg:562.51ms
step:1142/1290 train_time:642676ms step_avg:562.76ms
step:1143/1290 train_time:643534ms step_avg:563.02ms
step:1144/1290 train_time:644389ms step_avg:563.28ms
step:1145/1290 train_time:645246ms step_avg:563.53ms
step:1146/1290 train_time:646103ms step_avg:563.79ms
step:1147/1290 train_time:646958ms step_avg:564.04ms
step:1148/1290 train_time:647814ms step_avg:564.30ms
step:1149/1290 train_time:648671ms step_avg:564.55ms
step:1150/1290 train_time:649524ms step_avg:564.80ms
step:1151/1290 train_time:650383ms step_avg:565.06ms
step:1152/1290 train_time:651239ms step_avg:565.31ms
step:1153/1290 train_time:652096ms step_avg:565.56ms
step:1154/1290 train_time:652950ms step_avg:565.81ms
step:1155/1290 train_time:653808ms step_avg:566.07ms
step:1156/1290 train_time:654663ms step_avg:566.32ms
step:1157/1290 train_time:655520ms step_avg:566.57ms
step:1158/1290 train_time:656375ms step_avg:566.82ms
step:1159/1290 train_time:657232ms step_avg:567.07ms
step:1160/1290 train_time:658085ms step_avg:567.31ms
step:1161/1290 train_time:658942ms step_avg:567.56ms
step:1162/1290 train_time:659799ms step_avg:567.81ms
step:1163/1290 train_time:660660ms step_avg:568.06ms
step:1164/1290 train_time:661515ms step_avg:568.31ms
step:1165/1290 train_time:662373ms step_avg:568.56ms
step:1166/1290 train_time:663225ms step_avg:568.80ms
step:1167/1290 train_time:664084ms step_avg:569.05ms
step:1168/1290 train_time:664941ms step_avg:569.30ms
step:1169/1290 train_time:665799ms step_avg:569.55ms
step:1170/1290 train_time:666654ms step_avg:569.79ms
step:1171/1290 train_time:667510ms step_avg:570.03ms
step:1172/1290 train_time:668363ms step_avg:570.28ms
step:1173/1290 train_time:669220ms step_avg:570.52ms
step:1174/1290 train_time:670075ms step_avg:570.76ms
step:1175/1290 train_time:670932ms step_avg:571.01ms
step:1176/1290 train_time:671786ms step_avg:571.25ms
step:1177/1290 train_time:672644ms step_avg:571.49ms
step:1178/1290 train_time:673500ms step_avg:571.73ms
step:1179/1290 train_time:674357ms step_avg:571.97ms
step:1180/1290 train_time:675214ms step_avg:572.21ms
step:1181/1290 train_time:676068ms step_avg:572.45ms
step:1182/1290 train_time:676920ms step_avg:572.69ms
step:1183/1290 train_time:677778ms step_avg:572.93ms
step:1184/1290 train_time:678629ms step_avg:573.17ms
step:1185/1290 train_time:679487ms step_avg:573.41ms
step:1186/1290 train_time:680341ms step_avg:573.64ms
step:1187/1290 train_time:681199ms step_avg:573.88ms
step:1188/1290 train_time:682055ms step_avg:574.12ms
step:1189/1290 train_time:682913ms step_avg:574.36ms
step:1190/1290 train_time:683769ms step_avg:574.60ms
step:1191/1290 train_time:684626ms step_avg:574.83ms
step:1192/1290 train_time:685483ms step_avg:575.07ms
step:1193/1290 train_time:686340ms step_avg:575.31ms
step:1194/1290 train_time:687195ms step_avg:575.54ms
step:1195/1290 train_time:688054ms step_avg:575.78ms
step:1196/1290 train_time:688907ms step_avg:576.01ms
step:1197/1290 train_time:689766ms step_avg:576.25ms
step:1198/1290 train_time:690619ms step_avg:576.48ms
step:1199/1290 train_time:691478ms step_avg:576.71ms
step:1200/1290 train_time:692331ms step_avg:576.94ms
step:1201/1290 train_time:693190ms step_avg:577.18ms
step:1202/1290 train_time:694043ms step_avg:577.41ms
step:1203/1290 train_time:694901ms step_avg:577.64ms
step:1204/1290 train_time:695757ms step_avg:577.87ms
step:1205/1290 train_time:696616ms step_avg:578.10ms
step:1206/1290 train_time:697471ms step_avg:578.33ms
step:1207/1290 train_time:698328ms step_avg:578.56ms
step:1208/1290 train_time:699181ms step_avg:578.79ms
step:1209/1290 train_time:700038ms step_avg:579.02ms
step:1210/1290 train_time:700891ms step_avg:579.25ms
step:1211/1290 train_time:701749ms step_avg:579.48ms
step:1212/1290 train_time:702603ms step_avg:579.71ms
step:1213/1290 train_time:703461ms step_avg:579.93ms
step:1214/1290 train_time:704317ms step_avg:580.16ms
step:1215/1290 train_time:705177ms step_avg:580.39ms
step:1216/1290 train_time:706031ms step_avg:580.62ms
step:1217/1290 train_time:706891ms step_avg:580.85ms
step:1218/1290 train_time:707744ms step_avg:581.07ms
step:1219/1290 train_time:708602ms step_avg:581.30ms
step:1220/1290 train_time:709458ms step_avg:581.52ms
step:1221/1290 train_time:710317ms step_avg:581.75ms
step:1222/1290 train_time:711171ms step_avg:581.97ms
step:1223/1290 train_time:712030ms step_avg:582.20ms
step:1224/1290 train_time:712885ms step_avg:582.42ms
step:1225/1290 train_time:713742ms step_avg:582.65ms
step:1226/1290 train_time:714599ms step_avg:582.87ms
step:1227/1290 train_time:715458ms step_avg:583.10ms
step:1228/1290 train_time:716312ms step_avg:583.32ms
step:1229/1290 train_time:717170ms step_avg:583.54ms
step:1230/1290 train_time:718024ms step_avg:583.76ms
step:1231/1290 train_time:718883ms step_avg:583.98ms
step:1232/1290 train_time:719738ms step_avg:584.20ms
step:1233/1290 train_time:720598ms step_avg:584.43ms
step:1234/1290 train_time:721452ms step_avg:584.65ms
step:1235/1290 train_time:722311ms step_avg:584.87ms
step:1236/1290 train_time:723166ms step_avg:585.09ms
step:1237/1290 train_time:724024ms step_avg:585.31ms
step:1238/1290 train_time:724883ms step_avg:585.53ms
step:1239/1290 train_time:725740ms step_avg:585.75ms
step:1240/1290 train_time:726599ms step_avg:585.97ms
step:1241/1290 train_time:727457ms step_avg:586.19ms
step:1242/1290 train_time:728311ms step_avg:586.40ms
step:1243/1290 train_time:729170ms step_avg:586.62ms
step:1244/1290 train_time:730022ms step_avg:586.83ms
step:1245/1290 train_time:730880ms step_avg:587.05ms
step:1246/1290 train_time:731735ms step_avg:587.27ms
step:1247/1290 train_time:732592ms step_avg:587.48ms
step:1248/1290 train_time:733445ms step_avg:587.70ms
step:1249/1290 train_time:734305ms step_avg:587.91ms
step:1250/1290 train_time:735160ms step_avg:588.13ms
step:1250/1290 val_loss:3.2929 train_time:735290ms step_avg:588.23ms
step:1251/1290 train_time:736033ms step_avg:588.36ms
step:1252/1290 train_time:736895ms step_avg:588.57ms
step:1253/1290 train_time:737759ms step_avg:588.79ms
step:1254/1290 train_time:738621ms step_avg:589.01ms
step:1255/1290 train_time:739481ms step_avg:589.23ms
step:1256/1290 train_time:740340ms step_avg:589.44ms
step:1257/1290 train_time:741201ms step_avg:589.66ms
step:1258/1290 train_time:742060ms step_avg:589.87ms
step:1259/1290 train_time:742923ms step_avg:590.09ms
step:1260/1290 train_time:743780ms step_avg:590.30ms
step:1261/1290 train_time:744641ms step_avg:590.52ms
step:1262/1290 train_time:745499ms step_avg:590.73ms
step:1263/1290 train_time:746363ms step_avg:590.94ms
step:1264/1290 train_time:747220ms step_avg:591.16ms
step:1265/1290 train_time:748081ms step_avg:591.37ms
step:1266/1290 train_time:748941ms step_avg:591.58ms
step:1267/1290 train_time:749804ms step_avg:591.79ms
step:1268/1290 train_time:750665ms step_avg:592.01ms
step:1269/1290 train_time:751528ms step_avg:592.22ms
step:1270/1290 train_time:752388ms step_avg:592.43ms
step:1271/1290 train_time:753249ms step_avg:592.64ms
step:1272/1290 train_time:754107ms step_avg:592.85ms
step:1273/1290 train_time:754971ms step_avg:593.06ms
step:1274/1290 train_time:755828ms step_avg:593.27ms
step:1275/1290 train_time:756693ms step_avg:593.48ms
step:1276/1290 train_time:757551ms step_avg:593.69ms
step:1277/1290 train_time:758413ms step_avg:593.90ms
step:1278/1290 train_time:759273ms step_avg:594.11ms
step:1279/1290 train_time:760134ms step_avg:594.32ms
step:1280/1290 train_time:760994ms step_avg:594.53ms
step:1281/1290 train_time:761855ms step_avg:594.73ms
step:1282/1290 train_time:762712ms step_avg:594.94ms
step:1283/1290 train_time:763573ms step_avg:595.15ms
step:1284/1290 train_time:764432ms step_avg:595.35ms
step:1285/1290 train_time:765295ms step_avg:595.56ms
step:1286/1290 train_time:766154ms step_avg:595.77ms
step:1287/1290 train_time:767015ms step_avg:595.97ms
step:1288/1290 train_time:767874ms step_avg:596.18ms
step:1289/1290 train_time:768734ms step_avg:596.38ms
step:1290/1290 train_time:769595ms step_avg:596.59ms
step:1290/1290 val_loss:3.2772 train_time:769790ms step_avg:596.74ms
peak memory allocated: 39582 MiB reserved: 51240 MiB
