[Gloo] Rank 0 is connected to 0 peer ranks. Expected number of connected peer ranks is : 0
You are using version 1 of 'kernels-community/flash-attn3', but version 2 is available.
Fetching 8 files:   0%|          | 0/8 [00:00<?, ?it/s]Fetching 8 files: 100%|██████████| 8/8 [00:00<00:00, 1548.28it/s]
logs/adc39fff-b14e-4c1b-b363-75a7b7d15df6.txt
Compiling model and warming up kernels (~7 minutes on first execution)
Sampling steps [0, 1, 415, 416, 417, 418, 831, 832, 833, 834, 1248, 1249, 1250, 1251] for warmup
Resetting Model
vocab stats: counted 20,000,000 tokens of fineweb_train_000001.bin in 78ms, 895 token ids unseen
vocab stats: most frequent tokens ['.', ',', ' the', '\n', ' and', ' to', ' of', ' a']
adaptive softmax coverage: head 16382 tokens 93.45%, cluster 1 16384 tokens 4.97%, cluster 2 17491 tokens 1.58%
step:0/1410 val_loss:10.3761 train_time:291ms step_avg:290.60ms
step:1/1410 train_time:573ms step_avg:572.63ms
step:2/1410 train_time:865ms step_avg:432.44ms
step:3/1410 train_time:1164ms step_avg:388.03ms
step:4/1410 train_time:1466ms step_avg:366.49ms
step:5/1410 train_time:1766ms step_avg:353.20ms
step:6/1410 train_time:2062ms step_avg:343.69ms
step:7/1410 train_time:2366ms step_avg:337.93ms
step:8/1410 train_time:2664ms step_avg:332.97ms
step:9/1410 train_time:2965ms step_avg:329.39ms
step:10/1410 train_time:3263ms step_avg:326.31ms
step:11/1410 train_time:3567ms step_avg:324.31ms
step:12/1410 train_time:3865ms step_avg:322.07ms
step:13/1410 train_time:4166ms step_avg:320.50ms
step:14/1410 train_time:4466ms step_avg:319.01ms
step:15/1410 train_time:4768ms step_avg:317.90ms
step:16/1410 train_time:5066ms step_avg:316.63ms
step:17/1410 train_time:5369ms step_avg:315.85ms
step:18/1410 train_time:5668ms step_avg:314.89ms
step:19/1410 train_time:5971ms step_avg:314.24ms
step:20/1410 train_time:6269ms step_avg:313.45ms
step:21/1410 train_time:6572ms step_avg:312.96ms
step:22/1410 train_time:6871ms step_avg:312.30ms
step:23/1410 train_time:7173ms step_avg:311.89ms
step:24/1410 train_time:7471ms step_avg:311.30ms
step:25/1410 train_time:7774ms step_avg:310.96ms
step:26/1410 train_time:8072ms step_avg:310.47ms
step:27/1410 train_time:8375ms step_avg:310.19ms
step:28/1410 train_time:8674ms step_avg:309.77ms
step:29/1410 train_time:8976ms step_avg:309.51ms
step:30/1410 train_time:9274ms step_avg:309.13ms
step:31/1410 train_time:9576ms step_avg:308.91ms
step:32/1410 train_time:9875ms step_avg:308.58ms
step:33/1410 train_time:10177ms step_avg:308.40ms
step:34/1410 train_time:10475ms step_avg:308.09ms
step:35/1410 train_time:10778ms step_avg:307.94ms
step:36/1410 train_time:11076ms step_avg:307.67ms
step:37/1410 train_time:11378ms step_avg:307.52ms
step:38/1410 train_time:11676ms step_avg:307.26ms
step:39/1410 train_time:11979ms step_avg:307.16ms
step:40/1410 train_time:12277ms step_avg:306.93ms
step:41/1410 train_time:12580ms step_avg:306.82ms
step:42/1410 train_time:12878ms step_avg:306.62ms
step:43/1410 train_time:13180ms step_avg:306.52ms
step:44/1410 train_time:13480ms step_avg:306.35ms
step:45/1410 train_time:13782ms step_avg:306.27ms
step:46/1410 train_time:14082ms step_avg:306.12ms
step:47/1410 train_time:14385ms step_avg:306.06ms
step:48/1410 train_time:14685ms step_avg:305.94ms
step:49/1410 train_time:14988ms step_avg:305.88ms
step:50/1410 train_time:15287ms step_avg:305.75ms
step:51/1410 train_time:15591ms step_avg:305.71ms
step:52/1410 train_time:15890ms step_avg:305.58ms
step:53/1410 train_time:16194ms step_avg:305.54ms
step:54/1410 train_time:16493ms step_avg:305.42ms
step:55/1410 train_time:16796ms step_avg:305.38ms
step:56/1410 train_time:17094ms step_avg:305.26ms
step:57/1410 train_time:17398ms step_avg:305.23ms
step:58/1410 train_time:17697ms step_avg:305.12ms
step:59/1410 train_time:18000ms step_avg:305.08ms
step:60/1410 train_time:18299ms step_avg:304.98ms
step:61/1410 train_time:18602ms step_avg:304.96ms
step:62/1410 train_time:18902ms step_avg:304.87ms
step:63/1410 train_time:19205ms step_avg:304.85ms
step:64/1410 train_time:19505ms step_avg:304.77ms
step:65/1410 train_time:19810ms step_avg:304.76ms
step:66/1410 train_time:20109ms step_avg:304.68ms
step:67/1410 train_time:20412ms step_avg:304.65ms
step:68/1410 train_time:20712ms step_avg:304.59ms
step:69/1410 train_time:21015ms step_avg:304.57ms
step:70/1410 train_time:21314ms step_avg:304.49ms
step:71/1410 train_time:21618ms step_avg:304.48ms
step:72/1410 train_time:21917ms step_avg:304.40ms
step:73/1410 train_time:22220ms step_avg:304.38ms
step:74/1410 train_time:22519ms step_avg:304.31ms
step:75/1410 train_time:22822ms step_avg:304.30ms
step:76/1410 train_time:23122ms step_avg:304.23ms
step:77/1410 train_time:23425ms step_avg:304.23ms
step:78/1410 train_time:23726ms step_avg:304.17ms
step:79/1410 train_time:24029ms step_avg:304.16ms
step:80/1410 train_time:24329ms step_avg:304.11ms
step:81/1410 train_time:24632ms step_avg:304.10ms
step:82/1410 train_time:24932ms step_avg:304.05ms
step:83/1410 train_time:25235ms step_avg:304.04ms
step:84/1410 train_time:25535ms step_avg:303.99ms
step:85/1410 train_time:25839ms step_avg:303.99ms
step:86/1410 train_time:26138ms step_avg:303.93ms
step:87/1410 train_time:26442ms step_avg:303.93ms
step:88/1410 train_time:26742ms step_avg:303.88ms
step:89/1410 train_time:27046ms step_avg:303.89ms
step:90/1410 train_time:27346ms step_avg:303.84ms
step:91/1410 train_time:27651ms step_avg:303.85ms
step:92/1410 train_time:27950ms step_avg:303.81ms
step:93/1410 train_time:28254ms step_avg:303.80ms
step:94/1410 train_time:28553ms step_avg:303.76ms
step:95/1410 train_time:28858ms step_avg:303.76ms
step:96/1410 train_time:29157ms step_avg:303.72ms
step:97/1410 train_time:29460ms step_avg:303.72ms
step:98/1410 train_time:29760ms step_avg:303.67ms
step:99/1410 train_time:30064ms step_avg:303.68ms
step:100/1410 train_time:30364ms step_avg:303.64ms
step:101/1410 train_time:30668ms step_avg:303.65ms
step:102/1410 train_time:30969ms step_avg:303.61ms
step:103/1410 train_time:31273ms step_avg:303.62ms
step:104/1410 train_time:31573ms step_avg:303.58ms
step:105/1410 train_time:31877ms step_avg:303.59ms
step:106/1410 train_time:32176ms step_avg:303.54ms
step:107/1410 train_time:32479ms step_avg:303.54ms
step:108/1410 train_time:32779ms step_avg:303.51ms
step:109/1410 train_time:33083ms step_avg:303.51ms
step:110/1410 train_time:33382ms step_avg:303.48ms
step:111/1410 train_time:33687ms step_avg:303.49ms
step:112/1410 train_time:33987ms step_avg:303.46ms
step:113/1410 train_time:34291ms step_avg:303.46ms
step:114/1410 train_time:34592ms step_avg:303.44ms
step:115/1410 train_time:34896ms step_avg:303.44ms
step:116/1410 train_time:35195ms step_avg:303.40ms
step:117/1410 train_time:35500ms step_avg:303.42ms
step:118/1410 train_time:35800ms step_avg:303.39ms
step:119/1410 train_time:36103ms step_avg:303.38ms
step:120/1410 train_time:36404ms step_avg:303.36ms
step:121/1410 train_time:36708ms step_avg:303.37ms
step:122/1410 train_time:37008ms step_avg:303.34ms
step:123/1410 train_time:37312ms step_avg:303.35ms
step:124/1410 train_time:37613ms step_avg:303.33ms
step:125/1410 train_time:37917ms step_avg:303.34ms
step:126/1410 train_time:38216ms step_avg:303.30ms
step:127/1410 train_time:38520ms step_avg:303.31ms
step:128/1410 train_time:38820ms step_avg:303.28ms
step:129/1410 train_time:39124ms step_avg:303.28ms
step:130/1410 train_time:39424ms step_avg:303.26ms
step:131/1410 train_time:39729ms step_avg:303.28ms
step:132/1410 train_time:40029ms step_avg:303.25ms
step:133/1410 train_time:40334ms step_avg:303.26ms
step:134/1410 train_time:40634ms step_avg:303.24ms
step:135/1410 train_time:40939ms step_avg:303.25ms
step:136/1410 train_time:41239ms step_avg:303.23ms
step:137/1410 train_time:41543ms step_avg:303.23ms
step:138/1410 train_time:41843ms step_avg:303.21ms
step:139/1410 train_time:42147ms step_avg:303.22ms
step:140/1410 train_time:42448ms step_avg:303.20ms
step:141/1410 train_time:42752ms step_avg:303.21ms
step:142/1410 train_time:43052ms step_avg:303.18ms
step:143/1410 train_time:43357ms step_avg:303.19ms
step:144/1410 train_time:43657ms step_avg:303.17ms
step:145/1410 train_time:43961ms step_avg:303.18ms
step:146/1410 train_time:44261ms step_avg:303.16ms
step:147/1410 train_time:44566ms step_avg:303.17ms
step:148/1410 train_time:44866ms step_avg:303.15ms
step:149/1410 train_time:45171ms step_avg:303.16ms
step:150/1410 train_time:45472ms step_avg:303.14ms
step:151/1410 train_time:45776ms step_avg:303.15ms
step:152/1410 train_time:46076ms step_avg:303.13ms
step:153/1410 train_time:46380ms step_avg:303.14ms
step:154/1410 train_time:46680ms step_avg:303.12ms
step:155/1410 train_time:46984ms step_avg:303.12ms
step:156/1410 train_time:47284ms step_avg:303.10ms
step:157/1410 train_time:47589ms step_avg:303.12ms
step:158/1410 train_time:47889ms step_avg:303.10ms
step:159/1410 train_time:48194ms step_avg:303.11ms
step:160/1410 train_time:48494ms step_avg:303.09ms
step:161/1410 train_time:48799ms step_avg:303.10ms
step:162/1410 train_time:49098ms step_avg:303.08ms
step:163/1410 train_time:49403ms step_avg:303.08ms
step:164/1410 train_time:49703ms step_avg:303.07ms
step:165/1410 train_time:50008ms step_avg:303.08ms
step:166/1410 train_time:50308ms step_avg:303.06ms
step:167/1410 train_time:50614ms step_avg:303.08ms
step:168/1410 train_time:50913ms step_avg:303.05ms
step:169/1410 train_time:51217ms step_avg:303.06ms
step:170/1410 train_time:51518ms step_avg:303.04ms
step:171/1410 train_time:51821ms step_avg:303.05ms
step:172/1410 train_time:52122ms step_avg:303.03ms
step:173/1410 train_time:52427ms step_avg:303.05ms
step:174/1410 train_time:52727ms step_avg:303.03ms
step:175/1410 train_time:53030ms step_avg:303.03ms
step:176/1410 train_time:53329ms step_avg:303.01ms
step:177/1410 train_time:53633ms step_avg:303.01ms
step:178/1410 train_time:53931ms step_avg:302.99ms
step:179/1410 train_time:54235ms step_avg:302.99ms
step:180/1410 train_time:54534ms step_avg:302.96ms
step:181/1410 train_time:54837ms step_avg:302.97ms
step:182/1410 train_time:55135ms step_avg:302.94ms
step:183/1410 train_time:55439ms step_avg:302.94ms
step:184/1410 train_time:55738ms step_avg:302.92ms
step:185/1410 train_time:56041ms step_avg:302.92ms
step:186/1410 train_time:56339ms step_avg:302.90ms
step:187/1410 train_time:56642ms step_avg:302.90ms
step:188/1410 train_time:56941ms step_avg:302.88ms
step:189/1410 train_time:57244ms step_avg:302.88ms
step:190/1410 train_time:57543ms step_avg:302.86ms
step:191/1410 train_time:57846ms step_avg:302.86ms
step:192/1410 train_time:58146ms step_avg:302.84ms
step:193/1410 train_time:58449ms step_avg:302.85ms
step:194/1410 train_time:58749ms step_avg:302.83ms
step:195/1410 train_time:59052ms step_avg:302.83ms
step:196/1410 train_time:59351ms step_avg:302.81ms
step:197/1410 train_time:59655ms step_avg:302.82ms
step:198/1410 train_time:59953ms step_avg:302.80ms
step:199/1410 train_time:60257ms step_avg:302.80ms
step:200/1410 train_time:60556ms step_avg:302.78ms
step:201/1410 train_time:60859ms step_avg:302.78ms
step:202/1410 train_time:61157ms step_avg:302.76ms
step:203/1410 train_time:61460ms step_avg:302.76ms
step:204/1410 train_time:61759ms step_avg:302.74ms
step:205/1410 train_time:62062ms step_avg:302.74ms
step:206/1410 train_time:62362ms step_avg:302.73ms
step:207/1410 train_time:62665ms step_avg:302.73ms
step:208/1410 train_time:62964ms step_avg:302.71ms
step:209/1410 train_time:63267ms step_avg:302.72ms
step:210/1410 train_time:63567ms step_avg:302.70ms
step:211/1410 train_time:63870ms step_avg:302.70ms
step:212/1410 train_time:64170ms step_avg:302.69ms
step:213/1410 train_time:64473ms step_avg:302.69ms
step:214/1410 train_time:64773ms step_avg:302.68ms
step:215/1410 train_time:65076ms step_avg:302.68ms
step:216/1410 train_time:65375ms step_avg:302.66ms
step:217/1410 train_time:65678ms step_avg:302.66ms
step:218/1410 train_time:65977ms step_avg:302.65ms
step:219/1410 train_time:66281ms step_avg:302.65ms
step:220/1410 train_time:66579ms step_avg:302.63ms
step:221/1410 train_time:66882ms step_avg:302.63ms
step:222/1410 train_time:67182ms step_avg:302.62ms
step:223/1410 train_time:67485ms step_avg:302.62ms
step:224/1410 train_time:67785ms step_avg:302.61ms
step:225/1410 train_time:68088ms step_avg:302.61ms
step:226/1410 train_time:68387ms step_avg:302.60ms
step:227/1410 train_time:68691ms step_avg:302.60ms
step:228/1410 train_time:68990ms step_avg:302.59ms
step:229/1410 train_time:69294ms step_avg:302.59ms
step:230/1410 train_time:69593ms step_avg:302.58ms
step:231/1410 train_time:69896ms step_avg:302.58ms
step:232/1410 train_time:70196ms step_avg:302.57ms
step:233/1410 train_time:70499ms step_avg:302.57ms
step:234/1410 train_time:70798ms step_avg:302.55ms
step:235/1410 train_time:71101ms step_avg:302.56ms
step:236/1410 train_time:71400ms step_avg:302.54ms
step:237/1410 train_time:71703ms step_avg:302.55ms
step:238/1410 train_time:72002ms step_avg:302.53ms
step:239/1410 train_time:72307ms step_avg:302.54ms
step:240/1410 train_time:72607ms step_avg:302.53ms
step:241/1410 train_time:72911ms step_avg:302.54ms
step:242/1410 train_time:73211ms step_avg:302.52ms
step:243/1410 train_time:73514ms step_avg:302.53ms
step:244/1410 train_time:73813ms step_avg:302.51ms
step:245/1410 train_time:74117ms step_avg:302.52ms
step:246/1410 train_time:74415ms step_avg:302.50ms
step:247/1410 train_time:74718ms step_avg:302.50ms
step:248/1410 train_time:75017ms step_avg:302.49ms
step:249/1410 train_time:75320ms step_avg:302.49ms
step:250/1410 train_time:75619ms step_avg:302.48ms
step:250/1410 val_loss:4.4897 train_time:75670ms step_avg:302.68ms
step:251/1410 train_time:75922ms step_avg:302.48ms
step:252/1410 train_time:76221ms step_avg:302.46ms
step:253/1410 train_time:76525ms step_avg:302.47ms
step:254/1410 train_time:76826ms step_avg:302.46ms
step:255/1410 train_time:77129ms step_avg:302.47ms
step:256/1410 train_time:77428ms step_avg:302.45ms
step:257/1410 train_time:77733ms step_avg:302.46ms
step:258/1410 train_time:78032ms step_avg:302.45ms
step:259/1410 train_time:78335ms step_avg:302.45ms
step:260/1410 train_time:78635ms step_avg:302.44ms
step:261/1410 train_time:78939ms step_avg:302.45ms
step:262/1410 train_time:79238ms step_avg:302.44ms
step:263/1410 train_time:79542ms step_avg:302.44ms
step:264/1410 train_time:79842ms step_avg:302.43ms
step:265/1410 train_time:80146ms step_avg:302.44ms
step:266/1410 train_time:80445ms step_avg:302.42ms
step:267/1410 train_time:80749ms step_avg:302.43ms
step:268/1410 train_time:81049ms step_avg:302.42ms
step:269/1410 train_time:81352ms step_avg:302.43ms
step:270/1410 train_time:81651ms step_avg:302.41ms
step:271/1410 train_time:81955ms step_avg:302.42ms
step:272/1410 train_time:82255ms step_avg:302.41ms
step:273/1410 train_time:82559ms step_avg:302.41ms
step:274/1410 train_time:82858ms step_avg:302.40ms
step:275/1410 train_time:83163ms step_avg:302.41ms
step:276/1410 train_time:83462ms step_avg:302.40ms
step:277/1410 train_time:83766ms step_avg:302.40ms
step:278/1410 train_time:84066ms step_avg:302.40ms
step:279/1410 train_time:84370ms step_avg:302.40ms
step:280/1410 train_time:84669ms step_avg:302.39ms
step:281/1410 train_time:84973ms step_avg:302.39ms
step:282/1410 train_time:85273ms step_avg:302.38ms
step:283/1410 train_time:85576ms step_avg:302.39ms
step:284/1410 train_time:85875ms step_avg:302.38ms
step:285/1410 train_time:86179ms step_avg:302.38ms
step:286/1410 train_time:86478ms step_avg:302.37ms
step:287/1410 train_time:86782ms step_avg:302.38ms
step:288/1410 train_time:87083ms step_avg:302.37ms
step:289/1410 train_time:87386ms step_avg:302.37ms
step:290/1410 train_time:87685ms step_avg:302.36ms
step:291/1410 train_time:87989ms step_avg:302.37ms
step:292/1410 train_time:88289ms step_avg:302.36ms
step:293/1410 train_time:88593ms step_avg:302.36ms
step:294/1410 train_time:88891ms step_avg:302.35ms
step:295/1410 train_time:89195ms step_avg:302.36ms
step:296/1410 train_time:89495ms step_avg:302.35ms
step:297/1410 train_time:89798ms step_avg:302.35ms
step:298/1410 train_time:90099ms step_avg:302.34ms
step:299/1410 train_time:90402ms step_avg:302.35ms
step:300/1410 train_time:90702ms step_avg:302.34ms
step:301/1410 train_time:91006ms step_avg:302.35ms
step:302/1410 train_time:91307ms step_avg:302.34ms
step:303/1410 train_time:91610ms step_avg:302.34ms
step:304/1410 train_time:91910ms step_avg:302.33ms
step:305/1410 train_time:92214ms step_avg:302.34ms
step:306/1410 train_time:92513ms step_avg:302.33ms
step:307/1410 train_time:92817ms step_avg:302.33ms
step:308/1410 train_time:93117ms step_avg:302.33ms
step:309/1410 train_time:93421ms step_avg:302.33ms
step:310/1410 train_time:93721ms step_avg:302.33ms
step:311/1410 train_time:94026ms step_avg:302.33ms
step:312/1410 train_time:94325ms step_avg:302.32ms
step:313/1410 train_time:94628ms step_avg:302.33ms
step:314/1410 train_time:94929ms step_avg:302.32ms
step:315/1410 train_time:95233ms step_avg:302.33ms
step:316/1410 train_time:95532ms step_avg:302.32ms
step:317/1410 train_time:95835ms step_avg:302.32ms
step:318/1410 train_time:96135ms step_avg:302.31ms
step:319/1410 train_time:96439ms step_avg:302.32ms
step:320/1410 train_time:96739ms step_avg:302.31ms
step:321/1410 train_time:97044ms step_avg:302.32ms
step:322/1410 train_time:97343ms step_avg:302.31ms
step:323/1410 train_time:97647ms step_avg:302.31ms
step:324/1410 train_time:97946ms step_avg:302.30ms
step:325/1410 train_time:98251ms step_avg:302.31ms
step:326/1410 train_time:98550ms step_avg:302.30ms
step:327/1410 train_time:98854ms step_avg:302.30ms
step:328/1410 train_time:99153ms step_avg:302.30ms
step:329/1410 train_time:99456ms step_avg:302.30ms
step:330/1410 train_time:99756ms step_avg:302.29ms
step:331/1410 train_time:100060ms step_avg:302.30ms
step:332/1410 train_time:100360ms step_avg:302.29ms
step:333/1410 train_time:100664ms step_avg:302.30ms
step:334/1410 train_time:100964ms step_avg:302.29ms
step:335/1410 train_time:101268ms step_avg:302.29ms
step:336/1410 train_time:101568ms step_avg:302.29ms
step:337/1410 train_time:101872ms step_avg:302.29ms
step:338/1410 train_time:102172ms step_avg:302.29ms
step:339/1410 train_time:102476ms step_avg:302.29ms
step:340/1410 train_time:102775ms step_avg:302.28ms
step:341/1410 train_time:103080ms step_avg:302.29ms
step:342/1410 train_time:103379ms step_avg:302.28ms
step:343/1410 train_time:103683ms step_avg:302.28ms
step:344/1410 train_time:103983ms step_avg:302.28ms
step:345/1410 train_time:104288ms step_avg:302.28ms
step:346/1410 train_time:104587ms step_avg:302.27ms
step:347/1410 train_time:104891ms step_avg:302.28ms
step:348/1410 train_time:105191ms step_avg:302.27ms
step:349/1410 train_time:105494ms step_avg:302.28ms
step:350/1410 train_time:105793ms step_avg:302.27ms
step:351/1410 train_time:106098ms step_avg:302.27ms
step:352/1410 train_time:106397ms step_avg:302.27ms
step:353/1410 train_time:106701ms step_avg:302.27ms
step:354/1410 train_time:107002ms step_avg:302.26ms
step:355/1410 train_time:107306ms step_avg:302.27ms
step:356/1410 train_time:107606ms step_avg:302.26ms
step:357/1410 train_time:107910ms step_avg:302.27ms
step:358/1410 train_time:108210ms step_avg:302.26ms
step:359/1410 train_time:108513ms step_avg:302.27ms
step:360/1410 train_time:108813ms step_avg:302.26ms
step:361/1410 train_time:109117ms step_avg:302.26ms
step:362/1410 train_time:109416ms step_avg:302.25ms
step:363/1410 train_time:109720ms step_avg:302.26ms
step:364/1410 train_time:110020ms step_avg:302.25ms
step:365/1410 train_time:110323ms step_avg:302.26ms
step:366/1410 train_time:110623ms step_avg:302.25ms
step:367/1410 train_time:110927ms step_avg:302.25ms
step:368/1410 train_time:111227ms step_avg:302.25ms
step:369/1410 train_time:111531ms step_avg:302.25ms
step:370/1410 train_time:111830ms step_avg:302.24ms
step:371/1410 train_time:112135ms step_avg:302.25ms
step:372/1410 train_time:112434ms step_avg:302.24ms
step:373/1410 train_time:112737ms step_avg:302.24ms
step:374/1410 train_time:113037ms step_avg:302.24ms
step:375/1410 train_time:113341ms step_avg:302.24ms
step:376/1410 train_time:113641ms step_avg:302.24ms
step:377/1410 train_time:113946ms step_avg:302.24ms
step:378/1410 train_time:114246ms step_avg:302.24ms
step:379/1410 train_time:114550ms step_avg:302.24ms
step:380/1410 train_time:114850ms step_avg:302.24ms
step:381/1410 train_time:115154ms step_avg:302.24ms
step:382/1410 train_time:115453ms step_avg:302.23ms
step:383/1410 train_time:115756ms step_avg:302.24ms
step:384/1410 train_time:116057ms step_avg:302.23ms
step:385/1410 train_time:116360ms step_avg:302.23ms
step:386/1410 train_time:116660ms step_avg:302.23ms
step:387/1410 train_time:116964ms step_avg:302.23ms
step:388/1410 train_time:117264ms step_avg:302.23ms
step:389/1410 train_time:117568ms step_avg:302.23ms
step:390/1410 train_time:117868ms step_avg:302.22ms
step:391/1410 train_time:118172ms step_avg:302.23ms
step:392/1410 train_time:118471ms step_avg:302.22ms
step:393/1410 train_time:118775ms step_avg:302.23ms
step:394/1410 train_time:119075ms step_avg:302.22ms
step:395/1410 train_time:119378ms step_avg:302.22ms
step:396/1410 train_time:119678ms step_avg:302.22ms
step:397/1410 train_time:119983ms step_avg:302.22ms
step:398/1410 train_time:120283ms step_avg:302.22ms
step:399/1410 train_time:120587ms step_avg:302.22ms
step:400/1410 train_time:120887ms step_avg:302.22ms
step:401/1410 train_time:121191ms step_avg:302.22ms
step:402/1410 train_time:121491ms step_avg:302.22ms
step:403/1410 train_time:121794ms step_avg:302.22ms
step:404/1410 train_time:122093ms step_avg:302.21ms
step:405/1410 train_time:122397ms step_avg:302.21ms
step:406/1410 train_time:122697ms step_avg:302.21ms
step:407/1410 train_time:123001ms step_avg:302.21ms
step:408/1410 train_time:123300ms step_avg:302.21ms
step:409/1410 train_time:123605ms step_avg:302.21ms
step:410/1410 train_time:123904ms step_avg:302.21ms
step:411/1410 train_time:124208ms step_avg:302.21ms
step:412/1410 train_time:124509ms step_avg:302.21ms
step:413/1410 train_time:124813ms step_avg:302.21ms
step:414/1410 train_time:125112ms step_avg:302.20ms
step:415/1410 train_time:125416ms step_avg:302.21ms
step:416/1410 train_time:125716ms step_avg:302.20ms
step:417/1410 train_time:126019ms step_avg:302.20ms
step:418/1410 train_time:126534ms step_avg:302.71ms
step:419/1410 train_time:127073ms step_avg:303.28ms
step:420/1410 train_time:127611ms step_avg:303.83ms
step:421/1410 train_time:128151ms step_avg:304.40ms
step:422/1410 train_time:128687ms step_avg:304.95ms
step:423/1410 train_time:129230ms step_avg:305.51ms
step:424/1410 train_time:129767ms step_avg:306.05ms
step:425/1410 train_time:130308ms step_avg:306.61ms
step:426/1410 train_time:130845ms step_avg:307.15ms
step:427/1410 train_time:131387ms step_avg:307.70ms
step:428/1410 train_time:131923ms step_avg:308.23ms
step:429/1410 train_time:132465ms step_avg:308.78ms
step:430/1410 train_time:133002ms step_avg:309.31ms
step:431/1410 train_time:133543ms step_avg:309.85ms
step:432/1410 train_time:134080ms step_avg:310.37ms
step:433/1410 train_time:134621ms step_avg:310.90ms
step:434/1410 train_time:135159ms step_avg:311.43ms
step:435/1410 train_time:135699ms step_avg:311.95ms
step:436/1410 train_time:136237ms step_avg:312.47ms
step:437/1410 train_time:136778ms step_avg:312.99ms
step:438/1410 train_time:137316ms step_avg:313.51ms
step:439/1410 train_time:137857ms step_avg:314.03ms
step:440/1410 train_time:138395ms step_avg:314.53ms
step:441/1410 train_time:138936ms step_avg:315.05ms
step:442/1410 train_time:139474ms step_avg:315.55ms
step:443/1410 train_time:140018ms step_avg:316.07ms
step:444/1410 train_time:140553ms step_avg:316.56ms
step:445/1410 train_time:141095ms step_avg:317.07ms
step:446/1410 train_time:141632ms step_avg:317.56ms
step:447/1410 train_time:142174ms step_avg:318.06ms
step:448/1410 train_time:142711ms step_avg:318.55ms
step:449/1410 train_time:143253ms step_avg:319.05ms
step:450/1410 train_time:143791ms step_avg:319.54ms
step:451/1410 train_time:144332ms step_avg:320.03ms
step:452/1410 train_time:144871ms step_avg:320.51ms
step:453/1410 train_time:145414ms step_avg:321.00ms
step:454/1410 train_time:145950ms step_avg:321.48ms
step:455/1410 train_time:146493ms step_avg:321.96ms
step:456/1410 train_time:147031ms step_avg:322.44ms
step:457/1410 train_time:147574ms step_avg:322.92ms
step:458/1410 train_time:148112ms step_avg:323.39ms
step:459/1410 train_time:148653ms step_avg:323.86ms
step:460/1410 train_time:149192ms step_avg:324.33ms
step:461/1410 train_time:149734ms step_avg:324.80ms
step:462/1410 train_time:150272ms step_avg:325.26ms
step:463/1410 train_time:150814ms step_avg:325.73ms
step:464/1410 train_time:151352ms step_avg:326.19ms
step:465/1410 train_time:151895ms step_avg:326.66ms
step:466/1410 train_time:152431ms step_avg:327.11ms
step:467/1410 train_time:152972ms step_avg:327.56ms
step:468/1410 train_time:153507ms step_avg:328.01ms
step:469/1410 train_time:154049ms step_avg:328.46ms
step:470/1410 train_time:154587ms step_avg:328.91ms
step:471/1410 train_time:155127ms step_avg:329.36ms
step:472/1410 train_time:155664ms step_avg:329.80ms
step:473/1410 train_time:156206ms step_avg:330.24ms
step:474/1410 train_time:156744ms step_avg:330.68ms
step:475/1410 train_time:157284ms step_avg:331.13ms
step:476/1410 train_time:157823ms step_avg:331.56ms
step:477/1410 train_time:158364ms step_avg:332.00ms
step:478/1410 train_time:158902ms step_avg:332.43ms
step:479/1410 train_time:159443ms step_avg:332.87ms
step:480/1410 train_time:159980ms step_avg:333.29ms
step:481/1410 train_time:160520ms step_avg:333.72ms
step:482/1410 train_time:161059ms step_avg:334.15ms
step:483/1410 train_time:161599ms step_avg:334.57ms
step:484/1410 train_time:162137ms step_avg:334.99ms
step:485/1410 train_time:162677ms step_avg:335.42ms
step:486/1410 train_time:163215ms step_avg:335.83ms
step:487/1410 train_time:163756ms step_avg:336.26ms
step:488/1410 train_time:164294ms step_avg:336.67ms
step:489/1410 train_time:164837ms step_avg:337.09ms
step:490/1410 train_time:165374ms step_avg:337.50ms
step:491/1410 train_time:165916ms step_avg:337.91ms
step:492/1410 train_time:166454ms step_avg:338.32ms
step:493/1410 train_time:166996ms step_avg:338.74ms
step:494/1410 train_time:167532ms step_avg:339.13ms
step:495/1410 train_time:168074ms step_avg:339.54ms
step:496/1410 train_time:168611ms step_avg:339.94ms
step:497/1410 train_time:169153ms step_avg:340.35ms
step:498/1410 train_time:169690ms step_avg:340.74ms
step:499/1410 train_time:170232ms step_avg:341.15ms
step:500/1410 train_time:170768ms step_avg:341.54ms
step:500/1410 val_loss:4.1348 train_time:170848ms step_avg:341.70ms
step:501/1410 train_time:171307ms step_avg:341.93ms
step:502/1410 train_time:171846ms step_avg:342.32ms
step:503/1410 train_time:172385ms step_avg:342.71ms
step:504/1410 train_time:172922ms step_avg:343.10ms
step:505/1410 train_time:173462ms step_avg:343.49ms
step:506/1410 train_time:173999ms step_avg:343.87ms
step:507/1410 train_time:174539ms step_avg:344.26ms
step:508/1410 train_time:175076ms step_avg:344.64ms
step:509/1410 train_time:175617ms step_avg:345.02ms
step:510/1410 train_time:176152ms step_avg:345.40ms
step:511/1410 train_time:176692ms step_avg:345.78ms
step:512/1410 train_time:177229ms step_avg:346.15ms
step:513/1410 train_time:177770ms step_avg:346.53ms
step:514/1410 train_time:178308ms step_avg:346.90ms
step:515/1410 train_time:178850ms step_avg:347.28ms
step:516/1410 train_time:179387ms step_avg:347.65ms
step:517/1410 train_time:179927ms step_avg:348.02ms
step:518/1410 train_time:180463ms step_avg:348.38ms
step:519/1410 train_time:181003ms step_avg:348.75ms
step:520/1410 train_time:181539ms step_avg:349.11ms
step:521/1410 train_time:182080ms step_avg:349.48ms
step:522/1410 train_time:182618ms step_avg:349.84ms
step:523/1410 train_time:183157ms step_avg:350.20ms
step:524/1410 train_time:183694ms step_avg:350.56ms
step:525/1410 train_time:184236ms step_avg:350.92ms
step:526/1410 train_time:184772ms step_avg:351.28ms
step:527/1410 train_time:185312ms step_avg:351.64ms
step:528/1410 train_time:185850ms step_avg:351.99ms
step:529/1410 train_time:186391ms step_avg:352.35ms
step:530/1410 train_time:186929ms step_avg:352.70ms
step:531/1410 train_time:187468ms step_avg:353.05ms
step:532/1410 train_time:188005ms step_avg:353.39ms
step:533/1410 train_time:188546ms step_avg:353.74ms
step:534/1410 train_time:189082ms step_avg:354.09ms
step:535/1410 train_time:189623ms step_avg:354.44ms
step:536/1410 train_time:190161ms step_avg:354.78ms
step:537/1410 train_time:190702ms step_avg:355.12ms
step:538/1410 train_time:191238ms step_avg:355.46ms
step:539/1410 train_time:191778ms step_avg:355.80ms
step:540/1410 train_time:192313ms step_avg:356.14ms
step:541/1410 train_time:192853ms step_avg:356.48ms
step:542/1410 train_time:193390ms step_avg:356.81ms
step:543/1410 train_time:193929ms step_avg:357.14ms
step:544/1410 train_time:194467ms step_avg:357.48ms
step:545/1410 train_time:195007ms step_avg:357.81ms
step:546/1410 train_time:195543ms step_avg:358.14ms
step:547/1410 train_time:196083ms step_avg:358.47ms
step:548/1410 train_time:196620ms step_avg:358.80ms
step:549/1410 train_time:197159ms step_avg:359.12ms
step:550/1410 train_time:197695ms step_avg:359.45ms
step:551/1410 train_time:198234ms step_avg:359.77ms
step:552/1410 train_time:198771ms step_avg:360.09ms
step:553/1410 train_time:199312ms step_avg:360.42ms
step:554/1410 train_time:199848ms step_avg:360.74ms
step:555/1410 train_time:200388ms step_avg:361.06ms
step:556/1410 train_time:200924ms step_avg:361.37ms
step:557/1410 train_time:201466ms step_avg:361.70ms
step:558/1410 train_time:202003ms step_avg:362.01ms
step:559/1410 train_time:202545ms step_avg:362.33ms
step:560/1410 train_time:203080ms step_avg:362.64ms
step:561/1410 train_time:203621ms step_avg:362.96ms
step:562/1410 train_time:204158ms step_avg:363.27ms
step:563/1410 train_time:204698ms step_avg:363.58ms
step:564/1410 train_time:205234ms step_avg:363.89ms
step:565/1410 train_time:205776ms step_avg:364.21ms
step:566/1410 train_time:206313ms step_avg:364.51ms
step:567/1410 train_time:206855ms step_avg:364.82ms
step:568/1410 train_time:207390ms step_avg:365.12ms
step:569/1410 train_time:207932ms step_avg:365.43ms
step:570/1410 train_time:208467ms step_avg:365.73ms
step:571/1410 train_time:209009ms step_avg:366.04ms
step:572/1410 train_time:209546ms step_avg:366.34ms
step:573/1410 train_time:210088ms step_avg:366.65ms
step:574/1410 train_time:210623ms step_avg:366.94ms
step:575/1410 train_time:211166ms step_avg:367.25ms
step:576/1410 train_time:211702ms step_avg:367.54ms
step:577/1410 train_time:212243ms step_avg:367.84ms
step:578/1410 train_time:212780ms step_avg:368.13ms
step:579/1410 train_time:213321ms step_avg:368.43ms
step:580/1410 train_time:213858ms step_avg:368.72ms
step:581/1410 train_time:214399ms step_avg:369.02ms
step:582/1410 train_time:214934ms step_avg:369.30ms
step:583/1410 train_time:215476ms step_avg:369.60ms
step:584/1410 train_time:216012ms step_avg:369.88ms
step:585/1410 train_time:216553ms step_avg:370.18ms
step:586/1410 train_time:217089ms step_avg:370.46ms
step:587/1410 train_time:217629ms step_avg:370.75ms
step:588/1410 train_time:218166ms step_avg:371.03ms
step:589/1410 train_time:218707ms step_avg:371.32ms
step:590/1410 train_time:219242ms step_avg:371.60ms
step:591/1410 train_time:219783ms step_avg:371.88ms
step:592/1410 train_time:220320ms step_avg:372.16ms
step:593/1410 train_time:220861ms step_avg:372.45ms
step:594/1410 train_time:221397ms step_avg:372.72ms
step:595/1410 train_time:221938ms step_avg:373.01ms
step:596/1410 train_time:222473ms step_avg:373.28ms
step:597/1410 train_time:223014ms step_avg:373.56ms
step:598/1410 train_time:223551ms step_avg:373.83ms
step:599/1410 train_time:224093ms step_avg:374.11ms
step:600/1410 train_time:224629ms step_avg:374.38ms
step:601/1410 train_time:225170ms step_avg:374.66ms
step:602/1410 train_time:225705ms step_avg:374.93ms
step:603/1410 train_time:226247ms step_avg:375.20ms
step:604/1410 train_time:226784ms step_avg:375.47ms
step:605/1410 train_time:227325ms step_avg:375.74ms
step:606/1410 train_time:227859ms step_avg:376.01ms
step:607/1410 train_time:228401ms step_avg:376.28ms
step:608/1410 train_time:228935ms step_avg:376.54ms
step:609/1410 train_time:229476ms step_avg:376.81ms
step:610/1410 train_time:230012ms step_avg:377.07ms
step:611/1410 train_time:230553ms step_avg:377.34ms
step:612/1410 train_time:231088ms step_avg:377.59ms
step:613/1410 train_time:231628ms step_avg:377.86ms
step:614/1410 train_time:232164ms step_avg:378.12ms
step:615/1410 train_time:232705ms step_avg:378.38ms
step:616/1410 train_time:233241ms step_avg:378.64ms
step:617/1410 train_time:233782ms step_avg:378.90ms
step:618/1410 train_time:234318ms step_avg:379.16ms
step:619/1410 train_time:234859ms step_avg:379.42ms
step:620/1410 train_time:235395ms step_avg:379.67ms
step:621/1410 train_time:235935ms step_avg:379.93ms
step:622/1410 train_time:236472ms step_avg:380.18ms
step:623/1410 train_time:237011ms step_avg:380.44ms
step:624/1410 train_time:237549ms step_avg:380.69ms
step:625/1410 train_time:238088ms step_avg:380.94ms
step:626/1410 train_time:238623ms step_avg:381.19ms
step:627/1410 train_time:239165ms step_avg:381.44ms
step:628/1410 train_time:239700ms step_avg:381.69ms
step:629/1410 train_time:240240ms step_avg:381.94ms
step:630/1410 train_time:240777ms step_avg:382.19ms
step:631/1410 train_time:241316ms step_avg:382.43ms
step:632/1410 train_time:241853ms step_avg:382.68ms
step:633/1410 train_time:242394ms step_avg:382.93ms
step:634/1410 train_time:242930ms step_avg:383.17ms
step:635/1410 train_time:243470ms step_avg:383.42ms
step:636/1410 train_time:244006ms step_avg:383.66ms
step:637/1410 train_time:244548ms step_avg:383.91ms
step:638/1410 train_time:245085ms step_avg:384.15ms
step:639/1410 train_time:245626ms step_avg:384.39ms
step:640/1410 train_time:246163ms step_avg:384.63ms
step:641/1410 train_time:246703ms step_avg:384.87ms
step:642/1410 train_time:247240ms step_avg:385.11ms
step:643/1410 train_time:247781ms step_avg:385.35ms
step:644/1410 train_time:248317ms step_avg:385.59ms
step:645/1410 train_time:248858ms step_avg:385.83ms
step:646/1410 train_time:249393ms step_avg:386.06ms
step:647/1410 train_time:249934ms step_avg:386.30ms
step:648/1410 train_time:250470ms step_avg:386.53ms
step:649/1410 train_time:251011ms step_avg:386.77ms
step:650/1410 train_time:251548ms step_avg:387.00ms
step:651/1410 train_time:252090ms step_avg:387.23ms
step:652/1410 train_time:252625ms step_avg:387.46ms
step:653/1410 train_time:253166ms step_avg:387.70ms
step:654/1410 train_time:253704ms step_avg:387.93ms
step:655/1410 train_time:254246ms step_avg:388.16ms
step:656/1410 train_time:254781ms step_avg:388.39ms
step:657/1410 train_time:255321ms step_avg:388.62ms
step:658/1410 train_time:255857ms step_avg:388.84ms
step:659/1410 train_time:256398ms step_avg:389.07ms
step:660/1410 train_time:256935ms step_avg:389.30ms
step:661/1410 train_time:257474ms step_avg:389.52ms
step:662/1410 train_time:258011ms step_avg:389.74ms
step:663/1410 train_time:258551ms step_avg:389.97ms
step:664/1410 train_time:259087ms step_avg:390.19ms
step:665/1410 train_time:259628ms step_avg:390.42ms
step:666/1410 train_time:260165ms step_avg:390.64ms
step:667/1410 train_time:260704ms step_avg:390.86ms
step:668/1410 train_time:261240ms step_avg:391.08ms
step:669/1410 train_time:261780ms step_avg:391.30ms
step:670/1410 train_time:262317ms step_avg:391.52ms
step:671/1410 train_time:262856ms step_avg:391.74ms
step:672/1410 train_time:263392ms step_avg:391.95ms
step:673/1410 train_time:263932ms step_avg:392.17ms
step:674/1410 train_time:264470ms step_avg:392.39ms
step:675/1410 train_time:265010ms step_avg:392.61ms
step:676/1410 train_time:265546ms step_avg:392.82ms
step:677/1410 train_time:266088ms step_avg:393.04ms
step:678/1410 train_time:266625ms step_avg:393.25ms
step:679/1410 train_time:267165ms step_avg:393.47ms
step:680/1410 train_time:267700ms step_avg:393.68ms
step:681/1410 train_time:268241ms step_avg:393.89ms
step:682/1410 train_time:268776ms step_avg:394.10ms
step:683/1410 train_time:269316ms step_avg:394.31ms
step:684/1410 train_time:269853ms step_avg:394.52ms
step:685/1410 train_time:270394ms step_avg:394.74ms
step:686/1410 train_time:270931ms step_avg:394.94ms
step:687/1410 train_time:271472ms step_avg:395.16ms
step:688/1410 train_time:272007ms step_avg:395.36ms
step:689/1410 train_time:272549ms step_avg:395.57ms
step:690/1410 train_time:273084ms step_avg:395.77ms
step:691/1410 train_time:273625ms step_avg:395.98ms
step:692/1410 train_time:274162ms step_avg:396.19ms
step:693/1410 train_time:274702ms step_avg:396.40ms
step:694/1410 train_time:275238ms step_avg:396.60ms
step:695/1410 train_time:275778ms step_avg:396.80ms
step:696/1410 train_time:276314ms step_avg:397.00ms
step:697/1410 train_time:276854ms step_avg:397.21ms
step:698/1410 train_time:277391ms step_avg:397.41ms
step:699/1410 train_time:277931ms step_avg:397.61ms
step:700/1410 train_time:278465ms step_avg:397.81ms
step:701/1410 train_time:279007ms step_avg:398.01ms
step:702/1410 train_time:279543ms step_avg:398.21ms
step:703/1410 train_time:280085ms step_avg:398.41ms
step:704/1410 train_time:280620ms step_avg:398.61ms
step:705/1410 train_time:281160ms step_avg:398.81ms
step:706/1410 train_time:281696ms step_avg:399.00ms
step:707/1410 train_time:282237ms step_avg:399.20ms
step:708/1410 train_time:282773ms step_avg:399.40ms
step:709/1410 train_time:283313ms step_avg:399.60ms
step:710/1410 train_time:283849ms step_avg:399.79ms
step:711/1410 train_time:284390ms step_avg:399.99ms
step:712/1410 train_time:284926ms step_avg:400.18ms
step:713/1410 train_time:285469ms step_avg:400.38ms
step:714/1410 train_time:286005ms step_avg:400.57ms
step:715/1410 train_time:286546ms step_avg:400.76ms
step:716/1410 train_time:287080ms step_avg:400.95ms
step:717/1410 train_time:287620ms step_avg:401.14ms
step:718/1410 train_time:288157ms step_avg:401.33ms
step:719/1410 train_time:288696ms step_avg:401.53ms
step:720/1410 train_time:289233ms step_avg:401.71ms
step:721/1410 train_time:289773ms step_avg:401.90ms
step:722/1410 train_time:290310ms step_avg:402.09ms
step:723/1410 train_time:290849ms step_avg:402.28ms
step:724/1410 train_time:291386ms step_avg:402.47ms
step:725/1410 train_time:291925ms step_avg:402.66ms
step:726/1410 train_time:292462ms step_avg:402.84ms
step:727/1410 train_time:293002ms step_avg:403.03ms
step:728/1410 train_time:293538ms step_avg:403.21ms
step:729/1410 train_time:294078ms step_avg:403.40ms
step:730/1410 train_time:294613ms step_avg:403.58ms
step:731/1410 train_time:295154ms step_avg:403.77ms
step:732/1410 train_time:295691ms step_avg:403.95ms
step:733/1410 train_time:296232ms step_avg:404.14ms
step:734/1410 train_time:296768ms step_avg:404.32ms
step:735/1410 train_time:297309ms step_avg:404.50ms
step:736/1410 train_time:297846ms step_avg:404.68ms
step:737/1410 train_time:298387ms step_avg:404.87ms
step:738/1410 train_time:298922ms step_avg:405.04ms
step:739/1410 train_time:299463ms step_avg:405.23ms
step:740/1410 train_time:300000ms step_avg:405.40ms
step:741/1410 train_time:300541ms step_avg:405.59ms
step:742/1410 train_time:301076ms step_avg:405.76ms
step:743/1410 train_time:301616ms step_avg:405.94ms
step:744/1410 train_time:302152ms step_avg:406.12ms
step:745/1410 train_time:302692ms step_avg:406.30ms
step:746/1410 train_time:303227ms step_avg:406.47ms
step:747/1410 train_time:303769ms step_avg:406.65ms
step:748/1410 train_time:304305ms step_avg:406.82ms
step:749/1410 train_time:304845ms step_avg:407.00ms
step:750/1410 train_time:305380ms step_avg:407.17ms
step:750/1410 val_loss:3.6736 train_time:305460ms step_avg:407.28ms
step:751/1410 train_time:305918ms step_avg:407.35ms
step:752/1410 train_time:306458ms step_avg:407.52ms
step:753/1410 train_time:306995ms step_avg:407.70ms
step:754/1410 train_time:307532ms step_avg:407.87ms
step:755/1410 train_time:308069ms step_avg:408.04ms
step:756/1410 train_time:308607ms step_avg:408.21ms
step:757/1410 train_time:309145ms step_avg:408.38ms
step:758/1410 train_time:309684ms step_avg:408.55ms
step:759/1410 train_time:310223ms step_avg:408.73ms
step:760/1410 train_time:310760ms step_avg:408.90ms
step:761/1410 train_time:311300ms step_avg:409.07ms
step:762/1410 train_time:311837ms step_avg:409.23ms
step:763/1410 train_time:312374ms step_avg:409.40ms
step:764/1410 train_time:312911ms step_avg:409.57ms
step:765/1410 train_time:313451ms step_avg:409.74ms
step:766/1410 train_time:313986ms step_avg:409.90ms
step:767/1410 train_time:314527ms step_avg:410.07ms
step:768/1410 train_time:315065ms step_avg:410.24ms
step:769/1410 train_time:315605ms step_avg:410.41ms
step:770/1410 train_time:316141ms step_avg:410.57ms
step:771/1410 train_time:316682ms step_avg:410.74ms
step:772/1410 train_time:317219ms step_avg:410.91ms
step:773/1410 train_time:317757ms step_avg:411.07ms
step:774/1410 train_time:318293ms step_avg:411.23ms
step:775/1410 train_time:318833ms step_avg:411.40ms
step:776/1410 train_time:319369ms step_avg:411.56ms
step:777/1410 train_time:319911ms step_avg:411.73ms
step:778/1410 train_time:320446ms step_avg:411.88ms
step:779/1410 train_time:320986ms step_avg:412.05ms
step:780/1410 train_time:321522ms step_avg:412.21ms
step:781/1410 train_time:322062ms step_avg:412.37ms
step:782/1410 train_time:322598ms step_avg:412.53ms
step:783/1410 train_time:323138ms step_avg:412.69ms
step:784/1410 train_time:323673ms step_avg:412.85ms
step:785/1410 train_time:324214ms step_avg:413.01ms
step:786/1410 train_time:324748ms step_avg:413.17ms
step:787/1410 train_time:325288ms step_avg:413.33ms
step:788/1410 train_time:325823ms step_avg:413.48ms
step:789/1410 train_time:326366ms step_avg:413.65ms
step:790/1410 train_time:326902ms step_avg:413.80ms
step:791/1410 train_time:327442ms step_avg:413.96ms
step:792/1410 train_time:327979ms step_avg:414.12ms
step:793/1410 train_time:328521ms step_avg:414.28ms
step:794/1410 train_time:329056ms step_avg:414.43ms
step:795/1410 train_time:329598ms step_avg:414.59ms
step:796/1410 train_time:330134ms step_avg:414.74ms
step:797/1410 train_time:330673ms step_avg:414.90ms
step:798/1410 train_time:331211ms step_avg:415.05ms
step:799/1410 train_time:331750ms step_avg:415.21ms
step:800/1410 train_time:332287ms step_avg:415.36ms
step:801/1410 train_time:332826ms step_avg:415.51ms
step:802/1410 train_time:333363ms step_avg:415.66ms
step:803/1410 train_time:333903ms step_avg:415.82ms
step:804/1410 train_time:334439ms step_avg:415.97ms
step:805/1410 train_time:334979ms step_avg:416.12ms
step:806/1410 train_time:335515ms step_avg:416.27ms
step:807/1410 train_time:336057ms step_avg:416.43ms
step:808/1410 train_time:336593ms step_avg:416.58ms
step:809/1410 train_time:337134ms step_avg:416.73ms
step:810/1410 train_time:337669ms step_avg:416.88ms
step:811/1410 train_time:338209ms step_avg:417.03ms
step:812/1410 train_time:338746ms step_avg:417.17ms
step:813/1410 train_time:339286ms step_avg:417.33ms
step:814/1410 train_time:339823ms step_avg:417.47ms
step:815/1410 train_time:340363ms step_avg:417.62ms
step:816/1410 train_time:340899ms step_avg:417.77ms
step:817/1410 train_time:341439ms step_avg:417.92ms
step:818/1410 train_time:341977ms step_avg:418.06ms
step:819/1410 train_time:342518ms step_avg:418.21ms
step:820/1410 train_time:343053ms step_avg:418.36ms
step:821/1410 train_time:343593ms step_avg:418.51ms
step:822/1410 train_time:344129ms step_avg:418.65ms
step:823/1410 train_time:344667ms step_avg:418.79ms
step:824/1410 train_time:345203ms step_avg:418.94ms
step:825/1410 train_time:345741ms step_avg:419.08ms
step:826/1410 train_time:346278ms step_avg:419.22ms
step:827/1410 train_time:346818ms step_avg:419.37ms
step:828/1410 train_time:347353ms step_avg:419.51ms
step:829/1410 train_time:347894ms step_avg:419.65ms
step:830/1410 train_time:348429ms step_avg:419.79ms
step:831/1410 train_time:348969ms step_avg:419.94ms
step:832/1410 train_time:349505ms step_avg:420.08ms
step:833/1410 train_time:350045ms step_avg:420.22ms
step:834/1410 train_time:350774ms step_avg:420.59ms
step:835/1410 train_time:351529ms step_avg:420.99ms
step:836/1410 train_time:352281ms step_avg:421.39ms
step:837/1410 train_time:353034ms step_avg:421.78ms
step:838/1410 train_time:353784ms step_avg:422.18ms
step:839/1410 train_time:354536ms step_avg:422.57ms
step:840/1410 train_time:355288ms step_avg:422.96ms
step:841/1410 train_time:356039ms step_avg:423.35ms
step:842/1410 train_time:356789ms step_avg:423.74ms
step:843/1410 train_time:357544ms step_avg:424.13ms
step:844/1410 train_time:358294ms step_avg:424.52ms
step:845/1410 train_time:359047ms step_avg:424.91ms
step:846/1410 train_time:359796ms step_avg:425.29ms
step:847/1410 train_time:360551ms step_avg:425.68ms
step:848/1410 train_time:361302ms step_avg:426.06ms
step:849/1410 train_time:362056ms step_avg:426.45ms
step:850/1410 train_time:362806ms step_avg:426.83ms
step:851/1410 train_time:363560ms step_avg:427.22ms
step:852/1410 train_time:364309ms step_avg:427.59ms
step:853/1410 train_time:365065ms step_avg:427.98ms
step:854/1410 train_time:365816ms step_avg:428.36ms
step:855/1410 train_time:366570ms step_avg:428.74ms
step:856/1410 train_time:367321ms step_avg:429.11ms
step:857/1410 train_time:368074ms step_avg:429.49ms
step:858/1410 train_time:368825ms step_avg:429.87ms
step:859/1410 train_time:369576ms step_avg:430.24ms
step:860/1410 train_time:370326ms step_avg:430.61ms
step:861/1410 train_time:371083ms step_avg:430.99ms
step:862/1410 train_time:371833ms step_avg:431.36ms
step:863/1410 train_time:372586ms step_avg:431.73ms
step:864/1410 train_time:373336ms step_avg:432.10ms
step:865/1410 train_time:374089ms step_avg:432.47ms
step:866/1410 train_time:374840ms step_avg:432.84ms
step:867/1410 train_time:375595ms step_avg:433.21ms
step:868/1410 train_time:376345ms step_avg:433.58ms
step:869/1410 train_time:377098ms step_avg:433.94ms
step:870/1410 train_time:377845ms step_avg:434.30ms
step:871/1410 train_time:378601ms step_avg:434.67ms
step:872/1410 train_time:379352ms step_avg:435.04ms
step:873/1410 train_time:380105ms step_avg:435.40ms
step:874/1410 train_time:380854ms step_avg:435.76ms
step:875/1410 train_time:381609ms step_avg:436.12ms
step:876/1410 train_time:382358ms step_avg:436.48ms
step:877/1410 train_time:383111ms step_avg:436.84ms
step:878/1410 train_time:383861ms step_avg:437.20ms
step:879/1410 train_time:384616ms step_avg:437.56ms
step:880/1410 train_time:385365ms step_avg:437.91ms
step:881/1410 train_time:386119ms step_avg:438.27ms
step:882/1410 train_time:386869ms step_avg:438.63ms
step:883/1410 train_time:387625ms step_avg:438.99ms
step:884/1410 train_time:388375ms step_avg:439.34ms
step:885/1410 train_time:389129ms step_avg:439.69ms
step:886/1410 train_time:389880ms step_avg:440.05ms
step:887/1410 train_time:390633ms step_avg:440.40ms
step:888/1410 train_time:391385ms step_avg:440.75ms
step:889/1410 train_time:392138ms step_avg:441.10ms
step:890/1410 train_time:392889ms step_avg:441.45ms
step:891/1410 train_time:393643ms step_avg:441.80ms
step:892/1410 train_time:394391ms step_avg:442.14ms
step:893/1410 train_time:395145ms step_avg:442.49ms
step:894/1410 train_time:395897ms step_avg:442.84ms
step:895/1410 train_time:396650ms step_avg:443.18ms
step:896/1410 train_time:397402ms step_avg:443.53ms
step:897/1410 train_time:398156ms step_avg:443.88ms
step:898/1410 train_time:398907ms step_avg:444.22ms
step:899/1410 train_time:399659ms step_avg:444.56ms
step:900/1410 train_time:400408ms step_avg:444.90ms
step:901/1410 train_time:401164ms step_avg:445.24ms
step:902/1410 train_time:401912ms step_avg:445.58ms
step:903/1410 train_time:402666ms step_avg:445.92ms
step:904/1410 train_time:403416ms step_avg:446.26ms
step:905/1410 train_time:404169ms step_avg:446.60ms
step:906/1410 train_time:404919ms step_avg:446.93ms
step:907/1410 train_time:405673ms step_avg:447.27ms
step:908/1410 train_time:406423ms step_avg:447.60ms
step:909/1410 train_time:407176ms step_avg:447.94ms
step:910/1410 train_time:407925ms step_avg:448.27ms
step:911/1410 train_time:408677ms step_avg:448.60ms
step:912/1410 train_time:409430ms step_avg:448.94ms
step:913/1410 train_time:410185ms step_avg:449.27ms
step:914/1410 train_time:410934ms step_avg:449.60ms
step:915/1410 train_time:411687ms step_avg:449.93ms
step:916/1410 train_time:412438ms step_avg:450.26ms
step:917/1410 train_time:413193ms step_avg:450.59ms
step:918/1410 train_time:413942ms step_avg:450.92ms
step:919/1410 train_time:414696ms step_avg:451.25ms
step:920/1410 train_time:415446ms step_avg:451.57ms
step:921/1410 train_time:416199ms step_avg:451.90ms
step:922/1410 train_time:416951ms step_avg:452.22ms
step:923/1410 train_time:417705ms step_avg:452.55ms
step:924/1410 train_time:418454ms step_avg:452.87ms
step:925/1410 train_time:419209ms step_avg:453.20ms
step:926/1410 train_time:419959ms step_avg:453.52ms
step:927/1410 train_time:420712ms step_avg:453.84ms
step:928/1410 train_time:421462ms step_avg:454.16ms
step:929/1410 train_time:422217ms step_avg:454.49ms
step:930/1410 train_time:422968ms step_avg:454.80ms
step:931/1410 train_time:423722ms step_avg:455.13ms
step:932/1410 train_time:424470ms step_avg:455.44ms
step:933/1410 train_time:425225ms step_avg:455.76ms
step:934/1410 train_time:425976ms step_avg:456.08ms
step:935/1410 train_time:426730ms step_avg:456.40ms
step:936/1410 train_time:427480ms step_avg:456.71ms
step:937/1410 train_time:428233ms step_avg:457.03ms
step:938/1410 train_time:428984ms step_avg:457.34ms
step:939/1410 train_time:429735ms step_avg:457.65ms
step:940/1410 train_time:430485ms step_avg:457.96ms
step:941/1410 train_time:431238ms step_avg:458.28ms
step:942/1410 train_time:431989ms step_avg:458.59ms
step:943/1410 train_time:432745ms step_avg:458.90ms
step:944/1410 train_time:433493ms step_avg:459.21ms
step:945/1410 train_time:434249ms step_avg:459.52ms
step:946/1410 train_time:434998ms step_avg:459.83ms
step:947/1410 train_time:435754ms step_avg:460.14ms
step:948/1410 train_time:436504ms step_avg:460.45ms
step:949/1410 train_time:437258ms step_avg:460.76ms
step:950/1410 train_time:438007ms step_avg:461.06ms
step:951/1410 train_time:438763ms step_avg:461.37ms
step:952/1410 train_time:439512ms step_avg:461.67ms
step:953/1410 train_time:440266ms step_avg:461.98ms
step:954/1410 train_time:441016ms step_avg:462.28ms
step:955/1410 train_time:441770ms step_avg:462.59ms
step:956/1410 train_time:442520ms step_avg:462.89ms
step:957/1410 train_time:443277ms step_avg:463.19ms
step:958/1410 train_time:444027ms step_avg:463.49ms
step:959/1410 train_time:444781ms step_avg:463.80ms
step:960/1410 train_time:445530ms step_avg:464.09ms
step:961/1410 train_time:446285ms step_avg:464.40ms
step:962/1410 train_time:447035ms step_avg:464.69ms
step:963/1410 train_time:447788ms step_avg:464.99ms
step:964/1410 train_time:448538ms step_avg:465.29ms
step:965/1410 train_time:449293ms step_avg:465.59ms
step:966/1410 train_time:450046ms step_avg:465.89ms
step:967/1410 train_time:450799ms step_avg:466.18ms
step:968/1410 train_time:451549ms step_avg:466.48ms
step:969/1410 train_time:452305ms step_avg:466.77ms
step:970/1410 train_time:453055ms step_avg:467.07ms
step:971/1410 train_time:453808ms step_avg:467.36ms
step:972/1410 train_time:454557ms step_avg:467.65ms
step:973/1410 train_time:455313ms step_avg:467.95ms
step:974/1410 train_time:456063ms step_avg:468.24ms
step:975/1410 train_time:456819ms step_avg:468.53ms
step:976/1410 train_time:457568ms step_avg:468.82ms
step:977/1410 train_time:458322ms step_avg:469.11ms
step:978/1410 train_time:459072ms step_avg:469.40ms
step:979/1410 train_time:459827ms step_avg:469.69ms
step:980/1410 train_time:460577ms step_avg:469.98ms
step:981/1410 train_time:461331ms step_avg:470.27ms
step:982/1410 train_time:462080ms step_avg:470.55ms
step:983/1410 train_time:462833ms step_avg:470.84ms
step:984/1410 train_time:463584ms step_avg:471.12ms
step:985/1410 train_time:464338ms step_avg:471.41ms
step:986/1410 train_time:465087ms step_avg:471.69ms
step:987/1410 train_time:465841ms step_avg:471.98ms
step:988/1410 train_time:466591ms step_avg:472.26ms
step:989/1410 train_time:467347ms step_avg:472.54ms
step:990/1410 train_time:468096ms step_avg:472.82ms
step:991/1410 train_time:468850ms step_avg:473.11ms
step:992/1410 train_time:469600ms step_avg:473.39ms
step:993/1410 train_time:470355ms step_avg:473.67ms
step:994/1410 train_time:471104ms step_avg:473.95ms
step:995/1410 train_time:471859ms step_avg:474.23ms
step:996/1410 train_time:472609ms step_avg:474.51ms
step:997/1410 train_time:473363ms step_avg:474.79ms
step:998/1410 train_time:474112ms step_avg:475.06ms
step:999/1410 train_time:474868ms step_avg:475.34ms
step:1000/1410 train_time:475619ms step_avg:475.62ms
step:1000/1410 val_loss:3.4181 train_time:475726ms step_avg:475.73ms
step:1001/1410 train_time:476373ms step_avg:475.90ms
step:1002/1410 train_time:477123ms step_avg:476.17ms
step:1003/1410 train_time:477876ms step_avg:476.45ms
step:1004/1410 train_time:478628ms step_avg:476.72ms
step:1005/1410 train_time:479380ms step_avg:476.99ms
step:1006/1410 train_time:480130ms step_avg:477.27ms
step:1007/1410 train_time:480883ms step_avg:477.54ms
step:1008/1410 train_time:481633ms step_avg:477.81ms
step:1009/1410 train_time:482386ms step_avg:478.08ms
step:1010/1410 train_time:483136ms step_avg:478.35ms
step:1011/1410 train_time:483890ms step_avg:478.63ms
step:1012/1410 train_time:484639ms step_avg:478.89ms
step:1013/1410 train_time:485393ms step_avg:479.16ms
step:1014/1410 train_time:486143ms step_avg:479.43ms
step:1015/1410 train_time:486897ms step_avg:479.70ms
step:1016/1410 train_time:487647ms step_avg:479.97ms
step:1017/1410 train_time:488398ms step_avg:480.23ms
step:1018/1410 train_time:489151ms step_avg:480.50ms
step:1019/1410 train_time:489905ms step_avg:480.77ms
step:1020/1410 train_time:490654ms step_avg:481.03ms
step:1021/1410 train_time:491410ms step_avg:481.30ms
step:1022/1410 train_time:492161ms step_avg:481.57ms
step:1023/1410 train_time:492916ms step_avg:481.83ms
step:1024/1410 train_time:493669ms step_avg:482.10ms
step:1025/1410 train_time:494424ms step_avg:482.36ms
step:1026/1410 train_time:495172ms step_avg:482.62ms
step:1027/1410 train_time:495926ms step_avg:482.89ms
step:1028/1410 train_time:496675ms step_avg:483.15ms
step:1029/1410 train_time:497430ms step_avg:483.41ms
step:1030/1410 train_time:498179ms step_avg:483.67ms
step:1031/1410 train_time:498935ms step_avg:483.93ms
step:1032/1410 train_time:499684ms step_avg:484.19ms
step:1033/1410 train_time:500438ms step_avg:484.45ms
step:1034/1410 train_time:501188ms step_avg:484.71ms
step:1035/1410 train_time:501941ms step_avg:484.97ms
step:1036/1410 train_time:502693ms step_avg:485.22ms
step:1037/1410 train_time:503446ms step_avg:485.48ms
step:1038/1410 train_time:504198ms step_avg:485.74ms
step:1039/1410 train_time:504953ms step_avg:486.00ms
step:1040/1410 train_time:505704ms step_avg:486.25ms
step:1041/1410 train_time:506458ms step_avg:486.51ms
step:1042/1410 train_time:507208ms step_avg:486.76ms
step:1043/1410 train_time:507963ms step_avg:487.02ms
step:1044/1410 train_time:508714ms step_avg:487.27ms
step:1045/1410 train_time:509467ms step_avg:487.53ms
step:1046/1410 train_time:510216ms step_avg:487.78ms
step:1047/1410 train_time:510971ms step_avg:488.03ms
step:1048/1410 train_time:511724ms step_avg:488.29ms
step:1049/1410 train_time:512477ms step_avg:488.54ms
step:1050/1410 train_time:513228ms step_avg:488.79ms
step:1051/1410 train_time:513983ms step_avg:489.04ms
step:1052/1410 train_time:514733ms step_avg:489.29ms
step:1053/1410 train_time:515486ms step_avg:489.54ms
step:1054/1410 train_time:516236ms step_avg:489.79ms
step:1055/1410 train_time:516991ms step_avg:490.04ms
step:1056/1410 train_time:517740ms step_avg:490.28ms
step:1057/1410 train_time:518494ms step_avg:490.53ms
step:1058/1410 train_time:519245ms step_avg:490.78ms
step:1059/1410 train_time:519997ms step_avg:491.03ms
step:1060/1410 train_time:520746ms step_avg:491.27ms
step:1061/1410 train_time:521498ms step_avg:491.52ms
step:1062/1410 train_time:522250ms step_avg:491.76ms
step:1063/1410 train_time:523004ms step_avg:492.01ms
step:1064/1410 train_time:523753ms step_avg:492.25ms
step:1065/1410 train_time:524506ms step_avg:492.49ms
step:1066/1410 train_time:525256ms step_avg:492.74ms
step:1067/1410 train_time:526010ms step_avg:492.98ms
step:1068/1410 train_time:526758ms step_avg:493.22ms
step:1069/1410 train_time:527512ms step_avg:493.46ms
step:1070/1410 train_time:528262ms step_avg:493.70ms
step:1071/1410 train_time:529016ms step_avg:493.95ms
step:1072/1410 train_time:529764ms step_avg:494.18ms
step:1073/1410 train_time:530520ms step_avg:494.43ms
step:1074/1410 train_time:531271ms step_avg:494.67ms
step:1075/1410 train_time:532026ms step_avg:494.91ms
step:1076/1410 train_time:532776ms step_avg:495.15ms
step:1077/1410 train_time:533530ms step_avg:495.39ms
step:1078/1410 train_time:534282ms step_avg:495.62ms
step:1079/1410 train_time:535036ms step_avg:495.86ms
step:1080/1410 train_time:535787ms step_avg:496.10ms
step:1081/1410 train_time:536540ms step_avg:496.34ms
step:1082/1410 train_time:537291ms step_avg:496.57ms
step:1083/1410 train_time:538043ms step_avg:496.81ms
step:1084/1410 train_time:538795ms step_avg:497.04ms
step:1085/1410 train_time:539550ms step_avg:497.28ms
step:1086/1410 train_time:540298ms step_avg:497.51ms
step:1087/1410 train_time:541052ms step_avg:497.75ms
step:1088/1410 train_time:541800ms step_avg:497.98ms
step:1089/1410 train_time:542556ms step_avg:498.21ms
step:1090/1410 train_time:543304ms step_avg:498.44ms
step:1091/1410 train_time:544056ms step_avg:498.68ms
step:1092/1410 train_time:544808ms step_avg:498.91ms
step:1093/1410 train_time:545561ms step_avg:499.14ms
step:1094/1410 train_time:546312ms step_avg:499.37ms
step:1095/1410 train_time:547065ms step_avg:499.60ms
step:1096/1410 train_time:547814ms step_avg:499.83ms
step:1097/1410 train_time:548569ms step_avg:500.06ms
step:1098/1410 train_time:549317ms step_avg:500.29ms
step:1099/1410 train_time:550070ms step_avg:500.52ms
step:1100/1410 train_time:550819ms step_avg:500.74ms
step:1101/1410 train_time:551572ms step_avg:500.97ms
step:1102/1410 train_time:552321ms step_avg:501.20ms
step:1103/1410 train_time:553075ms step_avg:501.43ms
step:1104/1410 train_time:553823ms step_avg:501.65ms
step:1105/1410 train_time:554576ms step_avg:501.88ms
step:1106/1410 train_time:555327ms step_avg:502.10ms
step:1107/1410 train_time:556082ms step_avg:502.33ms
step:1108/1410 train_time:556832ms step_avg:502.56ms
step:1109/1410 train_time:557588ms step_avg:502.78ms
step:1110/1410 train_time:558337ms step_avg:503.01ms
step:1111/1410 train_time:559090ms step_avg:503.23ms
step:1112/1410 train_time:559842ms step_avg:503.46ms
step:1113/1410 train_time:560597ms step_avg:503.68ms
step:1114/1410 train_time:561346ms step_avg:503.90ms
step:1115/1410 train_time:562099ms step_avg:504.12ms
step:1116/1410 train_time:562850ms step_avg:504.35ms
step:1117/1410 train_time:563603ms step_avg:504.57ms
step:1118/1410 train_time:564353ms step_avg:504.79ms
step:1119/1410 train_time:565108ms step_avg:505.01ms
step:1120/1410 train_time:565856ms step_avg:505.23ms
step:1121/1410 train_time:566610ms step_avg:505.45ms
step:1122/1410 train_time:567359ms step_avg:505.67ms
step:1123/1410 train_time:568114ms step_avg:505.89ms
step:1124/1410 train_time:568864ms step_avg:506.11ms
step:1125/1410 train_time:569616ms step_avg:506.33ms
step:1126/1410 train_time:570367ms step_avg:506.54ms
step:1127/1410 train_time:571121ms step_avg:506.76ms
step:1128/1410 train_time:571870ms step_avg:506.98ms
step:1129/1410 train_time:572623ms step_avg:507.19ms
step:1130/1410 train_time:573375ms step_avg:507.41ms
step:1131/1410 train_time:574130ms step_avg:507.63ms
step:1132/1410 train_time:574880ms step_avg:507.84ms
step:1133/1410 train_time:575634ms step_avg:508.06ms
step:1134/1410 train_time:576384ms step_avg:508.27ms
step:1135/1410 train_time:577137ms step_avg:508.49ms
step:1136/1410 train_time:577889ms step_avg:508.70ms
step:1137/1410 train_time:578643ms step_avg:508.92ms
step:1138/1410 train_time:579392ms step_avg:509.13ms
step:1139/1410 train_time:580147ms step_avg:509.35ms
step:1140/1410 train_time:580895ms step_avg:509.56ms
step:1141/1410 train_time:581650ms step_avg:509.77ms
step:1142/1410 train_time:582399ms step_avg:509.98ms
step:1143/1410 train_time:583152ms step_avg:510.19ms
step:1144/1410 train_time:583902ms step_avg:510.40ms
step:1145/1410 train_time:584655ms step_avg:510.62ms
step:1146/1410 train_time:585407ms step_avg:510.83ms
step:1147/1410 train_time:586161ms step_avg:511.04ms
step:1148/1410 train_time:586911ms step_avg:511.25ms
step:1149/1410 train_time:587663ms step_avg:511.46ms
step:1150/1410 train_time:588412ms step_avg:511.66ms
step:1151/1410 train_time:589168ms step_avg:511.88ms
step:1152/1410 train_time:589918ms step_avg:512.08ms
step:1153/1410 train_time:590671ms step_avg:512.29ms
step:1154/1410 train_time:591421ms step_avg:512.50ms
step:1155/1410 train_time:592175ms step_avg:512.71ms
step:1156/1410 train_time:592926ms step_avg:512.91ms
step:1157/1410 train_time:593680ms step_avg:513.12ms
step:1158/1410 train_time:594429ms step_avg:513.32ms
step:1159/1410 train_time:595183ms step_avg:513.53ms
step:1160/1410 train_time:595932ms step_avg:513.73ms
step:1161/1410 train_time:596684ms step_avg:513.94ms
step:1162/1410 train_time:597435ms step_avg:514.14ms
step:1163/1410 train_time:598190ms step_avg:514.35ms
step:1164/1410 train_time:598939ms step_avg:514.55ms
step:1165/1410 train_time:599693ms step_avg:514.76ms
step:1166/1410 train_time:600443ms step_avg:514.96ms
step:1167/1410 train_time:601197ms step_avg:515.16ms
step:1168/1410 train_time:601947ms step_avg:515.37ms
step:1169/1410 train_time:602701ms step_avg:515.57ms
step:1170/1410 train_time:603451ms step_avg:515.77ms
step:1171/1410 train_time:604203ms step_avg:515.97ms
step:1172/1410 train_time:604952ms step_avg:516.17ms
step:1173/1410 train_time:605707ms step_avg:516.37ms
step:1174/1410 train_time:606455ms step_avg:516.57ms
step:1175/1410 train_time:607209ms step_avg:516.77ms
step:1176/1410 train_time:607960ms step_avg:516.97ms
step:1177/1410 train_time:608714ms step_avg:517.17ms
step:1178/1410 train_time:609465ms step_avg:517.37ms
step:1179/1410 train_time:610217ms step_avg:517.57ms
step:1180/1410 train_time:610967ms step_avg:517.77ms
step:1181/1410 train_time:611720ms step_avg:517.97ms
step:1182/1410 train_time:612468ms step_avg:518.16ms
step:1183/1410 train_time:613222ms step_avg:518.36ms
step:1184/1410 train_time:613969ms step_avg:518.56ms
step:1185/1410 train_time:614723ms step_avg:518.75ms
step:1186/1410 train_time:615471ms step_avg:518.95ms
step:1187/1410 train_time:616228ms step_avg:519.15ms
step:1188/1410 train_time:616976ms step_avg:519.34ms
step:1189/1410 train_time:617730ms step_avg:519.54ms
step:1190/1410 train_time:618482ms step_avg:519.73ms
step:1191/1410 train_time:619234ms step_avg:519.93ms
step:1192/1410 train_time:619986ms step_avg:520.12ms
step:1193/1410 train_time:620740ms step_avg:520.32ms
step:1194/1410 train_time:621489ms step_avg:520.51ms
step:1195/1410 train_time:622241ms step_avg:520.70ms
step:1196/1410 train_time:622992ms step_avg:520.90ms
step:1197/1410 train_time:623746ms step_avg:521.09ms
step:1198/1410 train_time:624494ms step_avg:521.28ms
step:1199/1410 train_time:625249ms step_avg:521.48ms
step:1200/1410 train_time:625998ms step_avg:521.66ms
step:1201/1410 train_time:626751ms step_avg:521.86ms
step:1202/1410 train_time:627501ms step_avg:522.05ms
step:1203/1410 train_time:628255ms step_avg:522.24ms
step:1204/1410 train_time:629006ms step_avg:522.43ms
step:1205/1410 train_time:629759ms step_avg:522.62ms
step:1206/1410 train_time:630510ms step_avg:522.81ms
step:1207/1410 train_time:631262ms step_avg:523.00ms
step:1208/1410 train_time:632011ms step_avg:523.19ms
step:1209/1410 train_time:632765ms step_avg:523.38ms
step:1210/1410 train_time:633513ms step_avg:523.56ms
step:1211/1410 train_time:634266ms step_avg:523.75ms
step:1212/1410 train_time:635014ms step_avg:523.94ms
step:1213/1410 train_time:635768ms step_avg:524.13ms
step:1214/1410 train_time:636518ms step_avg:524.31ms
step:1215/1410 train_time:637272ms step_avg:524.50ms
step:1216/1410 train_time:638021ms step_avg:524.69ms
step:1217/1410 train_time:638777ms step_avg:524.88ms
step:1218/1410 train_time:639527ms step_avg:525.06ms
step:1219/1410 train_time:640282ms step_avg:525.25ms
step:1220/1410 train_time:641033ms step_avg:525.44ms
step:1221/1410 train_time:641787ms step_avg:525.62ms
step:1222/1410 train_time:642534ms step_avg:525.81ms
step:1223/1410 train_time:643289ms step_avg:525.99ms
step:1224/1410 train_time:644039ms step_avg:526.18ms
step:1225/1410 train_time:644793ms step_avg:526.36ms
step:1226/1410 train_time:645542ms step_avg:526.54ms
step:1227/1410 train_time:646298ms step_avg:526.73ms
step:1228/1410 train_time:647047ms step_avg:526.91ms
step:1229/1410 train_time:647799ms step_avg:527.09ms
step:1230/1410 train_time:648549ms step_avg:527.28ms
step:1231/1410 train_time:649303ms step_avg:527.46ms
step:1232/1410 train_time:650051ms step_avg:527.64ms
step:1233/1410 train_time:650805ms step_avg:527.82ms
step:1234/1410 train_time:651555ms step_avg:528.00ms
step:1235/1410 train_time:652309ms step_avg:528.19ms
step:1236/1410 train_time:653060ms step_avg:528.37ms
step:1237/1410 train_time:653815ms step_avg:528.55ms
step:1238/1410 train_time:654565ms step_avg:528.73ms
step:1239/1410 train_time:655320ms step_avg:528.91ms
step:1240/1410 train_time:656072ms step_avg:529.09ms
step:1241/1410 train_time:656827ms step_avg:529.27ms
step:1242/1410 train_time:657576ms step_avg:529.45ms
step:1243/1410 train_time:658329ms step_avg:529.63ms
step:1244/1410 train_time:659078ms step_avg:529.81ms
step:1245/1410 train_time:659832ms step_avg:529.99ms
step:1246/1410 train_time:660581ms step_avg:530.16ms
step:1247/1410 train_time:661334ms step_avg:530.34ms
step:1248/1410 train_time:662082ms step_avg:530.51ms
step:1249/1410 train_time:662836ms step_avg:530.69ms
step:1250/1410 train_time:663586ms step_avg:530.87ms
step:1250/1410 val_loss:3.2991 train_time:663699ms step_avg:530.96ms
step:1251/1410 train_time:664351ms step_avg:531.06ms
step:1252/1410 train_time:665106ms step_avg:531.24ms
step:1253/1410 train_time:665864ms step_avg:531.42ms
step:1254/1410 train_time:666618ms step_avg:531.59ms
step:1255/1410 train_time:667374ms step_avg:531.77ms
step:1255/1410 val_loss:3.2924 train_time:667544ms step_avg:531.91ms final_eval
step:1256/1410 train_time:668230ms step_avg:532.03ms
step:1257/1410 train_time:668990ms step_avg:532.21ms
step:1258/1410 train_time:669746ms step_avg:532.39ms
step:1259/1410 train_time:670503ms step_avg:532.57ms
step:1260/1410 train_time:671255ms step_avg:532.74ms
step:1260/1410 val_loss:3.2908 train_time:671362ms step_avg:532.83ms final_eval
step:1261/1410 train_time:672011ms step_avg:532.92ms
step:1262/1410 train_time:672762ms step_avg:533.09ms
step:1263/1410 train_time:673520ms step_avg:533.27ms
step:1264/1410 train_time:674273ms step_avg:533.44ms
step:1265/1410 train_time:675030ms step_avg:533.62ms
step:1265/1410 val_loss:3.2897 train_time:675131ms step_avg:533.70ms final_eval
step:1266/1410 train_time:675783ms step_avg:533.79ms
step:1267/1410 train_time:676542ms step_avg:533.97ms
step:1268/1410 train_time:677296ms step_avg:534.14ms
step:1269/1410 train_time:678055ms step_avg:534.32ms
step:1270/1410 train_time:678807ms step_avg:534.49ms
step:1270/1410 val_loss:3.2882 train_time:678915ms step_avg:534.58ms final_eval
step:1271/1410 train_time:679565ms step_avg:534.67ms
step:1272/1410 train_time:680319ms step_avg:534.84ms
step:1273/1410 train_time:681076ms step_avg:535.02ms
step:1274/1410 train_time:681827ms step_avg:535.19ms
step:1275/1410 train_time:682586ms step_avg:535.36ms
step:1275/1410 val_loss:3.2870 train_time:682686ms step_avg:535.44ms final_eval
step:1276/1410 train_time:683341ms step_avg:535.53ms
step:1277/1410 train_time:684097ms step_avg:535.71ms
step:1278/1410 train_time:684851ms step_avg:535.88ms
step:1279/1410 train_time:685608ms step_avg:536.05ms
step:1280/1410 train_time:686362ms step_avg:536.22ms
step:1280/1410 val_loss:3.2858 train_time:686469ms step_avg:536.30ms final_eval
step:1281/1410 train_time:687118ms step_avg:536.39ms
step:1282/1410 train_time:687867ms step_avg:536.56ms
step:1283/1410 train_time:688625ms step_avg:536.73ms
step:1284/1410 train_time:689377ms step_avg:536.90ms
step:1285/1410 train_time:690135ms step_avg:537.07ms
step:1285/1410 val_loss:3.2851 train_time:690237ms step_avg:537.15ms final_eval
step:1286/1410 train_time:690887ms step_avg:537.24ms
step:1287/1410 train_time:691646ms step_avg:537.41ms
step:1288/1410 train_time:692401ms step_avg:537.58ms
step:1289/1410 train_time:693157ms step_avg:537.75ms
step:1290/1410 train_time:693910ms step_avg:537.91ms
step:1290/1410 val_loss:3.2840 train_time:694017ms step_avg:538.00ms final_eval
step:1291/1410 train_time:694665ms step_avg:538.08ms
step:1292/1410 train_time:695418ms step_avg:538.25ms
step:1293/1410 train_time:696176ms step_avg:538.42ms
step:1294/1410 train_time:696926ms step_avg:538.58ms
step:1295/1410 train_time:697684ms step_avg:538.75ms
step:1295/1410 val_loss:3.2833 train_time:697785ms step_avg:538.83ms final_eval
step:1296/1410 train_time:698438ms step_avg:538.92ms
step:1297/1410 train_time:699198ms step_avg:539.09ms
step:1298/1410 train_time:699952ms step_avg:539.25ms
step:1299/1410 train_time:700707ms step_avg:539.42ms
step:1300/1410 train_time:701461ms step_avg:539.59ms
step:1300/1410 val_loss:3.2821 train_time:701569ms step_avg:539.67ms final_eval
step:1301/1410 train_time:702217ms step_avg:539.75ms
step:1302/1410 train_time:702968ms step_avg:539.91ms
step:1303/1410 train_time:703726ms step_avg:540.08ms
step:1304/1410 train_time:704481ms step_avg:540.25ms
step:1305/1410 train_time:705236ms step_avg:540.41ms
step:1305/1410 val_loss:3.2813 train_time:705337ms step_avg:540.49ms final_eval
step:1306/1410 train_time:705988ms step_avg:540.57ms
step:1307/1410 train_time:706747ms step_avg:540.74ms
step:1308/1410 train_time:707501ms step_avg:540.90ms
step:1309/1410 train_time:708258ms step_avg:541.07ms
step:1310/1410 train_time:709013ms step_avg:541.23ms
step:1310/1410 val_loss:3.2804 train_time:709120ms step_avg:541.31ms final_eval
step:1311/1410 train_time:709770ms step_avg:541.40ms
step:1312/1410 train_time:710525ms step_avg:541.56ms
step:1313/1410 train_time:711284ms step_avg:541.72ms
step:1314/1410 train_time:712038ms step_avg:541.89ms
step:1315/1410 train_time:712790ms step_avg:542.05ms
step:1315/1410 val_loss:3.2796 train_time:712892ms step_avg:542.12ms final_eval
step:1316/1410 train_time:713544ms step_avg:542.21ms
step:1317/1410 train_time:714301ms step_avg:542.37ms
step:1318/1410 train_time:715055ms step_avg:542.53ms
step:1319/1410 train_time:715813ms step_avg:542.69ms
step:1320/1410 train_time:716564ms step_avg:542.85ms
step:1320/1410 val_loss:3.2787 train_time:716672ms step_avg:542.93ms final_eval
step:1321/1410 train_time:717321ms step_avg:543.01ms
step:1322/1410 train_time:718075ms step_avg:543.17ms
step:1323/1410 train_time:718831ms step_avg:543.33ms
step:1324/1410 train_time:719583ms step_avg:543.49ms
step:1325/1410 train_time:720340ms step_avg:543.65ms
step:1325/1410 val_loss:3.2780 train_time:720443ms step_avg:543.73ms final_eval
step:1326/1410 train_time:721095ms step_avg:543.81ms
step:1327/1410 train_time:721855ms step_avg:543.97ms
step:1328/1410 train_time:722607ms step_avg:544.13ms
step:1329/1410 train_time:723367ms step_avg:544.29ms
step:1330/1410 train_time:724117ms step_avg:544.45ms
step:1330/1410 val_loss:3.2770 train_time:724225ms step_avg:544.53ms final_eval
step:1331/1410 train_time:724875ms step_avg:544.61ms
step:1332/1410 train_time:725628ms step_avg:544.77ms
step:1333/1410 train_time:726385ms step_avg:544.92ms
step:1334/1410 train_time:727138ms step_avg:545.08ms
step:1335/1410 train_time:727892ms step_avg:545.24ms
step:1335/1410 val_loss:3.2765 train_time:727994ms step_avg:545.31ms final_eval
step:1336/1410 train_time:728644ms step_avg:545.39ms
step:1337/1410 train_time:729403ms step_avg:545.55ms
step:1338/1410 train_time:730157ms step_avg:545.71ms
step:1339/1410 train_time:730915ms step_avg:545.87ms
step:1340/1410 train_time:731667ms step_avg:546.02ms
step:1340/1410 val_loss:3.2756 train_time:731775ms step_avg:546.10ms final_eval
step:1341/1410 train_time:732427ms step_avg:546.18ms
step:1342/1410 train_time:733181ms step_avg:546.33ms
step:1343/1410 train_time:733939ms step_avg:546.49ms
step:1344/1410 train_time:734695ms step_avg:546.65ms
step:1345/1410 train_time:735451ms step_avg:546.80ms
step:1345/1410 val_loss:3.2748 train_time:735552ms step_avg:546.88ms final_eval
step:1346/1410 train_time:736204ms step_avg:546.96ms
step:1347/1410 train_time:736962ms step_avg:547.11ms
step:1348/1410 train_time:737716ms step_avg:547.27ms
step:1349/1410 train_time:738475ms step_avg:547.42ms
step:1350/1410 train_time:739227ms step_avg:547.58ms
step:1350/1410 val_loss:3.2741 train_time:739335ms step_avg:547.66ms final_eval
step:1351/1410 train_time:739987ms step_avg:547.73ms
step:1352/1410 train_time:740741ms step_avg:547.89ms
step:1353/1410 train_time:741495ms step_avg:548.04ms
step:1354/1410 train_time:742250ms step_avg:548.19ms
step:1355/1410 train_time:743008ms step_avg:548.35ms
step:1355/1410 val_loss:3.2736 train_time:743110ms step_avg:548.42ms final_eval
step:1356/1410 train_time:743764ms step_avg:548.50ms
step:1357/1410 train_time:744521ms step_avg:548.65ms
step:1358/1410 train_time:745277ms step_avg:548.80ms
step:1359/1410 train_time:746034ms step_avg:548.96ms
step:1360/1410 train_time:746787ms step_avg:549.11ms
step:1360/1410 val_loss:3.2725 train_time:746895ms step_avg:549.19ms final_eval
step:1361/1410 train_time:747544ms step_avg:549.26ms
step:1362/1410 train_time:748300ms step_avg:549.41ms
step:1363/1410 train_time:749059ms step_avg:549.57ms
step:1364/1410 train_time:749812ms step_avg:549.72ms
step:1365/1410 train_time:750568ms step_avg:549.87ms
step:1365/1410 val_loss:3.2719 train_time:750669ms step_avg:549.94ms final_eval
step:1366/1410 train_time:751319ms step_avg:550.01ms
step:1367/1410 train_time:752077ms step_avg:550.17ms
step:1368/1410 train_time:752831ms step_avg:550.31ms
step:1369/1410 train_time:753587ms step_avg:550.47ms
step:1370/1410 train_time:754340ms step_avg:550.61ms
step:1370/1410 val_loss:3.2710 train_time:754447ms step_avg:550.69ms final_eval
step:1371/1410 train_time:755098ms step_avg:550.76ms
step:1372/1410 train_time:755853ms step_avg:550.91ms
step:1373/1410 train_time:756613ms step_avg:551.07ms
step:1374/1410 train_time:757365ms step_avg:551.21ms
step:1375/1410 train_time:758121ms step_avg:551.36ms
step:1375/1410 val_loss:3.2702 train_time:758222ms step_avg:551.43ms final_eval
step:1376/1410 train_time:758877ms step_avg:551.51ms
step:1377/1410 train_time:759634ms step_avg:551.66ms
step:1378/1410 train_time:760388ms step_avg:551.81ms
step:1379/1410 train_time:761146ms step_avg:551.95ms
step:1380/1410 train_time:761901ms step_avg:552.10ms
step:1380/1410 val_loss:3.2691 train_time:762008ms step_avg:552.18ms final_eval
step:1381/1410 train_time:762658ms step_avg:552.25ms
step:1382/1410 train_time:763412ms step_avg:552.40ms
step:1383/1410 train_time:764171ms step_avg:552.55ms
step:1384/1410 train_time:764924ms step_avg:552.69ms
step:1385/1410 train_time:765680ms step_avg:552.84ms
step:1385/1410 val_loss:3.2683 train_time:765781ms step_avg:552.91ms final_eval
step:1386/1410 train_time:766435ms step_avg:552.98ms
step:1387/1410 train_time:767192ms step_avg:553.13ms
step:1388/1410 train_time:767946ms step_avg:553.28ms
step:1389/1410 train_time:768704ms step_avg:553.42ms
step:1390/1410 train_time:769457ms step_avg:553.57ms
step:1390/1410 val_loss:3.2674 train_time:769565ms step_avg:553.64ms final_eval
step:1391/1410 train_time:770213ms step_avg:553.71ms
step:1392/1410 train_time:770966ms step_avg:553.86ms
step:1393/1410 train_time:771726ms step_avg:554.00ms
step:1394/1410 train_time:772479ms step_avg:554.15ms
step:1395/1410 train_time:773234ms step_avg:554.29ms
step:1395/1410 val_loss:3.2666 train_time:773337ms step_avg:554.36ms final_eval
step:1396/1410 train_time:773990ms step_avg:554.43ms
step:1397/1410 train_time:774749ms step_avg:554.58ms
step:1398/1410 train_time:775503ms step_avg:554.72ms
step:1399/1410 train_time:776261ms step_avg:554.87ms
step:1400/1410 train_time:777017ms step_avg:555.01ms
step:1400/1410 val_loss:3.2658 train_time:777123ms step_avg:555.09ms final_eval
step:1401/1410 train_time:777773ms step_avg:555.16ms
step:1402/1410 train_time:778526ms step_avg:555.30ms
step:1403/1410 train_time:779287ms step_avg:555.44ms
step:1404/1410 train_time:780041ms step_avg:555.58ms
step:1405/1410 train_time:780797ms step_avg:555.73ms
step:1405/1410 val_loss:3.2651 train_time:780899ms step_avg:555.80ms final_eval
step:1406/1410 train_time:781552ms step_avg:555.87ms
step:1407/1410 train_time:782310ms step_avg:556.01ms
step:1408/1410 train_time:783065ms step_avg:556.15ms
step:1409/1410 train_time:783821ms step_avg:556.30ms
step:1410/1410 train_time:784572ms step_avg:556.43ms
step:1410/1410 val_loss:3.2645 train_time:784681ms step_avg:556.51ms final_eval
adaptive softmax tail rows on rank 0: cluster 1 needed by 11.53% of rows, 0.000% of those over capacity, cluster 2 needed by 5.35% of rows, 0.000% of those over capacity
peak memory allocated: 39587 MiB reserved: 50600 MiB
